Component: ARM Compiler 5.06 (build 20) Tool: armlink [4d35a3]

==============================================================================

Small function inlining results

Inlined function __aeabi_idiv0 from aeabi_idiv0.o at offset 0x1e2 in aeabi_sdivfast.o(.text).
Inlined Instruction: BX       lr
Inlined function __aeabi_idiv0 from aeabi_idiv0.o at offset 0x1e2 in aeabi_sdivfast_div0.o(.text).
Inlined Instruction: BX       lr
Inlined function _platform_pre_stackheap_init from boardinit1.o at offset 0x0 in __rtentry2.o(.ARM.Collect$$rtentry$$00000001).
Inlined Instruction: BX       lr
Inlined function _fp_init from fpinit.o at offset 0x0 in libinit2.o(.ARM.Collect$$libinit$$00000001).
Inlined Instruction: BX       lr
Inlined function _platform_pre_lib_shutdown from boardshut.o at offset 0x0 in rtexit2.o(.ARM.Collect$$rtexit$$00000001).
Inlined Instruction: BX       lr
Inlined function __ARM_get_argv from no_argv.o at offset 0x2 in argv_veneer.o(.text).
Inlined Instruction: BX       lr
Inlined total of 6 calls.

==============================================================================

Section Cross References

    system_isd9100.o(i.SystemCoreClockUpdate) refers to aeabi_sdivfast.o(.text) for __aeabi_uidivmod
    system_isd9100.o(i.SystemCoreClockUpdate) refers to system_isd9100.o(.data) for gau32ClkSrcTbl
    startup_isd9100.o(STACK) refers (Special) to heapauxi.o(.text) for __use_two_region_memory
    startup_isd9100.o(HEAP) refers (Special) to heapauxi.o(.text) for __use_two_region_memory
    startup_isd9100.o(RESET) refers (Special) to heapauxi.o(.text) for __use_two_region_memory
    startup_isd9100.o(RESET) refers to startup_isd9100.o(STACK) for __initial_sp
    startup_isd9100.o(RESET) refers to startup_isd9100.o(.text) for Reset_Handler
    startup_isd9100.o(RESET) refers to timer_ctrl.o(i.SysTick_Handler) for SysTick_Handler
    startup_isd9100.o(RESET) refers to main.o(i.EINT0_IRQHandler) for EINT0_IRQHandler
    startup_isd9100.o(RESET) refers to main.o(i.EINT1_IRQHandler) for EINT1_IRQHandler
    startup_isd9100.o(RESET) refers to main.o(i.GPAB_IRQHandler) for GPAB_IRQHandler
    startup_isd9100.o(RESET) refers to timer_ctrl.o(i.TMR0_IRQHandler) for TMR0_IRQHandler
    startup_isd9100.o(RESET) refers to main.o(i.UART0_IRQHandler) for UART0_IRQHandler
    startup_isd9100.o(RESET) refers to mpu6050.o(i.I2C0_IRQHandler) for I2C0_IRQHandler
    startup_isd9100.o(.text) refers (Special) to heapauxi.o(.text) for __use_two_region_memory
    startup_isd9100.o(.text) refers to __main.o(!!!main) for __main
    startup_isd9100.o(.text) refers to startup_isd9100.o(HEAP) for Heap_Mem
    startup_isd9100.o(.text) refers to startup_isd9100.o(STACK) for Stack_Mem
    main.o(i.ADC_Init) refers to clk.o(i.CLK_EnableModuleClock) for CLK_EnableModuleClock
    main.o(i.ADC_Init) refers to sys.o(i.SYS_ResetModule) for SYS_ResetModule
    main.o(i.ADC_Init) refers to adc.o(i.ADC_SetPGAGaindB) for ADC_SetPGAGaindB
    main.o(i.ADC_Init) refers to adc.o(i.ADC_EnableMICBias) for ADC_EnableMICBias
    main.o(i.ADC_Init) refers to adc.o(i.ADC_SetAMUX) for ADC_SetAMUX
    main.o(i.ADC_Init) refers to adc.o(i.ADC_Open) for ADC_Open
    main.o(i.ADC_Init) refers to clk.o(i.CLK_GetHIRCFreq) for CLK_GetHIRCFreq
    main.o(i.ADC_Init) refers to aeabi_sdivfast.o(.text) for __aeabi_uidivmod
    main.o(i.ADC_SingleModeTest) refers to main.o(i.ADC_Init) for ADC_Init
    main.o(i.ADC_SingleModeTest) refers to adc.o(i.ADC_SetGPIOChannel) for ADC_SetGPIOChannel
    main.o(i.ADC_SingleModeTest) refers to adc.o(i.ADC_EnableInt) for ADC_EnableInt
    main.o(i.ADC_SingleModeTest) refers to adc.o(i.ADC_GetIntFlag) for ADC_GetIntFlag
    main.o(i.AccCalibrationZ) refers to acccalibrate.o(i.nvtCalACCInit) for nvtCalACCInit
    main.o(i.AccCalibrationZ) refers to timer_ctrl.o(i.DelayMsec) for DelayMsec
    main.o(i.AccCalibrationZ) refers to mpu6050.o(i.Read_MPU6050_AccX) for Read_MPU6050_AccX
    main.o(i.AccCalibrationZ) refers to mpu6050.o(i.Read_MPU6050_AccY) for Read_MPU6050_AccY
    main.o(i.AccCalibrationZ) refers to mpu6050.o(i.Read_MPU6050_AccZ) for Read_MPU6050_AccZ
    main.o(i.AccCalibrationZ) refers to ahrslib.o(i.nvtInputSensorRawACC) for nvtInputSensorRawACC
    main.o(i.AccCalibrationZ) refers to acccalibrate.o(i.nvtCalACCBufferFill) for nvtCalACCBufferFill
    main.o(i.AccCalibrationZ) refers to main.o(.data) for rawACC
    main.o(i.GPAB_IRQHandler) refers to main.o(.constdata) for platform_gpio_pins
    main.o(i.GPAB_IRQHandler) refers to main.o(.data) for KEY1_Flag
    main.o(i.Init_AHRS) refers to timer_ctrl.o(i.TIMER_Init) for TIMER_Init
    main.o(i.Init_AHRS) refers to timer_ctrl.o(i.setup_system_tick) for setup_system_tick
    main.o(i.Init_AHRS) refers to ahrslib.o(i.nvtAHRSInit) for nvtAHRSInit
    main.o(i.Init_AHRS) refers to ahrslib.o(i.nvtSetAccScale) for nvtSetAccScale
    main.o(i.Init_AHRS) refers to ahrslib.o(i.nvtSetAccOffset) for nvtSetAccOffset
[...]
    i.nvtInputSensorRawGYRO                  0x00004cc4   Section        0  ahrslib.o(i.nvtInputSensorRawGYRO)
    i.nvtMillisecondTick                     0x00004d1c   Section        0  ahrslib.o(i.nvtMillisecondTick)
    i.nvtSetAccG_PER_LSB                     0x00004d34   Section        0  acccalibrate.o(i.nvtSetAccG_PER_LSB)
    i.nvtSetAccOffset                        0x00004d40   Section        0  ahrslib.o(i.nvtSetAccOffset)
    i.nvtSetAccScale                         0x00004d54   Section        0  ahrslib.o(i.nvtSetAccScale)
    i.nvtSetGYRODegPLSB                      0x00004d68   Section        0  gyrocalibrate.o(i.nvtSetGYRODegPLSB)
    i.nvtSetGyroOffset                       0x00004d74   Section        0  ahrslib.o(i.nvtSetGyroOffset)
    i.nvtSetGyroScale                        0x00004d88   Section        0  ahrslib.o(i.nvtSetGyroScale)
    i.nvtUpdateAHRS                          0x00004d9c   Section        0  ahrslib.o(i.nvtUpdateAHRS)
    i.pushBuffer                             0x00004e64   Section        0  gyrodriftcalibrate.o(i.pushBuffer)
    i.quickSortIterative                     0x00004e9a   Section        0  gyrodriftcalibrate.o(i.quickSortIterative)
    i.reset_calibration_matrices             0x00004f50   Section        0  gauss_newton_calibrate.o(i.reset_calibration_matrices)
    i.sensfusion6GetAccZWithoutGravity       0x00004f84   Section        0  sensorfusion6.o(i.sensfusion6GetAccZWithoutGravity)
    i.sensfusion6GetEulerRPY                 0x00004fc4   Section        0  sensorfusion6.o(i.sensfusion6GetEulerRPY)
    i.sensfusion6UpdateMagByEuler            0x00004fdc   Section        0  sensorfusion6.o(i.sensfusion6UpdateMagByEuler)
    i.sensfusion6UpdateQ                     0x000051a0   Section        0  sensorfusion6.o(i.sensfusion6UpdateQ)
    i.sensfusion9UpdateQ                     0x00005588   Section        0  sensorfusion6.o(i.sensfusion9UpdateQ)
    i.setup_system_tick                      0x00005bcc   Section        0  timer_ctrl.o(i.setup_system_tick)
    i.sin                                    0x00005c18   Section        0  sin.o(i.sin)
    i.sqrt                                   0x00005cb4   Section        0  sqrt.o(i.sqrt)
    i.update_calibration_matrices            0x00005cfc   Section        0  gauss_newton_calibrate.o(i.update_calibration_matrices)
    x$fpl$drleqf                             0x00005dc8   Section      104  drlef.o(x$fpl$drleqf)
    x$fpl$fadd                               0x00005e30   Section      140  faddsub.o(x$fpl$fadd)
    _fadd1                                   0x00005e3d   Thumb Code     0  faddsub.o(x$fpl$fadd)
    x$fpl$fleqf                              0x00005ebc   Section       84  flef.o(x$fpl$fleqf)
    x$fpl$fmul                               0x00005f10   Section      176  fmul.o(x$fpl$fmul)
    x$fpl$frleqf                             0x00005fc0   Section       88  frlef.o(x$fpl$frleqf)
    x$fpl$frsb                               0x00006018   Section       24  faddsub.o(x$fpl$frsb)
    x$fpl$fsub                               0x00006030   Section      208  faddsub.o(x$fpl$fsub)
    _fsub1                                   0x0000603d   Thumb Code     0  faddsub.o(x$fpl$fsub)
    .constdata                               0x00006100   Section      180  main.o(.constdata)
    x$fpl$usenofp                            0x00006100   Section        0  usenofp.o(x$fpl$usenofp)
    .constdata                               0x000061b4   Section       12  gyrodriftcalibrate.o(.constdata)
    .constdata                               0x000061c0   Section       40  _printf_hex_int.o(.constdata)
    uc_hextab                                0x000061c0   Data          20  _printf_hex_int.o(.constdata)
    lc_hextab                                0x000061d4   Data          20  _printf_hex_int.o(.constdata)
    .constdata                               0x000061e8   Section      128  ddiv.o(.constdata)
    ddiv_reciptbl                            0x000061e8   Data         128  ddiv.o(.constdata)
    .constdata                               0x00006268   Section       64  fdiv.o(.constdata)
    fdiv_tab                                 0x00006268   Data          64  fdiv.o(.constdata)
    .constdata                               0x000062a8   Section      152  atan.o(.constdata)
    atanhi                                   0x000062a8   Data          32  atan.o(.constdata)
    atanlo                                   0x000062c8   Data          32  atan.o(.constdata)
    aTodd                                    0x000062e8   Data          40  atan.o(.constdata)
    aTeven                                   0x00006310   Data          48  atan.o(.constdata)
    .constdata                               0x00006340   Section       48  cos_i.o(.constdata)
    C                                        0x00006340   Data          48  cos_i.o(.constdata)
    .constdata                               0x00006370   Section        8  qnan.o(.constdata)
    .constdata                               0x00006378   Section      200  rred.o(.constdata)
    pio2s                                    0x00006378   Data          48  rred.o(.constdata)
    twooverpi                                0x000063a8   Data         152  rred.o(.constdata)
    .constdata                               0x00006440   Section       40  sin_i.o(.constdata)
    S                                        0x00006440   Data          40  sin_i.o(.constdata)
    .data                                    0x20000000   Section       28  system_isd9100.o(.data)
    .data                                    0x2000001c   Section      140  main.o(.data)
    Count                                    0x200000a4   Data           4  main.o(.data)
    .data                                    0x200000a8   Section       12  mpu6050.o(.data)
    s_I2C0HandlerFn                          0x200000b0   Data           4  mpu6050.o(.data)
    .data                                    0x200000b4   Section       40  timer_ctrl.o(.data)
    FC_Last                                  0x200000d4   Data           4  timer_ctrl.o(.data)
    FC_Last                                  0x200000d8   Data           4  timer_ctrl.o(.data)
    .data                                    0x200000dc   Section        8  retarget.o(.data)
    .data                                    0x200000e4   Section       18  ahrslib.o(.data)
    accelLPF                                 0x200000f0   Data           6  ahrslib.o(.data)
    .data                                    0x200000f6   Section        1  acccalibrate.o(.data)
    .data                                    0x200000f8   Section        8  magcalibrate.o(.data)
    .data                                    0x20000100   Section       20  security.o(.data)
    PID                                      0x20000100   Data           4  security.o(.data)
    .data                                    0x20000114   Section       16  accfilter.o(.data)
    imuAccLpfAttFactor                       0x20000114   Data           1  accfilter.o(.data)
    accLPF32                                 0x20000118   Data          12  accfilter.o(.data)
    .data                                    0x20000124   Section      136  sensorfusion6.o(.data)
    .bss                                     0x200001ac   Section      150  main.o(.bss)
    .bss                                     0x20000244   Section       48  timer_ctrl.o(.bss)
    .bss                                     0x20000274   Section      804  ahrslib.o(.bss)
    .bss                                     0x20000598   Section      432  acccalibrate.o(.bss)
    .bss                                     0x20000748   Section       28  security.o(.bss)
    UID                                      0x20000748   Data          12  security.o(.bss)
    UCID                                     0x20000754   Data          16  security.o(.bss)
    .bss                                     0x20000764   Section       24  accfilter.o(.bss)
    accelStoredFilterValues                  0x20000764   Data          12  accfilter.o(.bss)
    accSmooth                                0x20000770   Data          12  accfilter.o(.bss)
    .bss                                     0x2000077c   Section     2620  gyrodriftcalibrate.o(.bss)
    gyroDrift                                0x2000077c   Data        1596  gyrodriftcalibrate.o(.bss)
    .bss                                     0x200011b8   Section      660  gauss_newton_calibrate.o(.bss)
    Ellipsoid                                0x200011b8   Data          36  gauss_newton_calibrate.o(.bss)
    beta                                     0x200011dc   Data          40  gauss_newton_calibrate.o(.bss)
    beta_min                                 0x20001204   Data          40  gauss_newton_calibrate.o(.bss)
    beta_mag                                 0x2000122c   Data          40  gauss_newton_calibrate.o(.bss)
    beta_acc                                 0x20001254   Data          24  gauss_newton_calibrate.o(.bss)
    JS                                       0x2000126c   Data         400  gauss_newton_calibrate.o(.bss)
    dS                                       0x200013fc   Data          40  gauss_newton_calibrate.o(.bss)
    delta                                    0x20001424   Data          40  gauss_newton_calibrate.o(.bss)
    .bss                                     0x2000144c   Section       96  sensorfusion6.o(.bss)
    motion                                   0x2000144c   Data          12  sensorfusion6.o(.bss)
    motionlast                               0x20001458   Data          12  sensorfusion6.o(.bss)
    .bss                                     0x200014ac   Section       96  libspace.o(.bss)
    HEAP                                     0x20001510   Section      512  startup_isd9100.o(HEAP)
    Heap_Mem                                 0x20001510   Data         512  startup_isd9100.o(HEAP)
    STACK                                    0x20001710   Section     1024  startup_isd9100.o(STACK)
    Stack_Mem                                0x20001710   Data        1024  startup_isd9100.o(STACK)
    __initial_sp                             0x20001b10   Data           0  startup_isd9100.o(STACK)

    Global Symbols

    Symbol Name                              Value     Ov Type        Size  Object(Section)

    BuildAttributes$$THM_ISAv3M$S$PE$A:L22$X:L11$S22$IEEE1$IW$USESV6$~STKCKD$USESV7$~SHL$OTIME$ROPI$IEEEX$EBA8$UX$STANDARDLIB$REQ8$PRES8$EABIv2 0x00000000   Number         0  anon$$obj.o ABSOLUTE
    __ARM_use_no_argv                        0x00000000   Number         0  main.o ABSOLUTE
    __Vectors                                0x00000000   Data           4  startup_isd9100.o(RESET)
    _printf_flags                            0x00000000   Number         0  printf_stubs.o ABSOLUTE
    _printf_return_value                     0x00000000   Number         0  printf_stubs.o ABSOLUTE
    _printf_sizespec                         0x00000000   Number         0  printf_stubs.o ABSOLUTE
    _printf_widthprec                        0x00000000   Number         0  printf_stubs.o ABSOLUTE
    __ARM_exceptions_init                     - Undefined Weak Reference
    __alloca_initialize                       - Undefined Weak Reference
    __arm_preinit_                            - Undefined Weak Reference
    __cpp_initialize__aeabi_                  - Undefined Weak Reference
    __cxa_finalize                            - Undefined Weak Reference
    __rt_locale                               - Undefined Weak Reference
    __sigvec_lookup                           - Undefined Weak Reference
    _atexit_init                              - Undefined Weak Reference
    _call_atexit_fns                          - Undefined Weak Reference
    _clock_init                               - Undefined Weak Reference
    _fp_trap_init                             - Undefined Weak Reference
    _fp_trap_shutdown                         - Undefined Weak Reference
    _get_lc_collate                           - Undefined Weak Reference
    _get_lc_ctype                             - Undefined Weak Reference
    _get_lc_monetary                          - Undefined Weak Reference
    _get_lc_numeric                           - Undefined Weak Reference
    _get_lc_time                              - Undefined Weak Reference
    _getenv_init                              - Undefined Weak Reference
    _handle_redirection                       - Undefined Weak Reference
    _init_alloc                               - Undefined Weak Reference
    _init_user_alloc                          - Undefined Weak Reference
    _initio                                   - Undefined Weak Reference
    _printf_post_padding                      - Undefined Weak Reference
    _printf_pre_padding                       - Undefined Weak Reference
    _printf_truncate_signed                   - Undefined Weak Reference
    _printf_truncate_unsigned                 - Undefined Weak Reference
    _rand_init                                - Undefined Weak Reference
    _signal_finish                            - Undefined Weak Reference
    _signal_init                              - Undefined Weak Reference
    _terminate_alloc                          - Undefined Weak Reference
    _terminate_user_alloc                     - Undefined Weak Reference
    _terminateio                              - Undefined Weak Reference
    __main                                   0x000000c1   Thumb Code     8  __main.o(!!!main)
    __scatterload                            0x000000c9   Thumb Code     0  __scatter.o(!!!scatter)
    __scatterload_rt2                        0x000000c9   Thumb Code    52  __scatter.o(!!!scatter)
    __scatterload_rt2_thumb_only             0x000000c9   Thumb Code     0  __scatter.o(!!!scatter)
    __scatterload_null                       0x000000d9   Thumb Code     0  __scatter.o(!!!scatter)
    __scatterload_copy                       0x00000105   Thumb Code    26  __scatter_copy.o(!!handler_copy)
    __scatterload_zeroinit                   0x00000121   Thumb Code    28  __scatter_zi.o(!!handler_zi)
    _printf_percent                          0x0000013d   Thumb Code     0  _printf_percent.o(.ARM.Collect$$_printf_percent$$00000000)
    _printf_d                                0x0000013f   Thumb Code     0  _printf_d.o(.ARM.Collect$$_printf_percent$$00000009)
    _printf_x                                0x00000149   Thumb Code     0  _printf_x.o(.ARM.Collect$$_printf_percent$$0000000C)
    _printf_percent_end                      0x00000153   Thumb Code     0  _printf_percent_end.o(.ARM.Collect$$_printf_percent$$00000017)
    __rt_lib_init                            0x00000157   Thumb Code     0  libinit.o(.ARM.Collect$$libinit$$00000000)
    __rt_lib_init_alloca_1                   0x00000159   Thumb Code     0  libinit2.o(.ARM.Collect$$libinit$$0000002E)
    __rt_lib_init_argv_1                     0x00000159   Thumb Code     0  libinit2.o(.ARM.Collect$$libinit$$0000002C)
    __rt_lib_init_atexit_1                   0x00000159   Thumb Code     0  libinit2.o(.ARM.Collect$$libinit$$0000001B)
    __rt_lib_init_clock_1                    0x00000159   Thumb Code     0  libinit2.o(.ARM.Collect$$libinit$$00000021)
    __rt_lib_init_cpp_1                      0x00000159   Thumb Code     0  libinit2.o(.ARM.Collect$$libinit$$00000032)
    __rt_lib_init_exceptions_1               0x00000159   Thumb Code     0  libinit2.o(.ARM.Collect$$libinit$$00000030)
    __rt_lib_init_fp_1                       0x00000159   Thumb Code     0  libinit2.o(.ARM.Collect$$libinit$$00000002)
    __rt_lib_init_fp_trap_1                  0x00000159   Thumb Code     0  libinit2.o(.ARM.Collect$$libinit$$0000001F)
    __rt_lib_init_getenv_1                   0x00000159   Thumb Code     0  libinit2.o(.ARM.Collect$$libinit$$00000023)
    __rt_lib_init_heap_1                     0x00000159   Thumb Code     0  libinit2.o(.ARM.Collect$$libinit$$0000000A)
    __rt_lib_init_lc_collate_1               0x00000159   Thumb Code     0  libinit2.o(.ARM.Collect$$libinit$$00000011)
    __rt_lib_init_lc_ctype_1                 0x00000159   Thumb Code     0  libinit2.o(.ARM.Collect$$libinit$$00000013)
    __rt_lib_init_lc_monetary_1              0x00000159   Thumb Code     0  libinit2.o(.ARM.Collect$$libinit$$00000015)
    __rt_lib_init_lc_numeric_1               0x00000159   Thumb Code     0  libinit2.o(.ARM.Collect$$libinit$$00000017)
    __rt_lib_init_lc_time_1                  0x00000159   Thumb Code     0  libinit2.o(.ARM.Collect$$libinit$$00000019)
    __rt_lib_init_preinit_1                  0x00000159   Thumb Code     0  libinit2.o(.ARM.Collect$$libinit$$00000004)
    __rt_lib_init_rand_1                     0x00000159   Thumb Code     0  libinit2.o(.ARM.Collect$$libinit$$0000000E)
    __rt_lib_init_return                     0x00000159   Thumb Code     0  libinit2.o(.ARM.Collect$$libinit$$00000033)
    __rt_lib_init_signal_1                   0x00000159   Thumb Code     0  libinit2.o(.ARM.Collect$$libinit$$0000001D)
    __rt_lib_init_stdio_1                    0x00000159   Thumb Code     0  libinit2.o(.ARM.Collect$$libinit$$00000025)
    __rt_lib_init_user_alloc_1               0x00000159   Thumb Code     0  libinit2.o(.ARM.Collect$$libinit$$0000000C)
    __rt_lib_shutdown                        0x0000015b   Thumb Code     0  libshutdown.o(.ARM.Collect$$libshutdown$$00000000)
    __rt_lib_shutdown_cpp_1                  0x0000015d   Thumb Code     0  libshutdown2.o(.ARM.Collect$$libshutdown$$00000002)
    __rt_lib_shutdown_fp_trap_1              0x0000015d   Thumb Code     0  libshutdown2.o(.ARM.Collect$$libshutdown$$00000007)
    __rt_lib_shutdown_heap_1                 0x0000015d   Thumb Code     0  libshutdown2.o(.ARM.Collect$$libshutdown$$0000000F)
    __rt_lib_shutdown_return                 0x0000015d   Thumb Code     0  libshutdown2.o(.ARM.Collect$$libshutdown$$00000010)
    __rt_lib_shutdown_signal_1               0x0000015d   Thumb Code     0  libshutdown2.o(.ARM.Collect$$libshutdown$$0000000A)
    __rt_lib_shutdown_stdio_1                0x0000015d   Thumb Code     0  libshutdown2.o(.ARM.Collect$$libshutdown$$00000004)
    __rt_lib_shutdown_user_alloc_1           0x0000015d   Thumb Code     0  libshutdown2.o(.ARM.Collect$$libshutdown$$0000000C)
    __rt_entry                               0x0000015f   Thumb Code     0  __rtentry.o(.ARM.Collect$$rtentry$$00000000)
    __rt_entry_presh_1                       0x0000015f   Thumb Code     0  __rtentry2.o(.ARM.Collect$$rtentry$$00000002)
    __rt_entry_sh                            0x0000015f   Thumb Code     0  __rtentry4.o(.ARM.Collect$$rtentry$$00000004)
    __rt_entry_li                            0x00000165   Thumb Code     0  __rtentry2.o(.ARM.Collect$$rtentry$$0000000A)
    __rt_entry_postsh_1                      0x00000165   Thumb Code     0  __rtentry2.o(.ARM.Collect$$rtentry$$00000009)
    __rt_entry_main                          0x00000169   Thumb Code     0  __rtentry2.o(.ARM.Collect$$rtentry$$0000000D)
    __rt_entry_postli_1                      0x00000169   Thumb Code     0  __rtentry2.o(.ARM.Collect$$rtentry$$0000000C)
    __rt_exit                                0x00000171   Thumb Code     0  rtexit.o(.ARM.Collect$$rtexit$$00000000)
    __rt_exit_ls                             0x00000173   Thumb Code     0  rtexit2.o(.ARM.Collect$$rtexit$$00000003)
    __rt_exit_prels_1                        0x00000173   Thumb Code     0  rtexit2.o(.ARM.Collect$$rtexit$$00000002)
    __rt_exit_exit                           0x00000177   Thumb Code     0  rtexit2.o(.ARM.Collect$$rtexit$$00000004)
    Reset_Handler                            0x0000017d   Thumb Code    28  startup_isd9100.o(.text)
    NMI_Handler                              0x00000199   Thumb Code     2  startup_isd9100.o(.text)
    HardFault_Handler                        0x0000019b   Thumb Code     2  startup_isd9100.o(.text)
    SVC_Handler                              0x0000019d   Thumb Code     2  startup_isd9100.o(.text)
    PendSV_Handler                           0x0000019f   Thumb Code     2  startup_isd9100.o(.text)
    ACMP_IRQHandler                          0x000001a3   Thumb Code     0  startup_isd9100.o(.text)
    ADC_IRQHandler                           0x000001a3   Thumb Code     0  startup_isd9100.o(.text)
    ALC_IRQHandler                           0x000001a3   Thumb Code     0  startup_isd9100.o(.text)
    BOD_IRQHandler                           0x000001a3   Thumb Code     0  startup_isd9100.o(.text)
    CAPS_IRQHandler                          0x000001a3   Thumb Code     0  startup_isd9100.o(.text)
    I2S_IRQHandler                           0x000001a3   Thumb Code     0  startup_isd9100.o(.text)
    PDMA_IRQHandler                          0x000001a3   Thumb Code     0  startup_isd9100.o(.text)
    PWM0_IRQHandler                          0x000001a3   Thumb Code     0  startup_isd9100.o(.text)
    RTC_IRQHandler                           0x000001a3   Thumb Code     0  startup_isd9100.o(.text)
    SPI0_IRQHandler                          0x000001a3   Thumb Code     0  startup_isd9100.o(.text)
    TALARM_IRQHandler                        0x000001a3   Thumb Code     0  startup_isd9100.o(.text)
    TMR1_IRQHandler                          0x000001a3   Thumb Code     0  startup_isd9100.o(.text)
    WDT_IRQHandler                           0x000001a3   Thumb Code     0  startup_isd9100.o(.text)
    __user_initial_stackheap                 0x000001a5   Thumb Code     0  startup_isd9100.o(.text)
    __2printf                                0x000001dd   Thumb Code    22  noretval__2printf.o(.text)
    __2sprintf                               0x000001f9   Thumb Code    36  noretval__2sprintf.o(.text)
    _printf_int_dec                          0x00000221   Thumb Code    90  _printf_dec.o(.text)
    _printf_int_hex                          0x0000028d   Thumb Code    84  _printf_hex_int.o(.text)
    _printf_longlong_hex                     0x0000028d   Thumb Code     0  _printf_hex_int.o(.text)
    __printf                                 0x000002e5   Thumb Code   270  __printf_wp.o(.text)
    strncmp                                  0x000003f5   Thumb Code   154  strncmp.o(.text)
    __aeabi_uidiv                            0x00000495   Thumb Code     0  aeabi_sdivfast.o(.text)
    __aeabi_uidivmod                         0x00000495   Thumb Code    28  aeabi_sdivfast.o(.text)
    __aeabi_idiv                             0x000004b1   Thumb Code     0  aeabi_sdivfast.o(.text)
    __aeabi_idivmod                          0x000004b1   Thumb Code   460  aeabi_sdivfast.o(.text)
    __use_two_region_memory                  0x0000067d   Thumb Code     2  heapauxi.o(.text)
    __rt_heap_escrow$2region                 0x0000067f   Thumb Code     2  heapauxi.o(.text)
    __rt_heap_expand$2region                 0x00000681   Thumb Code     2  heapauxi.o(.text)
    __aeabi_d2f                              0x00000685   Thumb Code     0  d2f.o(.text)
    _d2f                                     0x00000685   Thumb Code   120  d2f.o(.text)
    __aeabi_dadd                             0x000009f9   Thumb Code     0  daddsub.o(.text)
    _dadd                                    0x000009f9   Thumb Code    26  daddsub.o(.text)
    __aeabi_dsub                             0x00000a13   Thumb Code     0  daddsub.o(.text)
    _dsub                                    0x00000a13   Thumb Code    22  daddsub.o(.text)
    __aeabi_drsub                            0x00000a29   Thumb Code     0  daddsub.o(.text)
    _drsb                                    0x00000a29   Thumb Code    28  daddsub.o(.text)
    __aeabi_ddiv                             0x00000a59   Thumb Code     0  ddiv.o(.text)
    _ddiv                                    0x00000a59   Thumb Code  1072  ddiv.o(.text)
    _drdiv                                   0x00000e89   Thumb Code    20  ddiv.o(.text)
    __aeabi_d2iz                             0x00000ea1   Thumb Code     0  dfixi.o(.text)
    _dfix                                    0x00000ea1   Thumb Code    98  dfixi.o(.text)
    __aeabi_i2d_normalise                    0x00000f0d   Thumb Code    66  dflti.o(.text)
    __aeabi_i2d                              0x00000f4f   Thumb Code    16  dflti.o(.text)
    _dflt                                    0x00000f4f   Thumb Code     0  dflti.o(.text)
    __aeabi_ui2d                             0x00000f5f   Thumb Code     6  dflti.o(.text)
    _dfltu                                   0x00000f5f   Thumb Code     0  dflti.o(.text)
    __aeabi_dmul                             0x00000f65   Thumb Code     0  dmul.o(.text)
    _dmul                                    0x00000f65   Thumb Code   558  dmul.o(.text)
    __aeabi_f2d                              0x000011ad   Thumb Code     0  f2d.o(.text)
    _f2d                                     0x000011ad   Thumb Code    80  f2d.o(.text)
    __aeabi_fdiv                             0x00001201   Thumb Code     0  fdiv.o(.text)
    _fdiv                                    0x00001201   Thumb Code   334  fdiv.o(.text)
    _frdiv                                   0x0000134f   Thumb Code     8  fdiv.o(.text)
    __aeabi_f2iz                             0x00001361   Thumb Code     0  ffixi.o(.text)
    _ffix                                    0x00001361   Thumb Code    76  ffixi.o(.text)
    __aeabi_f2uiz                            0x000013ad   Thumb Code     0  ffixui.o(.text)
    _ffixu                                   0x000013ad   Thumb Code    48  ffixui.o(.text)
    __aeabi_i2f_normalise                    0x000013dd   Thumb Code    72  fflti.o(.text)
    __aeabi_i2f                              0x00001425   Thumb Code    16  fflti.o(.text)
    _fflt                                    0x00001425   Thumb Code     0  fflti.o(.text)
    __aeabi_ui2f                             0x00001435   Thumb Code     6  fflti.o(.text)
    _ffltu                                   0x00001435   Thumb Code     0  fflti.o(.text)
    __ARM_scalbnf                            0x0000143d   Thumb Code    64  fscalbn.o(.text)
    __read_errno                             0x00001481   Thumb Code    10  _rserrno.o(.text)
    __set_errno                              0x0000148b   Thumb Code    12  _rserrno.o(.text)
    _printf_int_common                       0x00001497   Thumb Code   176  _printf_intcommon.o(.text)
    _printf_char_common                      0x00001553   Thumb Code    32  _printf_char_common.o(.text)
    _sputc                                   0x00001579   Thumb Code    10  _sputc.o(.text)
    _printf_char_file                        0x00001585   Thumb Code    34  _printf_char_file.o(.text)
    __rt_udiv10                              0x000015ad   Thumb Code    40  rtudiv10.o(.text)
    __fpl_dcmp_InfNaN                        0x000015d5   Thumb Code   140  dcmpin.o(.text)
    __ARM_scalbn                             0x00001665   Thumb Code    84  dscalbn.o(.text)
    _dsqrt                                   0x000016c5   Thumb Code   248  dsqrt.o(.text)
    __fpl_fcmp_InfNaN                        0x000017c5   Thumb Code    96  fcmpin.o(.text)
    __aeabi_errno_addr                       0x00001829   Thumb Code     8  rt_errno_addr_intlibspace.o(.text)
    __errno$intlibspace                      0x00001829   Thumb Code     0  rt_errno_addr_intlibspace.o(.text)
    __rt_errno_addr$intlibspace              0x00001829   Thumb Code     0  rt_errno_addr_intlibspace.o(.text)
    __fpl_cmpreturn                          0x00001831   Thumb Code    46  cmpret.o(.text)
    __fpl_dcheck_NaN2                        0x00001861   Thumb Code    14  dnan2.o(.text)
    __fpl_fcheck_NaN2                        0x00001875   Thumb Code    10  fnan2.o(.text)
    __user_libspace                          0x00001885   Thumb Code     8  libspace.o(.text)
    __user_perproc_libspace                  0x00001885   Thumb Code     0  libspace.o(.text)
    __user_perthread_libspace                0x00001885   Thumb Code     0  libspace.o(.text)
    __user_setup_stackheap                   0x0000188d   Thumb Code    62  sys_stackheap_outer.o(.text)
    exit                                     0x000018cb   Thumb Code    16  exit.o(.text)
    __fpl_return_NaN                         0x000018db   Thumb Code    94  retnan.o(.text)
    _sys_exit                                0x00001939   Thumb Code     8  sys_exit.o(.text)
    __I$use$semihosting                      0x00001945   Thumb Code     0  use_no_semi.o(.text)
    __use_no_semihosting_swi                 0x00001945   Thumb Code     2  use_no_semi.o(.text)
    __semihosting_library_function           0x00001947   Thumb Code     0  indicate_semi.o(.text)
    AccCalibrate                             0x00001949   Thumb Code    38  gauss_newton_calibrate.o(i.AccCalibrate)
    AccCalibrationZ                          0x00001979   Thumb Code    66  main.o(i.AccCalibrationZ)
    AccFilterInit                            0x000019c1   Thumb Code    58  accfilter.o(i.AccFilterInit)
    AccZCalibrate                            0x00001a11   Thumb Code   138  gauss_newton_calibrate.o(i.AccZCalibrate)
    CLK_EnableModuleClock                    0x00001ab1   Thumb Code    32  clk.o(i.CLK_EnableModuleClock)
    CLK_EnableXtalRC                         0x00001ad5   Thumb Code    28  clk.o(i.CLK_EnableXtalRC)
    CLK_GetHCLKFreq                          0x00001af5   Thumb Code    12  clk.o(i.CLK_GetHCLKFreq)
    CLK_SetHCLK                              0x00001b05   Thumb Code    66  clk.o(i.CLK_SetHCLK)
    CLK_SetModuleClock                       0x00001b4d   Thumb Code    94  clk.o(i.CLK_SetModuleClock)
    CalInfoInit                              0x00001bb1   Thumb Code    56  ahrslib.o(i.CalInfoInit)
    CheckEmpirical                           0x00001bf1   Thumb Code   416  gyrodriftcalibrate.o(i.CheckEmpirical)
    CheckGyroNormalParam                     0x00001d99   Thumb Code    86  gyrodriftcalibrate.o(i.CheckGyroNormalParam)
    CheckMode                                0x00001df1   Thumb Code   136  gyrodriftcalibrate.o(i.CheckMode)
    CheckNormalDistribution                  0x00001e81   Thumb Code    52  gyrodriftcalibrate.o(i.CheckNormalDistribution)
    CheckSecurityID                          0x00001ec9   Thumb Code    48  security.o(i.CheckSecurityID)
    CheckStandardDV                          0x00001f01   Thumb Code    74  gyrodriftcalibrate.o(i.CheckStandardDV)
    ChronographStart                         0x00001f51   Thumb Code    22  timer_ctrl.o(i.ChronographStart)
    ComputeEuler                             0x00001f71   Thumb Code   488  sensorfusion6.o(i.ComputeEuler)
    ComputeMotion                            0x00002171   Thumb Code   764  sensorfusion6.o(i.ComputeMotion)
    DelayMsec                                0x000024a5   Thumb Code    24  timer_ctrl.o(i.DelayMsec)
    EINT0_IRQHandler                         0x000024bd   Thumb Code    14  main.o(i.EINT0_IRQHandler)
    EINT1_IRQHandler                         0x000024d1   Thumb Code    14  main.o(i.EINT1_IRQHandler)
    FMCReadUCID                              0x000024e5   Thumb Code    76  security.o(i.FMCReadUCID)
    FMC_Close                                0x00002535   Thumb Code    14  fmc.o(i.FMC_Close)
    FMC_Open                                 0x00002549   Thumb Code    14  fmc.o(i.FMC_Open)
    FilterACCInit                            0x0000255d   Thumb Code    38  acccalibrate.o(i.FilterACCInit)
    FilterCalibrateACC                       0x00002589   Thumb Code    70  accfilter.o(i.FilterCalibrateACC)
    GPAB_IRQHandler                          0x000025d5   Thumb Code   150  main.o(i.GPAB_IRQHandler)
    GPIO_SetMode                             0x00002689   Thumb Code    46  gpio.o(i.GPIO_SetMode)
    GPIO_SetPinOutHigh                       0x000026b7   Thumb Code    36  main.o(i.GPIO_SetPinOutHigh)
    GPIO_SetPinOutLow                        0x000026db   Thumb Code    36  main.o(i.GPIO_SetPinOutLow)
    GetAHRSPeriod                            0x00002701   Thumb Code     6  ahrslib.o(i.GetAHRSPeriod)
    GetCalibrateParams                       0x0000270d   Thumb Code    20  gauss_newton_calibrate.o(i.GetCalibrateParams)
    GetGyroDynamicCenter                     0x00002729   Thumb Code    20  gyrodriftcalibrate.o(i.GetGyroDynamicCenter)
    GetMagGuass                              0x00002741   Thumb Code     6  magcalibrate.o(i.GetMagGuass)
    GetTickCounter                           0x0000274d   Thumb Code     6  ahrslib.o(i.GetTickCounter)
    GyroDynamicCalibrate                     0x00002759   Thumb Code    62  gyrodriftcalibrate.o(i.GyroDynamicCalibrate)
    I2C0_IRQHandler                          0x000027a5   Thumb Code    48  mpu6050.o(i.I2C0_IRQHandler)
    I2C_ClearTimeoutFlag                     0x000027dd   Thumb Code    10  i2c.o(i.I2C_ClearTimeoutFlag)
    I2C_EnableInt                            0x000027e7   Thumb Code    10  i2c.o(i.I2C_EnableInt)
    I2C_MasterRx                             0x000027f1   Thumb Code   260  mpu6050.o(i.I2C_MasterRx)
    I2C_MasterTx                             0x0000292d   Thumb Code   176  mpu6050.o(i.I2C_MasterTx)
    I2C_Open                                 0x00002a11   Thumb Code    58  i2c.o(i.I2C_Open)
    I2C_SetSlaveAddr                         0x00002a51   Thumb Code    64  i2c.o(i.I2C_SetSlaveAddr)
    Init_AHRS                                0x00002a91   Thumb Code   100  main.o(i.Init_AHRS)
    Init_Bluetooth                           0x00002b09   Thumb Code    58  main.o(i.Init_Bluetooth)
    Init_GPIO                                0x00002b49   Thumb Code   178  main.o(i.Init_GPIO)
    Init_MPU6050                             0x00002c05   Thumb Code    56  mpu6050.o(i.Init_MPU6050)
    MPU6050_I2C_SingleRead                   0x00002c41   Thumb Code    58  mpu6050.o(i.MPU6050_I2C_SingleRead)
    MPU6050_I2C_SingleWrite                  0x00002c9d   Thumb Code    54  mpu6050.o(i.MPU6050_I2C_SingleWrite)
    MultiwiiAccFilter                        0x00002cf1   Thumb Code   204  accfilter.o(i.MultiwiiAccFilter)
    RawSmoothInput                           0x00002ed1   Thumb Code   100  ahrslib.o(i.RawSmoothInput)
    RawSmoothOutput                          0x00002f3d   Thumb Code   120  ahrslib.o(i.RawSmoothOutput)
    Read_MPU6050_AccX                        0x00002fbd   Thumb Code    24  mpu6050.o(i.Read_MPU6050_AccX)
    Read_MPU6050_AccY                        0x00002fd5   Thumb Code    24  mpu6050.o(i.Read_MPU6050_AccY)
    Read_MPU6050_AccZ                        0x00002fed   Thumb Code    24  mpu6050.o(i.Read_MPU6050_AccZ)
    Read_MPU6050_GyroX                       0x00003005   Thumb Code    24  mpu6050.o(i.Read_MPU6050_GyroX)
    Read_MPU6050_GyroY                       0x0000301d   Thumb Code    24  mpu6050.o(i.Read_MPU6050_GyroY)
    Read_MPU6050_GyroZ                       0x00003035   Thumb Code    24  mpu6050.o(i.Read_MPU6050_GyroZ)
    SYS_Init                                 0x0000304d   Thumb Code   188  main.o(i.SYS_Init)
    SYS_Lock                                 0x00003121   Thumb Code    12  sys.o(i.SYS_Lock)
    SYS_LockReg                              0x00003131   Thumb Code     8  sys.o(i.SYS_LockReg)
    SYS_ResetModule                          0x0000313d   Thumb Code    48  sys.o(i.SYS_ResetModule)
    SYS_Unlock                               0x0000316d   Thumb Code    44  sys.o(i.SYS_Unlock)
    SYS_UnlockReg                            0x0000319d   Thumb Code    26  sys.o(i.SYS_UnlockReg)
    SampleFilter                             0x000031bd   Thumb Code   392  acccalibrate.o(i.SampleFilter)
    SendChar                                 0x0000334d   Thumb Code    12  retarget.o(i.SendChar)
    SendChar_ToUART                          0x00003359   Thumb Code    48  retarget.o(i.SendChar_ToUART)
    Send_Data                                0x0000338d   Thumb Code   252  main.o(i.Send_Data)
    SensorStateInit                          0x000034ad   Thumb Code    48  ahrslib.o(i.SensorStateInit)
    SensorsDynamicCalibrate                  0x000034e5   Thumb Code    56  main.o(i.SensorsDynamicCalibrate)
    SetCalibrateACC                          0x00003525   Thumb Code    58  acccalibrate.o(i.SetCalibrateACC)
    SetCalibrateGYRO                         0x0000356d   Thumb Code    58  gyrocalibrate.o(i.SetCalibrateGYRO)
    SetMagGuass                              0x000035b5   Thumb Code    62  magcalibrate.o(i.SetMagGuass)
    SetZWithoutG_Base                        0x000035fd   Thumb Code     6  ahrslib.o(i.SetZWithoutG_Base)
    SetupSecurityID                          0x00003609   Thumb Code    98  security.o(i.SetupSecurityID)
    SysTick_Handler                          0x0000367d   Thumb Code   100  timer_ctrl.o(i.SysTick_Handler)
    SystemCoreClockUpdate                    0x000036f5   Thumb Code    74  system_isd9100.o(i.SystemCoreClockUpdate)
    TIMER_Init                               0x0000375d   Thumb Code    20  timer_ctrl.o(i.TIMER_Init)
    TMR0_IRQHandler                          0x00003775   Thumb Code   110  timer_ctrl.o(i.TMR0_IRQHandler)
    UART0_IRQHandler                         0x000037fd   Thumb Code    62  main.o(i.UART0_IRQHandler)
    UART_Init                                0x00003851   Thumb Code    60  main.o(i.UART_Init)
    UART_Open                                0x00003891   Thumb Code    96  uart.o(i.UART_Open)
    UART_Read                                0x000038f9   Thumb Code    36  uart.o(i.UART_Read)
    UART_Write                               0x0000391d   Thumb Code    36  uart.o(i.UART_Write)
    UpdateCalibrateInfoACC                   0x00003941   Thumb Code    42  acccalibrate.o(i.UpdateCalibrateInfoACC)
    __ARM_common_ll_muluu                    0x00003975   Thumb Code    50  rred.o(i.__ARM_common_ll_muluu)
    __ARM_fpclassify                         0x000039a9   Thumb Code    40  fpclassify.o(i.__ARM_fpclassify)
    __ieee754_rem_pio2                       0x000039d5   Thumb Code   838  rred.o(i.__ieee754_rem_pio2)
    __kernel_cos                             0x00003d71   Thumb Code   224  cos_i.o(i.__kernel_cos)
    __kernel_poly                            0x00003e65   Thumb Code   172  poly.o(i.__kernel_poly)
    __kernel_sin                             0x00003f11   Thumb Code   222  sin_i.o(i.__kernel_sin)
    __mathlib_dbl_infnan                     0x00003ffd   Thumb Code    10  dunder.o(i.__mathlib_dbl_infnan)
    __mathlib_dbl_infnan2                    0x00004007   Thumb Code     8  dunder.o(i.__mathlib_dbl_infnan2)
    __mathlib_dbl_invalid                    0x0000400f   Thumb Code    16  dunder.o(i.__mathlib_dbl_invalid)
    __mathlib_dbl_underflow                  0x00004021   Thumb Code    14  dunder.o(i.__mathlib_dbl_underflow)
    _is_digit                                0x00004035   Thumb Code    14  __printf_wp.o(i._is_digit)
    atan                                     0x00004045   Thumb Code   472  atan.o(i.atan)
    atan2                                    0x00004261   Thumb Code   334  atan2.o(i.atan2)
    calibrate_model_acc                      0x000043d9   Thumb Code   336  gauss_newton_calibrate.o(i.calibrate_model_acc)
    checkMagFail                             0x00004545   Thumb Code   164  sensorfusion6.o(i.checkMagFail)
    cos                                      0x000045ed   Thumb Code   142  cos.o(i.cos)
    ferror                                   0x00004685   Thumb Code     8  retarget.o(i.ferror)
    find_delta                               0x0000468d   Thumb Code   266  gauss_newton_calibrate.o(i.find_delta)
    fputc                                    0x000047a5   Thumb Code    16  retarget.o(i.fputc)
    getTickCount                             0x000047b5   Thumb Code     6  timer_ctrl.o(i.getTickCount)
    main                                     0x000047f5   Thumb Code   558  main.o(i.main)
    nvtAHRSInit                              0x00004a9d   Thumb Code    40  ahrslib.o(i.nvtAHRSInit)
    nvtCalACCBufferFill                      0x00004ac9   Thumb Code   126  acccalibrate.o(i.nvtCalACCBufferFill)
    nvtCalACCInit                            0x00004b59   Thumb Code    26  acccalibrate.o(i.nvtCalACCInit)
    nvtGetAccZWithoutGravity                 0x00004b81   Thumb Code    78  ahrslib.o(i.nvtGetAccZWithoutGravity)
    nvtGetEulerRPY                           0x00004bd9   Thumb Code    30  ahrslib.o(i.nvtGetEulerRPY)
    nvtGetGyroOffset                         0x00004c01   Thumb Code    16  ahrslib.o(i.nvtGetGyroOffset)
    nvtGyroCenterCalibrate                   0x00004c15   Thumb Code    78  gyrocalibrate.o(i.nvtGyroCenterCalibrate)
    nvtInputSensorRawACC                     0x00004c75   Thumb Code    68  ahrslib.o(i.nvtInputSensorRawACC)
    nvtInputSensorRawGYRO                    0x00004cc5   Thumb Code    76  ahrslib.o(i.nvtInputSensorRawGYRO)
    nvtMillisecondTick                       0x00004d1d   Thumb Code    20  ahrslib.o(i.nvtMillisecondTick)
    nvtSetAccG_PER_LSB                       0x00004d35   Thumb Code     6  acccalibrate.o(i.nvtSetAccG_PER_LSB)
    nvtSetAccOffset                          0x00004d41   Thumb Code    16  ahrslib.o(i.nvtSetAccOffset)
    nvtSetAccScale                           0x00004d55   Thumb Code    16  ahrslib.o(i.nvtSetAccScale)
    nvtSetGYRODegPLSB                        0x00004d69   Thumb Code     6  gyrocalibrate.o(i.nvtSetGYRODegPLSB)
    nvtSetGyroOffset                         0x00004d75   Thumb Code    16  ahrslib.o(i.nvtSetGyroOffset)
    nvtSetGyroScale                          0x00004d89   Thumb Code    16  ahrslib.o(i.nvtSetGyroScale)
    nvtUpdateAHRS                            0x00004d9d   Thumb Code   182  ahrslib.o(i.nvtUpdateAHRS)
    pushBuffer                               0x00004e65   Thumb Code    54  gyrodriftcalibrate.o(i.pushBuffer)
    quickSortIterative                       0x00004e9b   Thumb Code   182  gyrodriftcalibrate.o(i.quickSortIterative)
    reset_calibration_matrices               0x00004f51   Thumb Code    42  gauss_newton_calibrate.o(i.reset_calibration_matrices)
    sensfusion6GetAccZWithoutGravity         0x00004f85   Thumb Code    58  sensorfusion6.o(i.sensfusion6GetAccZWithoutGravity)
    sensfusion6GetEulerRPY                   0x00004fc5   Thumb Code    20  sensorfusion6.o(i.sensfusion6GetEulerRPY)
    sensfusion6UpdateMagByEuler              0x00004fdd   Thumb Code   442  sensorfusion6.o(i.sensfusion6UpdateMagByEuler)
    sensfusion6UpdateQ                       0x000051a1   Thumb Code   984  sensorfusion6.o(i.sensfusion6UpdateQ)
    sensfusion9UpdateQ                       0x00005589   Thumb Code  1600  sensorfusion6.o(i.sensfusion9UpdateQ)
    setup_system_tick                        0x00005bcd   Thumb Code    64  timer_ctrl.o(i.setup_system_tick)
    sin                                      0x00005c19   Thumb Code   146  sin.o(i.sin)
    sqrt                                     0x00005cb5   Thumb Code    66  sqrt.o(i.sqrt)
    update_calibration_matrices              0x00005cfd   Thumb Code   190  gauss_newton_calibrate.o(i.update_calibration_matrices)
    __aeabi_cdrcmple                         0x00005dc9   Thumb Code     0  drlef.o(x$fpl$drleqf)
    _drcmple                                 0x00005dc9   Thumb Code   100  drlef.o(x$fpl$drleqf)
    __aeabi_fadd                             0x00005e31   Thumb Code     0  faddsub.o(x$fpl$fadd)
    _fadd                                    0x00005e31   Thumb Code   134  faddsub.o(x$fpl$fadd)
    __aeabi_cfcmple                          0x00005ebd   Thumb Code     0  flef.o(x$fpl$fleqf)
    _fcmple                                  0x00005ebd   Thumb Code    78  flef.o(x$fpl$fleqf)
    __aeabi_fmul                             0x00005f11   Thumb Code     0  fmul.o(x$fpl$fmul)
    _fmul                                    0x00005f11   Thumb Code   172  fmul.o(x$fpl$fmul)
    __aeabi_cfrcmple                         0x00005fc1   Thumb Code     0  frlef.o(x$fpl$frleqf)
    _frcmple                                 0x00005fc1   Thumb Code    84  frlef.o(x$fpl$frleqf)
    __aeabi_frsub                            0x00006019   Thumb Code     0  faddsub.o(x$fpl$frsb)
    _frsb                                    0x00006019   Thumb Code    24  faddsub.o(x$fpl$frsb)
    __aeabi_fsub                             0x00006031   Thumb Code     0  faddsub.o(x$fpl$fsub)
    _fsub                                    0x00006031   Thumb Code   204  faddsub.o(x$fpl$fsub)
    __I$use$fp                               0x00006100   Number         0  usenofp.o(x$fpl$usenofp)
    platform_gpio_pins                       0x00006100   Data         156  main.o(.constdata)
    platform_pwm_peripherals                 0x0000619c   Data          24  main.o(.constdata)
    __mathlib_zero                           0x00006370   Data           8  qnan.o(.constdata)
    Region$$Table$$Base                      0x00006468   Number         0  anon$$obj.o(Region$$Table)
    Region$$Table$$Limit                     0x00006488   Number         0  anon$$obj.o(Region$$Table)
    SystemCoreClock                          0x20000000   Data           4  system_isd9100.o(.data)
    CyclesPerUs                              0x20000004   Data           4  system_isd9100.o(.data)
    gau32ClkSrcTbl                           0x20000008   Data          12  system_isd9100.o(.data)
    gau32HiRCSrcTbl                          0x20000014   Data           8  system_isd9100.o(.data)
    rawGYRO                                  0x2000001c   Data           6  main.o(.data)
    rawACC                                   0x20000022   Data           6  main.o(.data)
    iEuler                                   0x20000028   Data           6  main.o(.data)
    SensorInitState                          0x2000002e   Data           3  main.o(.data)
    SensorCalState                           0x20000031   Data           3  main.o(.data)
    Text                                     0x20000034   Data          49  main.o(.data)
    Text_ACK                                 0x20000065   Data           4  main.o(.data)
    RX_buffer                                0x20000069   Data           4  main.o(.data)
    command                                  0x2000006d   Data           4  main.o(.data)
    Flag_report                              0x20000071   Data           1  main.o(.data)
    KEY1_Flag                                0x20000072   Data           1  main.o(.data)
    KEY2_Flag                                0x20000073   Data           1  main.o(.data)
    KEY3_Flag                                0x20000074   Data           1  main.o(.data)
    report_rate                              0x20000075   Data           1  main.o(.data)
    Report_on                                0x20000076   Data           1  main.o(.data)
    g_u32TICK                                0x20000078   Data           4  main.o(.data)
    Timer_F                                  0x2000007c   Data           4  main.o(.data)
    LightValue                               0x20000080   Data           4  main.o(.data)
    GasValue                                 0x20000084   Data           4  main.o(.data)
    AcceX                                    0x20000088   Data           2  main.o(.data)
    AcceY                                    0x2000008a   Data           2  main.o(.data)
    AcceZ                                    0x2000008c   Data           2  main.o(.data)
    GyroX                                    0x2000008e   Data           2  main.o(.data)
    GyroY                                    0x20000090   Data           2  main.o(.data)
    GyroZ                                    0x20000092   Data           2  main.o(.data)
    Humidity                                 0x20000094   Data           2  main.o(.data)
    Temp                                     0x20000096   Data           2  main.o(.data)
    capture_count                            0x20000098   Data           4  main.o(.data)
    DHT11_Data                               0x2000009c   Data           4  main.o(.data)
    DIS_Value                                0x200000a0   Data           1  main.o(.data)
    uartno                                   0x200000a1   Data           1  main.o(.data)
    g_u8DeviceAddr                           0x200000a8   Data           1  mpu6050.o(.data)
    g_au8TxData                              0x200000a9   Data           2  mpu6050.o(.data)
    g_u8RxData                               0x200000ab   Data           1  mpu6050.o(.data)
    g_u8DataLen                              0x200000ac   Data           1  mpu6050.o(.data)
    g_u8EndFlag                              0x200000ad   Data           1  mpu6050.o(.data)
    UPDATE_DT                                0x200000b4   Data           4  timer_ctrl.o(.data)
    tick_counter                             0x200000b8   Data           4  timer_ctrl.o(.data)
    frame_counter                            0x200000bc   Data           4  timer_ctrl.o(.data)
    GPABCallback_Counter                     0x200000c0   Data           4  timer_ctrl.o(.data)
    u32Timer0Cnt                             0x200000c4   Data           4  timer_ctrl.o(.data)
    u32Timer1Cnt                             0x200000c8   Data           4  timer_ctrl.o(.data)
    u32Timer2Cnt                             0x200000cc   Data           4  timer_ctrl.o(.data)
    u32Timer3Cnt                             0x200000d0   Data           4  timer_ctrl.o(.data)
    __stdout                                 0x200000dc   Data           4  retarget.o(.data)
    __stdin                                  0x200000e0   Data           4  retarget.o(.data)
    period                                   0x200000e4   Data           1  ahrslib.o(.data)
    DIM                                      0x200000e5   Data           4  ahrslib.o(.data)
    ZWithoutG_Base                           0x200000ec   Data           4  ahrslib.o(.data)
    bufferFillFlag                           0x200000f6   Data           1  acccalibrate.o(.data)
    BufferIndexMag                           0x200000f8   Data           2  magcalibrate.o(.data)
    MagGuass                                 0x200000fc   Data           4  magcalibrate.o(.data)
    IC_LIST                                  0x20000104   Data          16  security.o(.data)
    twoKp                                    0x20000124   Data           4  sensorfusion6.o(.data)
    twoKi                                    0x20000128   Data           4  sensorfusion6.o(.data)
    integralFBx                              0x2000012c   Data           4  sensorfusion6.o(.data)
    integralFBy                              0x20000130   Data           4  sensorfusion6.o(.data)
    integralFBz                              0x20000134   Data           4  sensorfusion6.o(.data)
    gx                                       0x20000138   Data           4  sensorfusion6.o(.data)
    gy                                       0x2000013c   Data           4  sensorfusion6.o(.data)
    gz                                       0x20000140   Data           4  sensorfusion6.o(.data)
    qx                                       0x20000144   Data           4  sensorfusion6.o(.data)
    qy                                       0x20000148   Data           4  sensorfusion6.o(.data)
    qz                                       0x2000014c   Data           4  sensorfusion6.o(.data)
    gx_deg                                   0x20000150   Data           4  sensorfusion6.o(.data)
    gy_deg                                   0x20000154   Data           4  sensorfusion6.o(.data)
    gz_deg                                   0x20000158   Data           4  sensorfusion6.o(.data)
    ax                                       0x2000015c   Data           4  sensorfusion6.o(.data)
    ay                                       0x20000160   Data           4  sensorfusion6.o(.data)
    az                                       0x20000164   Data           4  sensorfusion6.o(.data)
    EulerR                                   0x20000168   Data           4  sensorfusion6.o(.data)
    EulerP                                   0x2000016c   Data           4  sensorfusion6.o(.data)
    EulerY                                   0x20000170   Data           4  sensorfusion6.o(.data)
    EulerRd                                  0x20000174   Data           4  sensorfusion6.o(.data)
    EulerPd                                  0x20000178   Data           4  sensorfusion6.o(.data)
    EulerYd                                  0x2000017c   Data           4  sensorfusion6.o(.data)
    mx                                       0x20000180   Data           4  sensorfusion6.o(.data)
    my                                       0x20000184   Data           4  sensorfusion6.o(.data)
    mz                                       0x20000188   Data           4  sensorfusion6.o(.data)
    mdx                                      0x2000018c   Data           4  sensorfusion6.o(.data)
    mdy                                      0x20000190   Data           4  sensorfusion6.o(.data)
    mdz                                      0x20000194   Data           4  sensorfusion6.o(.data)
    q0                                       0x20000198   Data           4  sensorfusion6.o(.data)
    q1                                       0x2000019c   Data           4  sensorfusion6.o(.data)
    q2                                       0x200001a0   Data           4  sensorfusion6.o(.data)
    q3                                       0x200001a4   Data           4  sensorfusion6.o(.data)
    acc_steady                               0x200001a8   Data           4  sensorfusion6.o(.data)
    GyroScale                                0x200001ac   Data          12  main.o(.bss)
    AccScale                                 0x200001b8   Data          12  main.o(.bss)
    GyroOffset                               0x200001c4   Data          12  main.o(.bss)
    AccOffset                                0x200001d0   Data          12  main.o(.bss)
    Sensor                                   0x200001dc   Data          18  main.o(.bss)
    time_DHT11                               0x200001ee   Data          84  main.o(.bss)
    Chronograph                              0x20000244   Data          48  timer_ctrl.o(.bss)
    CalInfo                                  0x20000274   Data         108  ahrslib.o(.bss)
    SensorState                              0x200002e0   Data         560  ahrslib.o(.bss)
    TimeInfo                                 0x20000510   Data          16  ahrslib.o(.bss)
    AttitudeInfo                             0x20000520   Data         120  ahrslib.o(.bss)
    BufferRawACC                             0x20000598   Data         360  acccalibrate.o(.bss)
    BufferIndexACC                           0x20000700   Data          12  acccalibrate.o(.bss)
    FilterACC                                0x2000070c   Data          60  acccalibrate.o(.bss)
    HistogramValue                           0x20000db8   Data         512  gyrodriftcalibrate.o(.bss)
    HistogramCount                           0x20000fb8   Data         512  gyrodriftcalibrate.o(.bss)
    vg                                       0x20001464   Data          12  sensorfusion6.o(.bss)
    Ve                                       0x20001470   Data          12  sensorfusion6.o(.bss)
    V0                                       0x2000147c   Data          12  sensorfusion6.o(.bss)
    Vdiff                                    0x20001488   Data          12  sensorfusion6.o(.bss)
    Alast                                    0x20001494   Data          12  sensorfusion6.o(.bss)
    mag_norm                                 0x200014a0   Data          12  sensorfusion6.o(.bss)
    __libspace_start                         0x200014ac   Data          96  libspace.o(.bss)
    __temporary_stack_top$libspace           0x2000150c   Data           0  libspace.o(.bss)



==============================================================================

Memory Map of the image

  Image Entry point : 0x0000017d

  Load Region LR_1 (Base: 0x00000000, Size: 0x00006634, Max: 0xffffffff, ABSOLUTE)

    Execution Region ER_RO (Base: 0x00000000, Size: 0x00006488, Max: 0xffffffff, ABSOLUTE)

    Base Addr    Size         Type   Attr      Idx    E Section Name        Object

    0x00000000   0x000000c0   Data   RO          119    RESET               startup_isd9100.o
    0x000000c0   0x00000008   Code   RO         1883  * !!!main             c_p.l(__main.o)
    0x000000c8   0x0000003c   Code   RO         2208    !!!scatter          c_p.l(__scatter.o)
    0x00000104   0x0000001a   Code   RO         2210    !!handler_copy      c_p.l(__scatter_copy.o)
    0x0000011e   0x00000002   PAD
    0x00000120   0x0000001c   Code   RO         2212    !!handler_zi        c_p.l(__scatter_zi.o)
    0x0000013c   0x00000002   Code   RO         1870    .ARM.Collect$$_printf_percent$$00000000  c_p.l(_printf_percent.o)
    0x0000013e   0x0000000a   Code   RO         1869    .ARM.Collect$$_printf_percent$$00000009  c_p.l(_printf_d.o)
    0x00000148   0x0000000a   Code   RO         1868    .ARM.Collect$$_printf_percent$$0000000C  c_p.l(_printf_x.o)
    0x00000152   0x00000004   Code   RO         1984    .ARM.Collect$$_printf_percent$$00000017  c_p.l(_printf_percent_end.o)
    0x00000156   0x00000002   Code   RO         2080    .ARM.Collect$$libinit$$00000000  c_p.l(libinit.o)
    0x00000158   0x00000000   Code   RO         2093    .ARM.Collect$$libinit$$00000002  c_p.l(libinit2.o)
    0x00000158   0x00000000   Code   RO         2095    .ARM.Collect$$libinit$$00000004  c_p.l(libinit2.o)
    0x00000158   0x00000000   Code   RO         2098    .ARM.Collect$$libinit$$0000000A  c_p.l(libinit2.o)
    0x00000158   0x00000000   Code   RO         2100    .ARM.Collect$$libinit$$0000000C  c_p.l(libinit2.o)
    0x00000158   0x00000000   Code   RO         2102    .ARM.Collect$$libinit$$0000000E  c_p.l(libinit2.o)
    0x00000158   0x00000000   Code   RO         2105    .ARM.Collect$$libinit$$00000011  c_p.l(libinit2.o)
    0x00000158   0x00000000   Code   RO         2107    .ARM.Collect$$libinit$$00000013  c_p.l(libinit2.o)
    0x00000158   0x00000000   Code   RO         2109    .ARM.Collect$$libinit$$00000015  c_p.l(libinit2.o)
    0x00000158   0x00000000   Code   RO         2111    .ARM.Collect$$libinit$$00000017  c_p.l(libinit2.o)
    0x00000158   0x00000000   Code   RO         2113    .ARM.Collect$$libinit$$00000019  c_p.l(libinit2.o)
    0x00000158   0x00000000   Code   RO         2115    .ARM.Collect$$libinit$$0000001B  c_p.l(libinit2.o)
    0x00000158   0x00000000   Code   RO         2117    .ARM.Collect$$libinit$$0000001D  c_p.l(libinit2.o)
    0x00000158   0x00000000   Code   RO         2119    .ARM.Collect$$libinit$$0000001F  c_p.l(libinit2.o)
    0x00000158   0x00000000   Code   RO         2121    .ARM.Collect$$libinit$$00000021  c_p.l(libinit2.o)
    0x00000158   0x00000000   Code   RO         2123    .ARM.Collect$$libinit$$00000023  c_p.l(libinit2.o)
    0x00000158   0x00000000   Code   RO         2125    .ARM.Collect$$libinit$$00000025  c_p.l(libinit2.o)
    0x00000158   0x00000000   Code   RO         2129    .ARM.Collect$$libinit$$0000002C  c_p.l(libinit2.o)
    0x00000158   0x00000000   Code   RO         2131    .ARM.Collect$$libinit$$0000002E  c_p.l(libinit2.o)
    0x00000158   0x00000000   Code   RO         2133    .ARM.Collect$$libinit$$00000030  c_p.l(libinit2.o)
    0x00000158   0x00000000   Code   RO         2135    .ARM.Collect$$libinit$$00000032  c_p.l(libinit2.o)
    0x00000158   0x00000002   Code   RO         2136    .ARM.Collect$$libinit$$00000033  c_p.l(libinit2.o)
    0x0000015a   0x00000002   Code   RO         2165    .ARM.Collect$$libshutdown$$00000000  c_p.l(libshutdown.o)
    0x0000015c   0x00000000   Code   RO         2191    .ARM.Collect$$libshutdown$$00000002  c_p.l(libshutdown2.o)
    0x0000015c   0x00000000   Code   RO         2193    .ARM.Collect$$libshutdown$$00000004  c_p.l(libshutdown2.o)
    0x0000015c   0x00000000   Code   RO         2196    .ARM.Collect$$libshutdown$$00000007  c_p.l(libshutdown2.o)
    0x0000015c   0x00000000   Code   RO         2199    .ARM.Collect$$libshutdown$$0000000A  c_p.l(libshutdown2.o)
    0x0000015c   0x00000000   Code   RO         2201    .ARM.Collect$$libshutdown$$0000000C  c_p.l(libshutdown2.o)
    0x0000015c   0x00000000   Code   RO         2204    .ARM.Collect$$libshutdown$$0000000F  c_p.l(libshutdown2.o)
    0x0000015c   0x00000002   Code   RO         2205    .ARM.Collect$$libshutdown$$00000010  c_p.l(libshutdown2.o)
    0x0000015e   0x00000000   Code   RO         1969    .ARM.Collect$$rtentry$$00000000  c_p.l(__rtentry.o)
    0x0000015e   0x00000000   Code   RO         2034    .ARM.Collect$$rtentry$$00000002  c_p.l(__rtentry2.o)
    0x0000015e   0x00000006   Code   RO         2046    .ARM.Collect$$rtentry$$00000004  c_p.l(__rtentry4.o)
    0x00000164   0x00000000   Code   RO         2036    .ARM.Collect$$rtentry$$00000009  c_p.l(__rtentry2.o)
    0x00000164   0x00000004   Code   RO         2037    .ARM.Collect$$rtentry$$0000000A  c_p.l(__rtentry2.o)
    0x00000168   0x00000000   Code   RO         2039    .ARM.Collect$$rtentry$$0000000C  c_p.l(__rtentry2.o)
    0x00000168   0x00000008   Code   RO         2040    .ARM.Collect$$rtentry$$0000000D  c_p.l(__rtentry2.o)
    0x00000170   0x00000002   Code   RO         2084    .ARM.Collect$$rtexit$$00000000  c_p.l(rtexit.o)
    0x00000172   0x00000000   Code   RO         2140    .ARM.Collect$$rtexit$$00000002  c_p.l(rtexit2.o)
    0x00000172   0x00000004   Code   RO         2141    .ARM.Collect$$rtexit$$00000003  c_p.l(rtexit2.o)
    0x00000176   0x00000006   Code   RO         2142    .ARM.Collect$$rtexit$$00000004  c_p.l(rtexit2.o)
    0x0000017c   0x00000060   Code   RO          120  * .text               startup_isd9100.o
    0x000001dc   0x0000001c   Code   RO         1819    .text               c_p.l(noretval__2printf.o)
    0x000001f8   0x00000028   Code   RO         1821    .text               c_p.l(noretval__2sprintf.o)
    0x00000220   0x0000006c   Code   RO         1825    .text               c_p.l(_printf_dec.o)
    0x0000028c   0x00000058   Code   RO         1830    .text               c_p.l(_printf_hex_int.o)
    0x000002e4   0x0000010e   Code   RO         1856    .text               c_p.l(__printf_wp.o)
    0x000003f2   0x00000002   PAD
    0x000003f4   0x000000a0   Code   RO         1871    .text               c_p.l(strncmp.o)
    0x00000494   0x000001e8   Code   RO         1877    .text               c_p.l(aeabi_sdivfast.o)
    0x0000067c   0x00000006   Code   RO         1881    .text               c_p.l(heapauxi.o)
    0x00000682   0x00000002   PAD
    0x00000684   0x0000007c   Code   RO         1885    .text               fz_ps.l(d2f.o)
    0x00000700   0x00000358   Code   RO         1887    .text               fz_ps.l(daddsub.o)
    0x00000a58   0x00000448   Code   RO         1889    .text               fz_ps.l(ddiv.o)
    0x00000ea0   0x0000006c   Code   RO         1892    .text               fz_ps.l(dfixi.o)
    0x00000f0c   0x00000058   Code   RO         1896    .text               fz_ps.l(dflti.o)
    0x00000f64   0x00000248   Code   RO         1898    .text               fz_ps.l(dmul.o)
    0x000011ac   0x00000054   Code   RO         1902    .text               fz_ps.l(f2d.o)
    0x00001200   0x00000160   Code   RO         1910    .text               fz_ps.l(fdiv.o)
    0x00001360   0x0000004c   Code   RO         1913    .text               fz_ps.l(ffixi.o)
    0x000013ac   0x00000030   Code   RO         1915    .text               fz_ps.l(ffixui.o)
    0x000013dc   0x0000005e   Code   RO         1917    .text               fz_ps.l(fflti.o)
    0x0000143a   0x00000002   PAD
    0x0000143c   0x00000044   Code   RO         1925    .text               fz_ps.l(fscalbn.o)
    0x00001480   0x00000016   Code   RO         1974    .text               c_p.l(_rserrno.o)
    0x00001496   0x000000b0   Code   RO         1976    .text               c_p.l(_printf_intcommon.o)
    0x00001546   0x00000002   PAD
    0x00001548   0x00000030   Code   RO         1978    .text               c_p.l(_printf_char_common.o)
    0x00001578   0x0000000a   Code   RO         1980    .text               c_p.l(_sputc.o)
    0x00001582   0x00000002   PAD
    0x00001584   0x00000028   Code   RO         1982    .text               c_p.l(_printf_char_file.o)
    0x000015ac   0x00000028   Code   RO         1985    .text               c_p.l(rtudiv10.o)
    0x000015d4   0x00000090   Code   RO         1987    .text               fz_ps.l(dcmpin.o)
    0x00001664   0x00000060   Code   RO         1991    .text               fz_ps.l(dscalbn.o)
    0x000016c4   0x00000100   Code   RO         1993    .text               fz_ps.l(dsqrt.o)
    0x000017c4   0x00000064   Code   RO         1995    .text               fz_ps.l(fcmpin.o)
    0x00001828   0x00000008   Code   RO         2053    .text               c_p.l(rt_errno_addr_intlibspace.o)
    0x00001830   0x0000002e   Code   RO         2057    .text               fz_ps.l(cmpret.o)
    0x0000185e   0x00000002   PAD
    0x00001860   0x00000014   Code   RO         2059    .text               fz_ps.l(dnan2.o)
    0x00001874   0x00000010   Code   RO         2061    .text               fz_ps.l(fnan2.o)
    0x00001884   0x00000008   Code   RO         2063    .text               c_p.l(libspace.o)
    0x0000188c   0x0000003e   Code   RO         2066    .text               c_p.l(sys_stackheap_outer.o)
    0x000018ca   0x00000010   Code   RO         2069    .text               c_p.l(exit.o)
    0x000018da   0x0000005e   Code   RO         2081    .text               fz_ps.l(retnan.o)
    0x00001938   0x0000000c   Code   RO         2137    .text               c_p.l(sys_exit.o)
    0x00001944   0x00000002   Code   RO         2154    .text               c_p.l(use_no_semi.o)
    0x00001946   0x00000000   Code   RO         2156    .text               c_p.l(indicate_semi.o)
    0x00001946   0x00000002   PAD
    0x00001948   0x00000030   Code   RO         1714    i.AccCalibrate      AHRSLibISD9100.lib(gauss_newton_calibrate.o)
    0x00001978   0x00000048   Code   RO          128    i.AccCalibrationZ   main.o
    0x000019c0   0x00000050   Code   RO         1664    i.AccFilterInit     AHRSLibISD9100.lib(accfilter.o)
    0x00001a10   0x000000a0   Code   RO         1715    i.AccZCalibrate     AHRSLibISD9100.lib(gauss_newton_calibrate.o)
    0x00001ab0   0x00000024   Code   RO          585    i.CLK_EnableModuleClock  clk.o
    0x00001ad4   0x00000020   Code   RO          586    i.CLK_EnableXtalRC  clk.o
    0x00001af4   0x00000010   Code   RO          587    i.CLK_GetHCLKFreq   clk.o
    0x00001b04   0x00000048   Code   RO          590    i.CLK_SetHCLK       clk.o
    0x00001b4c   0x00000064   Code   RO          591    i.CLK_SetModuleClock  clk.o
    0x00001bb0   0x00000040   Code   RO         1490    i.CalInfoInit       AHRSLibISD9100.lib(ahrslib.o)
    0x00001bf0   0x000001a8   Code   RO         1676    i.CheckEmpirical    AHRSLibISD9100.lib(gyrodriftcalibrate.o)
    0x00001d98   0x00000056   Code   RO         1677    i.CheckGyroNormalParam  AHRSLibISD9100.lib(gyrodriftcalibrate.o)
    0x00001dee   0x00000002   PAD
    0x00001df0   0x00000090   Code   RO         1680    i.CheckMode         AHRSLibISD9100.lib(gyrodriftcalibrate.o)
    0x00001e80   0x00000048   Code   RO         1681    i.CheckNormalDistribution  AHRSLibISD9100.lib(gyrodriftcalibrate.o)
    0x00001ec8   0x00000038   Code   RO         1650    i.CheckSecurityID   AHRSLibISD9100.lib(security.o)
    0x00001f00   0x00000050   Code   RO         1682    i.CheckStandardDV   AHRSLibISD9100.lib(gyrodriftcalibrate.o)
    0x00001f50   0x00000020   Code   RO          428    i.ChronographStart  timer_ctrl.o
    0x00001f70   0x00000200   Code   RO         1764    i.ComputeEuler      AHRSLibISD9100.lib(sensorfusion6.o)
    0x00002170   0x00000334   Code   RO         1765    i.ComputeMotion     AHRSLibISD9100.lib(sensorfusion6.o)
    0x000024a4   0x00000018   Code   RO          431    i.DelayMsec         timer_ctrl.o
    0x000024bc   0x00000014   Code   RO          129    i.EINT0_IRQHandler  main.o
    0x000024d0   0x00000014   Code   RO          130    i.EINT1_IRQHandler  main.o
    0x000024e4   0x00000050   Code   RO         1652    i.FMCReadUCID       AHRSLibISD9100.lib(security.o)
    0x00002534   0x00000014   Code   RO         1382    i.FMC_Close         fmc.o
    0x00002548   0x00000014   Code   RO         1389    i.FMC_Open          fmc.o
    0x0000255c   0x0000002c   Code   RO         1609    i.FilterACCInit     AHRSLibISD9100.lib(acccalibrate.o)
    0x00002588   0x0000004c   Code   RO         1665    i.FilterCalibrateACC  AHRSLibISD9100.lib(accfilter.o)
    0x000025d4   0x000000b4   Code   RO          131    i.GPAB_IRQHandler   main.o
    0x00002688   0x0000002e   Code   RO          958    i.GPIO_SetMode      gpio.o
    0x000026b6   0x00000024   Code   RO          132    i.GPIO_SetPinOutHigh  main.o
    0x000026da   0x00000024   Code   RO          133    i.GPIO_SetPinOutLow  main.o
    0x000026fe   0x00000002   PAD
    0x00002700   0x0000000c   Code   RO         1491    i.GetAHRSPeriod     AHRSLibISD9100.lib(ahrslib.o)
    0x0000270c   0x0000001c   Code   RO         1718    i.GetCalibrateParams  AHRSLibISD9100.lib(gauss_newton_calibrate.o)
    0x00002728   0x00000018   Code   RO         1683    i.GetGyroDynamicCenter  AHRSLibISD9100.lib(gyrodriftcalibrate.o)
    0x00002740   0x0000000c   Code   RO         1627    i.GetMagGuass       AHRSLibISD9100.lib(magcalibrate.o)
    0x0000274c   0x0000000c   Code   RO         1492    i.GetTickCounter    AHRSLibISD9100.lib(ahrslib.o)
    0x00002758   0x0000004c   Code   RO         1684    i.GyroDynamicCalibrate  AHRSLibISD9100.lib(gyrodriftcalibrate.o)
    0x000027a4   0x00000038   Code   RO          334    i.I2C0_IRQHandler   mpu6050.o
    0x000027dc   0x0000000a   Code   RO         1162    i.I2C_ClearTimeoutFlag  i2c.o
    0x000027e6   0x0000000a   Code   RO         1166    i.I2C_EnableInt     i2c.o
    0x000027f0   0x0000013c   Code   RO          335    i.I2C_MasterRx      mpu6050.o
    0x0000292c   0x000000e4   Code   RO          336    i.I2C_MasterTx      mpu6050.o
    0x00002a10   0x00000040   Code   RO         1172    i.I2C_Open          i2c.o
    0x00002a50   0x00000040   Code   RO         1175    i.I2C_SetSlaveAddr  i2c.o
    0x00002a90   0x00000078   Code   RO          134    i.Init_AHRS         main.o
    0x00002b08   0x00000040   Code   RO          135    i.Init_Bluetooth    main.o
    0x00002b48   0x000000bc   Code   RO          136    i.Init_GPIO         main.o
    0x00002c04   0x0000003c   Code   RO          337    i.Init_MPU6050      mpu6050.o
    0x00002c40   0x0000005c   Code   RO          338    i.MPU6050_I2C_SingleRead  mpu6050.o
    0x00002c9c   0x00000054   Code   RO          339    i.MPU6050_I2C_SingleWrite  mpu6050.o
    0x00002cf0   0x000000dc   Code   RO         1666    i.MultiwiiAccFilter  AHRSLibISD9100.lib(accfilter.o)
    0x00002dcc   0x00000014   Code   RO          139    i.NVIC_EnableIRQ    main.o
    0x00002de0   0x00000078   Code   RO          140    i.NVIC_SetPriority  main.o
    0x00002e58   0x00000078   Code   RO          435    i.NVIC_SetPriority  timer_ctrl.o
    0x00002ed0   0x0000006c   Code   RO         1493    i.RawSmoothInput    AHRSLibISD9100.lib(ahrslib.o)
    0x00002f3c   0x00000080   Code   RO         1494    i.RawSmoothOutput   AHRSLibISD9100.lib(ahrslib.o)
    0x00002fbc   0x00000018   Code   RO          340    i.Read_MPU6050_AccX  mpu6050.o
    0x00002fd4   0x00000018   Code   RO          341    i.Read_MPU6050_AccY  mpu6050.o
    0x00002fec   0x00000018   Code   RO          342    i.Read_MPU6050_AccZ  mpu6050.o
    0x00003004   0x00000018   Code   RO          343    i.Read_MPU6050_GyroX  mpu6050.o
    0x0000301c   0x00000018   Code   RO          344    i.Read_MPU6050_GyroY  mpu6050.o
    0x00003034   0x00000018   Code   RO          345    i.Read_MPU6050_GyroZ  mpu6050.o
    0x0000304c   0x000000d4   Code   RO          141    i.SYS_Init          main.o
    0x00003120   0x00000010   Code   RO          805    i.SYS_Lock          sys.o
    0x00003130   0x0000000c   Code   RO          806    i.SYS_LockReg       sys.o
    0x0000313c   0x00000030   Code   RO          810    i.SYS_ResetModule   sys.o
    0x0000316c   0x00000030   Code   RO          811    i.SYS_Unlock        sys.o
    0x0000319c   0x00000020   Code   RO          812    i.SYS_UnlockReg     sys.o
    0x000031bc   0x00000190   Code   RO         1610    i.SampleFilter      AHRSLibISD9100.lib(acccalibrate.o)
    0x0000334c   0x0000000c   Code   RO          698    i.SendChar          retarget.o
    0x00003358   0x00000034   Code   RO          699    i.SendChar_ToUART   retarget.o
    0x0000338c   0x00000120   Code   RO          142    i.Send_Data         main.o
    0x000034ac   0x00000038   Code   RO         1495    i.SensorStateInit   AHRSLibISD9100.lib(ahrslib.o)
    0x000034e4   0x00000040   Code   RO          143    i.SensorsDynamicCalibrate  main.o
    0x00003524   0x00000048   Code   RO         1611    i.SetCalibrateACC   AHRSLibISD9100.lib(acccalibrate.o)
    0x0000356c   0x00000048   Code   RO         1592    i.SetCalibrateGYRO  AHRSLibISD9100.lib(gyrocalibrate.o)
    0x000035b4   0x00000048   Code   RO         1629    i.SetMagGuass       AHRSLibISD9100.lib(magcalibrate.o)
    0x000035fc   0x0000000c   Code   RO         1496    i.SetZWithoutG_Base  AHRSLibISD9100.lib(ahrslib.o)
    0x00003608   0x00000074   Code   RO         1654    i.SetupSecurityID   AHRSLibISD9100.lib(security.o)
    0x0000367c   0x00000078   Code   RO          436    i.SysTick_Handler   timer_ctrl.o
    0x000036f4   0x00000068   Code   RO            3    i.SystemCoreClockUpdate  system_isd9100.o
    0x0000375c   0x00000018   Code   RO          437    i.TIMER_Init        timer_ctrl.o
    0x00003774   0x00000088   Code   RO          438    i.TMR0_IRQHandler   timer_ctrl.o
    0x000037fc   0x00000054   Code   RO          144    i.UART0_IRQHandler  main.o
    0x00003850   0x00000040   Code   RO          145    i.UART_Init         main.o
    0x00003890   0x00000068   Code   RO          886    i.UART_Open         uart.o
    0x000038f8   0x00000024   Code   RO          887    i.UART_Read         uart.o
    0x0000391c   0x00000024   Code   RO          891    i.UART_Write        uart.o
    0x00003940   0x00000034   Code   RO         1612    i.UpdateCalibrateInfoACC  AHRSLibISD9100.lib(acccalibrate.o)
    0x00003974   0x00000032   Code   RO         2025    i.__ARM_common_ll_muluu  m_ps.l(rred.o)
    0x000039a6   0x00000002   PAD
    0x000039a8   0x0000002c   Code   RO         2015    i.__ARM_fpclassify  m_ps.l(fpclassify.o)
    0x000039d4   0x0000039c   Code   RO         2020    i.__ieee754_rem_pio2  m_ps.l(rred.o)
    0x00003d70   0x000000f4   Code   RO         1998    i.__kernel_cos      m_ps.l(cos_i.o)
    0x00003e64   0x000000ac   Code   RO         2017    i.__kernel_poly     m_ps.l(poly.o)
    0x00003f10   0x000000ec   Code   RO         2027    i.__kernel_sin      m_ps.l(sin_i.o)
    0x00003ffc   0x0000000a   Code   RO         2002    i.__mathlib_dbl_infnan  m_ps.l(dunder.o)
    0x00004006   0x00000008   Code   RO         2003    i.__mathlib_dbl_infnan2  m_ps.l(dunder.o)
    0x0000400e   0x00000010   Code   RO         2004    i.__mathlib_dbl_invalid  m_ps.l(dunder.o)
    0x0000401e   0x00000002   PAD
    0x00004020   0x00000014   Code   RO         2007    i.__mathlib_dbl_underflow  m_ps.l(dunder.o)
    0x00004034   0x0000000e   Code   RO         1858    i._is_digit         c_p.l(__printf_wp.o)
    0x00004042   0x00000002   PAD
    0x00004044   0x0000021c   Code   RO         1928    i.atan              m_ps.l(atan.o)
    0x00004260   0x00000178   Code   RO         1938    i.atan2             m_ps.l(atan2.o)
    0x000043d8   0x0000016c   Code   RO         1727    i.calibrate_model_acc  AHRSLibISD9100.lib(gauss_newton_calibrate.o)
    0x00004544   0x000000a8   Code   RO         1767    i.checkMagFail      AHRSLibISD9100.lib(sensorfusion6.o)
    0x000045ec   0x00000098   Code   RO         1946    i.cos               m_ps.l(cos.o)
    0x00004684   0x00000008   Code   RO          701    i.ferror            retarget.o
    0x0000468c   0x00000118   Code   RO         1732    i.find_delta        AHRSLibISD9100.lib(gauss_newton_calibrate.o)
    0x000047a4   0x00000010   Code   RO          703    i.fputc             retarget.o
    0x000047b4   0x0000000c   Code   RO          439    i.getTickCount      timer_ctrl.o
    0x000047c0   0x00000034   Code   RO         1769    i.invSqrt           AHRSLibISD9100.lib(sensorfusion6.o)
    0x000047f4   0x000002a8   Code   RO          146    i.main              main.o
    0x00004a9c   0x0000002c   Code   RO         1501    i.nvtAHRSInit       AHRSLibISD9100.lib(ahrslib.o)
    0x00004ac8   0x00000090   Code   RO         1613    i.nvtCalACCBufferFill  AHRSLibISD9100.lib(acccalibrate.o)
    0x00004b58   0x00000028   Code   RO         1614    i.nvtCalACCInit     AHRSLibISD9100.lib(acccalibrate.o)
    0x00004b80   0x00000058   Code   RO         1504    i.nvtGetAccZWithoutGravity  AHRSLibISD9100.lib(ahrslib.o)
    0x00004bd8   0x00000028   Code   RO         1506    i.nvtGetEulerRPY    AHRSLibISD9100.lib(ahrslib.o)
    0x00004c00   0x00000014   Code   RO         1508    i.nvtGetGyroOffset  AHRSLibISD9100.lib(ahrslib.o)
    0x00004c14   0x00000060   Code   RO         1595    i.nvtGyroCenterCalibrate  AHRSLibISD9100.lib(gyrocalibrate.o)
    0x00004c74   0x00000050   Code   RO         1524    i.nvtInputSensorRawACC  AHRSLibISD9100.lib(ahrslib.o)
    0x00004cc4   0x00000058   Code   RO         1526    i.nvtInputSensorRawGYRO  AHRSLibISD9100.lib(ahrslib.o)
    0x00004d1c   0x00000018   Code   RO         1528    i.nvtMillisecondTick  AHRSLibISD9100.lib(ahrslib.o)
    0x00004d34   0x0000000c   Code   RO         1616    i.nvtSetAccG_PER_LSB  AHRSLibISD9100.lib(acccalibrate.o)
    0x00004d40   0x00000014   Code   RO         1530    i.nvtSetAccOffset   AHRSLibISD9100.lib(ahrslib.o)
    0x00004d54   0x00000014   Code   RO         1531    i.nvtSetAccScale    AHRSLibISD9100.lib(ahrslib.o)
    0x00004d68   0x0000000c   Code   RO         1598    i.nvtSetGYRODegPLSB  AHRSLibISD9100.lib(gyrocalibrate.o)
    0x00004d74   0x00000014   Code   RO         1532    i.nvtSetGyroOffset  AHRSLibISD9100.lib(ahrslib.o)
    0x00004d88   0x00000014   Code   RO         1533    i.nvtSetGyroScale   AHRSLibISD9100.lib(ahrslib.o)
    0x00004d9c   0x000000c8   Code   RO         1538    i.nvtUpdateAHRS     AHRSLibISD9100.lib(ahrslib.o)
    0x00004e64   0x00000036   Code   RO         1690    i.pushBuffer        AHRSLibISD9100.lib(gyrodriftcalibrate.o)
    0x00004e9a   0x000000b6   Code   RO         1691    i.quickSortIterative  AHRSLibISD9100.lib(gyrodriftcalibrate.o)
    0x00004f50   0x00000034   Code   RO         1733    i.reset_calibration_matrices  AHRSLibISD9100.lib(gauss_newton_calibrate.o)
    0x00004f84   0x00000040   Code   RO         1771    i.sensfusion6GetAccZWithoutGravity  AHRSLibISD9100.lib(sensorfusion6.o)
    0x00004fc4   0x00000018   Code   RO         1772    i.sensfusion6GetEulerRPY  AHRSLibISD9100.lib(sensorfusion6.o)
    0x00004fdc   0x000001c4   Code   RO         1783    i.sensfusion6UpdateMagByEuler  AHRSLibISD9100.lib(sensorfusion6.o)
    0x000051a0   0x000003e8   Code   RO         1784    i.sensfusion6UpdateQ  AHRSLibISD9100.lib(sensorfusion6.o)
    0x00005588   0x00000644   Code   RO         1785    i.sensfusion9UpdateQ  AHRSLibISD9100.lib(sensorfusion6.o)
    0x00005bcc   0x0000004c   Code   RO          443    i.setup_system_tick  timer_ctrl.o
    0x00005c18   0x0000009c   Code   RO         1954    i.sin               m_ps.l(sin.o)
    0x00005cb4   0x00000048   Code   RO         1962    i.sqrt              m_ps.l(sqrt.o)
    0x00005cfc   0x000000cc   Code   RO         1736    i.update_calibration_matrices  AHRSLibISD9100.lib(gauss_newton_calibrate.o)
    0x00005dc8   0x00000068   Code   RO         1900    x$fpl$drleqf        fz_ps.l(drlef.o)
    0x00005e30   0x0000008c   Code   RO         1904    x$fpl$fadd          fz_ps.l(faddsub.o)
    0x00005ebc   0x00000054   Code   RO         1919    x$fpl$fleqf         fz_ps.l(flef.o)
    0x00005f10   0x000000b0   Code   RO         1921    x$fpl$fmul          fz_ps.l(fmul.o)
    0x00005fc0   0x00000058   Code   RO         1923    x$fpl$frleqf        fz_ps.l(frlef.o)
    0x00006018   0x00000018   Code   RO         1905    x$fpl$frsb          fz_ps.l(faddsub.o)
    0x00006030   0x000000d0   Code   RO         1906    x$fpl$fsub          fz_ps.l(faddsub.o)
    0x00006100   0x00000000   Code   RO         1997    x$fpl$usenofp       fz_ps.l(usenofp.o)
    0x00006100   0x000000b4   Data   RO          149    .constdata          main.o
    0x000061b4   0x0000000c   Data   RO         1695    .constdata          AHRSLibISD9100.lib(gyrodriftcalibrate.o)
    0x000061c0   0x00000028   Data   RO         1831    .constdata          c_p.l(_printf_hex_int.o)
    0x000061e8   0x00000080   Data   RO         1890    .constdata          fz_ps.l(ddiv.o)
    0x00006268   0x00000040   Data   RO         1911    .constdata          fz_ps.l(fdiv.o)
    0x000062a8   0x00000098   Data   RO         1929    .constdata          m_ps.l(atan.o)
    0x00006340   0x00000030   Data   RO         1999    .constdata          m_ps.l(cos_i.o)
    0x00006370   0x00000008   Data   RO         2019    .constdata          m_ps.l(qnan.o)
    0x00006378   0x000000c8   Data   RO         2022    .constdata          m_ps.l(rred.o)
    0x00006440   0x00000028   Data   RO         2028    .constdata          m_ps.l(sin_i.o)
    0x00006468   0x00000020   Data   RO         2206    Region$$Table       anon$$obj.o


    Execution Region ER_RW (Base: 0x20000000, Size: 0x000001ac, Max: 0xffffffff, ABSOLUTE)

    Base Addr    Size         Type   Attr      Idx    E Section Name        Object

    0x20000000   0x0000001c   Data   RW            5    .data               system_isd9100.o
    0x2000001c   0x0000008c   Data   RW          150    .data               main.o
    0x200000a8   0x0000000c   Data   RW          346    .data               mpu6050.o
    0x200000b4   0x00000028   Data   RW          445    .data               timer_ctrl.o
    0x200000dc   0x00000008   Data   RW          706    .data               retarget.o
    0x200000e4   0x00000012   Data   RW         1540    .data               AHRSLibISD9100.lib(ahrslib.o)
    0x200000f6   0x00000001   Data   RW         1618    .data               AHRSLibISD9100.lib(acccalibrate.o)
    0x200000f7   0x00000001   PAD
    0x200000f8   0x00000008   Data   RW         1638    .data               AHRSLibISD9100.lib(magcalibrate.o)
    0x20000100   0x00000014   Data   RW         1656    .data               AHRSLibISD9100.lib(security.o)
    0x20000114   0x00000010   Data   RW         1670    .data               AHRSLibISD9100.lib(accfilter.o)
    0x20000124   0x00000088   Data   RW         1787    .data               AHRSLibISD9100.lib(sensorfusion6.o)


    Execution Region ER_ZI (Base: 0x200001ac, Size: 0x00001964, Max: 0xffffffff, ABSOLUTE)

    Base Addr    Size         Type   Attr      Idx    E Section Name        Object

    0x200001ac   0x00000096   Zero   RW          148    .bss                main.o
    0x20000242   0x00000002   PAD
    0x20000244   0x00000030   Zero   RW          444    .bss                timer_ctrl.o
    0x20000274   0x00000324   Zero   RW         1539    .bss                AHRSLibISD9100.lib(ahrslib.o)
    0x20000598   0x000001b0   Zero   RW         1617    .bss                AHRSLibISD9100.lib(acccalibrate.o)
    0x20000748   0x0000001c   Zero   RW         1655    .bss                AHRSLibISD9100.lib(security.o)
    0x20000764   0x00000018   Zero   RW         1669    .bss                AHRSLibISD9100.lib(accfilter.o)
    0x2000077c   0x00000a3c   Zero   RW         1694    .bss                AHRSLibISD9100.lib(gyrodriftcalibrate.o)
    0x200011b8   0x00000294   Zero   RW         1738    .bss                AHRSLibISD9100.lib(gauss_newton_calibrate.o)
    0x2000144c   0x00000060   Zero   RW         1786    .bss                AHRSLibISD9100.lib(sensorfusion6.o)
    0x200014ac   0x00000060   Zero   RW         2064    .bss                c_p.l(libspace.o)
    0x2000150c   0x00000004   PAD
    0x20001510   0x00000200   Zero   RW          118    HEAP                startup_isd9100.o
    0x20001710   0x00000400   Zero   RW          117    STACK               startup_isd9100.o


==============================================================================

Image component sizes


      Code (inc. data)   RO Data    RW Data    ZI Data      Debug   Object Name

       256         24          0          0          0       3032   clk.o
        40         12          0          0          0        887   fmc.o
        46          0          0          0          0        991   gpio.o
       148          6          0          0          0       2629   i2c.o
      2268        316        180        140        150     113214   main.o
       980        184          0         12          0       7125   mpu6050.o
        88          4          0          8          0      98960   retarget.o
        96         46        192          0       1536        616   startup_isd9100.o
       156         18          0          0          0       2436   sys.o
       104         30          0         28          0     100857   system_isd9100.o
       544         88          0         40         48     106879   timer_ctrl.o
       176          8          0          0          0       2549   uart.o

    ----------------------------------------------------------------------
      4904        736        404        228       1736     440175   Object Totals
         0          0         32          0          0          0   (incl. Generated)
         2          0          0          0          2          0   (incl. Padding)

    ----------------------------------------------------------------------

      Code (inc. data)   RO Data    RW Data    ZI Data      Debug   Library Member Name

       764         76          0          1        432        488   acccalibrate.o
       376         44          0         16         24        228   accfilter.o
      1056        140          0         18        804       1268   ahrslib.o
      1136        106          0          0        660        528   gauss_newton_calibrate.o
       180         38          0          0          0        208   gyrocalibrate.o
      1142         60         12          0       2620        680   gyrodriftcalibrate.o
        84         16          0          8          0        132   magcalibrate.o
       252         30          0         20         28        232   security.o
      4696        158          0        136         96        724   sensorfusion6.o
         8          0          0          0          0         68   __main.o
       284          0          0          0          0        136   __printf_wp.o
         0          0          0          0          0          0   __rtentry.o
        12          0          0          0          0          0   __rtentry2.o
         6          0          0          0          0          0   __rtentry4.o
        60          8          0          0          0          0   __scatter.o
        26          0          0          0          0          0   __scatter_copy.o
        28          0          0          0          0          0   __scatter_zi.o
        48          6          0          0          0         88   _printf_char_common.o
        40          6          0          0          0         72   _printf_char_file.o
        10          0          0          0          0          0   _printf_d.o
       108         18          0          0          0         76   _printf_dec.o
        88          4         40          0          0         72   _printf_hex_int.o
       176          0          0          0          0         84   _printf_intcommon.o
         2          0          0          0          0          0   _printf_percent.o
         4          0          0          0          0          0   _printf_percent_end.o
        10          0          0          0          0          0   _printf_x.o
        22          0          0          0          0         92   _rserrno.o
        10          0          0          0          0         60   _sputc.o
       488          0          0          0          0         92   aeabi_sdivfast.o
        16          0          0          0          0         68   exit.o
         6          0          0          0          0        136   heapauxi.o
         0          0          0          0          0          0   indicate_semi.o
         2          0          0          0          0          0   libinit.o
         2          0          0          0          0          0   libinit2.o
         2          0          0          0          0          0   libshutdown.o
         2          0          0          0          0          0   libshutdown2.o
         8          4          0          0         96         68   libspace.o
        28          6          0          0          0         84   noretval__2printf.o
        40          4          0          0          0         84   noretval__2sprintf.o
         8          4          0          0          0         68   rt_errno_addr_intlibspace.o
         2          0          0          0          0          0   rtexit.o
        10          0          0          0          0          0   rtexit2.o
        40          0          0          0          0         60   rtudiv10.o
       160          6          0          0          0         76   strncmp.o
        12          4          0          0          0         60   sys_exit.o
        62          0          0          0          0         80   sys_stackheap_outer.o
         2          0          0          0          0         68   use_no_semi.o
        46          0          0          0          0         60   cmpret.o
       124          4          0          0          0         72   d2f.o
       856         20          0          0          0        208   daddsub.o
       144          4          0          0          0         76   dcmpin.o
      1096         26        128          0          0        112   ddiv.o
       108         10          0          0          0         72   dfixi.o
        88          0          0          0          0         92   dflti.o
       584         26          0          0          0         84   dmul.o
        20          6          0          0          0         68   dnan2.o
       104          4          0          0          0        104   drlef.o
        96         12          0          0          0         72   dscalbn.o
       256          8          0          0          0         76   dsqrt.o
        84          4          0          0          0         60   f2d.o
       372          8          0          0          0        240   faddsub.o
       100          4          0          0          0         68   fcmpin.o
       352         10         64          0          0         92   fdiv.o
        76          0          0          0          0         68   ffixi.o
        48          0          0          0          0         60   ffixui.o
        94          0          0          0          0         92   fflti.o
        84          4          0          0          0         76   flef.o
       176          4          0          0          0         80   fmul.o
        16          6          0          0          0         68   fnan2.o
        88          4          0          0          0         76   frlef.o
        68          4          0          0          0         68   fscalbn.o
        94          0          0          0          0         68   retnan.o
         0          0          0          0          0          0   usenofp.o
       540         68        152          0          0        112   atan.o
       376         42          0          0          0        144   atan2.o
       152         10          0          0          0        104   cos.o
       244         20         48          0          0         92   cos_i.o
        54          6          0          0          0        272   dunder.o
        44          4          0          0          0         60   fpclassify.o
       172          0          0          0          0         76   poly.o
         0          0          8          0          0          0   qnan.o
       974         86        200          0          0        200   rred.o
       156         10          0          0          0        104   sin.o
       236         14         40          0          0        100   sin_i.o
        72          6          0          0          0         76   sqrt.o

    ----------------------------------------------------------------------
     19736       1172        692        200       4764       9732   Library Totals
        24          0          0          1          4          0   (incl. Padding)

    ----------------------------------------------------------------------

      Code (inc. data)   RO Data    RW Data    ZI Data      Debug   Library Name

      9686        668         12        199       4664       4488   AHRSLibISD9100.lib
      1832         70         40          0         96       1692   c_p.l
      5174        168        192          0          0       2212   fz_ps.l
      3020        266        448          0          0       1340   m_ps.l

    ----------------------------------------------------------------------
     19736       1172        692        200       4764       9732   Library Totals

    ----------------------------------------------------------------------

==============================================================================


      Code (inc. data)   RO Data    RW Data    ZI Data      Debug   

     24640       1908       1096        428       6500     442087   Grand Totals
     24640       1908       1096        428       6500     442087   ELF Image Totals
     24640       1908       1096        428          0          0   ROM Totals

==============================================================================

    Total RO  Size (Code + RO Data)                25736 (  25.13kB)
    Total RW  Size (RW Data + ZI Data)              6928 (   6.77kB)
    Total ROM Size (Code + RO Data + RW Data)      26164 (  25.55kB)

==============================================================================

