<html>
<body>
<pre>
<h1>µVision Build Log</h1>
<h2>Project:</h2>
E:\workspace\WPI\Nuvoton\Oscar-Numaker\SampleCode\Oscar-Numaker\KEIL\Oscar-Numaker.uvproj
Project File Date:  11/13/2015

<h2>Output:</h2>
Rebuild target 'Oscar-Numaker'
compiling system_ISD9100.c...
assembling startup_ISD9100.s...
compiling main.c...
compiling InterruptHandler.c...
compiling I2c0int.c...
compiling clk.c...
compiling retarget.c...
compiling sys.c...
compiling uart.c...
compiling gpio.c...
compiling pwm.c...
compiling timer.c...
compiling i2c.c...
compiling adc.c...
compiling fmc.c...
compiling acmp.c...
compiling biq.c...
compiling bod.c...
compiling capsense.c...
compiling CRC.c...
compiling dpwm.c...
compiling i2s.c...
compiling pdma.c...
compiling rtc.c...
compiling spi.c...
compiling talarm.c...
compiling wdt.c...
compiling LY096BG30.c...
compiling MPU6050.c...
compiling Timer_Ctrl.c...
compiling MPU6050_api.c...
compiling HDC1000.c...
compiling user_gpio.c...
linking...
Program Size: Code=27428 RO-data=1212 RW-data=1864 ZI-data=6688  
After Build - User command #1: fromelf --bin ".\obj\Oscar-Numaker.axf" --output ".\obj\Oscar-Numaker.bin"
After Build - User command #2: fromelf --text -c ".\obj\Oscar-Numaker.axf" --output ".\obj\Oscar-Numaker.txt"
".\obj\Oscar-Numaker.axf" - 0 Error(s), 0 Warning(s).
Load "E:\\workspace\\WPI\\Nuvoton\\Oscar-Numaker\\SampleCode\\Oscar-Numaker\\KEIL\\obj\\Oscar-Numaker.axf" 
ar-Numaker.bin"
After Build - User command #2: fromelf --text -c ".\obj\Oscar-Numaker.axf" --output ".\obj\Oscar-Numaker.txt"
".\obj\Oscar-Numaker.axf" - 0 Error(s), 2 Warning(s).
;
..\main.c: 10 warnings, 0 errors
compiling InterruptHandler.c...
compiling I2c0int.c...
compiling clk.c...
compiling retarget.c...
compiling sys.c...
compiling uart.c...
compiling gpio.c...
compiling pwm.c...
compiling timer.c...
compiling i2c.c...
compiling adc.c...
compiling fmc.c...
compiling acmp.c...
compiling biq.c...
compiling bod.c...
compiling capsense.c...
compiling CRC.c...
compiling dpwm.c...
compiling i2s.c...
compiling pdma.c...
compiling rtc.c...
compiling spi.c...
compiling talarm.c...
compiling wdt.c...
compiling LY096BG30.c...
compiling MPU6050.c...
compiling Timer_Ctrl.c...
compiling MPU6050_api.c...
compiling HDC1000.c...
compiling user_gpio.c...
linking...
Program Size: Code=27536 RO-data=1216 RW-data=1872 ZI-data=6704  
After Build - User command #1: fromelf --bin ".\obj\Oscar-Numaker.axf" --output ".\obj\Oscar-Numaker.bin"
After Build - User command #2: fromelf --text -c ".\obj\Oscar-Numaker.axf" --output ".\obj\Oscar-Numaker.txt"
".\obj\Oscar-Numaker.axf" - 0 Error(s), 10 Warning(s).
Load "E:\\workspace\\WPI\\Nuvoton\\Oscar-Numaker\\SampleCode\\Oscar-Numaker\\KEIL\\obj\\Oscar-Numaker.axf" 
a=1872 ZI-data=6704  
After Build - User command #1: fromelf --bin ".\obj\Oscar-Numaker.axf" --output ".\obj\Oscar-Numaker.bin"
After Build - User command #2: fromelf --text -c ".\obj\Oscar-Numaker.axf" --output ".\obj\Oscar-Numaker.txt"
".\obj\Oscar-Numaker.axf" - 0 Error(s), 15 Warning(s).
Load "E:\\workspace\\WPI\\Nuvoton\\Oscar-Numaker\\SampleCode\\Oscar-Numaker\\KEIL\\obj\\Oscar-Numaker.axf" 
