<!doctype html public "-//w3c//dtd html 4.0 transitional//en">
<html><head>
<title>Static Call Graph - [.\obj\Oscar-Numaker.axf]</title></head>
<body><HR>
<H1>Static Call Graph for image .\obj\Oscar-Numaker.axf</H1><HR>
<BR><P>#&#060CALLGRAPH&#062# ARM Linker, 5040049: Last Updated: Fri Nov 20 15:53:07 2015
<BR><P>
<H3>Maximum Stack Usage =        680 bytes + Unknown(Functions without stacksize, Cycles, Untraceable Function Pointers)</H3><H3>
Call chain for Maximum Stack Depth:</H3>
__rt_entry_main &rArr; main &rArr; GyroCalibrate &rArr; SensorsDynamicCalibrate &rArr; nvtGyroCenterCalibrate &rArr; GyroDynamicCalibrate &rArr; CheckGyroNormalParam &rArr; quickSortIterative
<P>
<H3>
Functions with no stack information
</H3><UL>
 <LI><a href="#[29]">__user_initial_stackheap</a>
</UL>
</UL>
<P>
<H3>
Mutually Recursive functions
</H3> <LI><a href="#[6]">NMI_Handler</a>&nbsp;&nbsp;&nbsp;&rArr;&nbsp;&nbsp;&nbsp;<a href="#[6]">NMI_Handler</a><BR>
 <LI><a href="#[7]">HardFault_Handler</a>&nbsp;&nbsp;&nbsp;&rArr;&nbsp;&nbsp;&nbsp;<a href="#[7]">HardFault_Handler</a><BR>
 <LI><a href="#[8]">SVC_Handler</a>&nbsp;&nbsp;&nbsp;&rArr;&nbsp;&nbsp;&nbsp;<a href="#[8]">SVC_Handler</a><BR>
 <LI><a href="#[9]">PendSV_Handler</a>&nbsp;&nbsp;&nbsp;&rArr;&nbsp;&nbsp;&nbsp;<a href="#[9]">PendSV_Handler</a><BR>
 <LI><a href="#[12]">Default_Handler</a>&nbsp;&nbsp;&nbsp;&rArr;&nbsp;&nbsp;&nbsp;<a href="#[12]">Default_Handler</a><BR>
</UL>
<P>
<H3>
Function Pointers
</H3><UL>
 <LI><a href="#[19]">ACMP_IRQHandler</a> from startup_isd9100.o(.text) referenced from startup_isd9100.o(RESET)
 <LI><a href="#[1d]">ADC_IRQHandler</a> from startup_isd9100.o(.text) referenced from startup_isd9100.o(RESET)
 <LI><a href="#[10]">ALC_IRQHandler</a> from startup_isd9100.o(.text) referenced from startup_isd9100.o(RESET)
 <LI><a href="#[b]">BOD_IRQHandler</a> from startup_isd9100.o(.text) referenced from startup_isd9100.o(RESET)
 <LI><a href="#[1c]">CAPS_IRQHandler</a> from startup_isd9100.o(.text) referenced from startup_isd9100.o(RESET)
 <LI><a href="#[12]">Default_Handler</a> from startup_isd9100.o(.text) referenced 13 times from startup_isd9100.o(RESET)
 <LI><a href="#[d]">EINT0_IRQHandler</a> from interrupthandler.o(i.EINT0_IRQHandler) referenced from startup_isd9100.o(RESET)
 <LI><a href="#[e]">EINT1_IRQHandler</a> from interrupthandler.o(i.EINT1_IRQHandler) referenced from startup_isd9100.o(RESET)
 <LI><a href="#[f]">GPAB_IRQHandler</a> from interrupthandler.o(i.GPAB_IRQHandler) referenced from startup_isd9100.o(RESET)
 <LI><a href="#[7]">HardFault_Handler</a> from startup_isd9100.o(.text) referenced from startup_isd9100.o(RESET)
 <LI><a href="#[17]">I2C0_IRQHandler</a> from i2c0int.o(i.I2C0_IRQHandler) referenced from startup_isd9100.o(RESET)
 <LI><a href="#[25]">I2C_MasterRx</a> from i2c0int.o(i.I2C_MasterRx) referenced from mpu6050.o(i.MPU6050_I2C_SingleRead)
 <LI><a href="#[23]">I2C_MasterRx_var</a> from i2c0int.o(i.I2C_MasterRx_var) referenced from hdc1000.o(i.HDC1000_I2C_SingleRead)
 <LI><a href="#[26]">I2C_MasterTx</a> from i2c0int.o(i.I2C_MasterTx) referenced from mpu6050.o(i.MPU6050_I2C_SingleWrite)
 <LI><a href="#[26]">I2C_MasterTx</a> from i2c0int.o(i.I2C_MasterTx) referenced from ly096bg30.o(i.OLED_SingleWrite)
 <LI><a href="#[24]">I2C_MasterTx_var</a> from i2c0int.o(i.I2C_MasterTx_var) referenced from hdc1000.o(i.HDC1000_I2C_SingleWrite)
 <LI><a href="#[1b]">I2S_IRQHandler</a> from startup_isd9100.o(.text) referenced from startup_isd9100.o(RESET)
 <LI><a href="#[6]">NMI_Handler</a> from startup_isd9100.o(.text) referenced from startup_isd9100.o(RESET)
 <LI><a href="#[1a]">PDMA_IRQHandler</a> from startup_isd9100.o(.text) referenced from startup_isd9100.o(RESET)
 <LI><a href="#[11]">PWM0_IRQHandler</a> from startup_isd9100.o(.text) referenced from startup_isd9100.o(RESET)
 <LI><a href="#[9]">PendSV_Handler</a> from startup_isd9100.o(.text) referenced from startup_isd9100.o(RESET)
 <LI><a href="#[1e]">RTC_IRQHandler</a> from startup_isd9100.o(.text) referenced from startup_isd9100.o(RESET)
 <LI><a href="#[27]">Reset_Handler</a> from startup_isd9100.o(.text) referenced from startup_isd9100.o(RESET)
 <LI><a href="#[16]">SPI0_IRQHandler</a> from startup_isd9100.o(.text) referenced from startup_isd9100.o(RESET)
 <LI><a href="#[8]">SVC_Handler</a> from startup_isd9100.o(.text) referenced from startup_isd9100.o(RESET)
 <LI><a href="#[a]">SysTick_Handler</a> from timer_ctrl.o(i.SysTick_Handler) referenced from startup_isd9100.o(RESET)
 <LI><a href="#[18]">TALARM_IRQHandler</a> from startup_isd9100.o(.text) referenced from startup_isd9100.o(RESET)
 <LI><a href="#[13]">TMR0_IRQHandler</a> from timer_ctrl.o(i.TMR0_IRQHandler) referenced from startup_isd9100.o(RESET)
 <LI><a href="#[14]">TMR1_IRQHandler</a> from startup_isd9100.o(.text) referenced from startup_isd9100.o(RESET)
 <LI><a href="#[15]">UART0_IRQHandler</a> from main.o(i.UART0_IRQHandler) referenced from startup_isd9100.o(RESET)
 <LI><a href="#[c]">WDT_IRQHandler</a> from startup_isd9100.o(.text) referenced from startup_isd9100.o(RESET)
 <LI><a href="#[28]">__main</a> from __main.o(!!!main) referenced from startup_isd9100.o(.text)
 <LI><a href="#[21]">_printf_input_char</a> from _printf_char_common.o(.text) referenced from _printf_char_common.o(.text)
 <LI><a href="#[20]">_sputc</a> from _sputc.o(.text) referenced from noretval__2sprintf.o(.text)
 <LI><a href="#[22]">fputc</a> from retarget.o(i.fputc) referenced from _printf_char_file.o(.text)
</UL>
<P>
<H3>
Global Symbols
</H3>
<P><STRONG><a name="[28]"></a>__main</STRONG> (Thumb, 8 bytes, Stack size 0 bytes, __main.o(!!!main))
<BR><BR>[Calls]<UL><LI><a href="#[2a]">&gt;&gt;</a>&nbsp;&nbsp;&nbsp;__scatterload
<LI><a href="#[2b]">&gt;&gt;</a>&nbsp;&nbsp;&nbsp;__rt_entry
</UL>

<P><STRONG><a name="[2a]"></a>__scatterload</STRONG> (Thumb, 0 bytes, Stack size unknown bytes, __scatter.o(!!!scatter))
<BR><BR>[Called By]<UL><LI><a href="#[28]">&gt;&gt;</a>&nbsp;&nbsp;&nbsp;__main
</UL>

<P><STRONG><a name="[2c]"></a>__scatterload_rt2</STRONG> (Thumb, 52 bytes, Stack size unknown bytes, __scatter.o(!!!scatter), UNUSED)
<BR><BR>[Calls]<UL><LI><a href="#[2b]">&gt;&gt;</a>&nbsp;&nbsp;&nbsp;__rt_entry
</UL>

<P><STRONG><a name="[11f]"></a>__scatterload_rt2_thumb_only</STRONG> (Thumb, 0 bytes, Stack size unknown bytes, __scatter.o(!!!scatter), UNUSED)

<P><STRONG><a name="[120]"></a>__scatterload_null</STRONG> (Thumb, 0 bytes, Stack size unknown bytes, __scatter.o(!!!scatter), UNUSED)

<P><STRONG><a name="[2d]"></a>__scatterload_copy</STRONG> (Thumb, 26 bytes, Stack size unknown bytes, __scatter_copy.o(!!handler_copy), UNUSED)
<BR><BR>[Calls]<UL><LI><a href="#[2d]">&gt;&gt;</a>&nbsp;&nbsp;&nbsp;__scatterload_copy
</UL>
<BR>[Called By]<UL><LI><a href="#[2d]">&gt;&gt;</a>&nbsp;&nbsp;&nbsp;__scatterload_copy
</UL>

<P><STRONG><a name="[121]"></a>__scatterload_zeroinit</STRONG> (Thumb, 28 bytes, Stack size unknown bytes, __scatter_zi.o(!!handler_zi), UNUSED)

<P><STRONG><a name="[48]"></a>_printf_percent</STRONG> (Thumb, 0 bytes, Stack size unknown bytes, _printf_percent.o(.ARM.Collect$$_printf_percent$$00000000))
<BR><BR>[Called By]<UL><LI><a href="#[46]">&gt;&gt;</a>&nbsp;&nbsp;&nbsp;__printf
</UL>

<P><STRONG><a name="[2e]"></a>_printf_d</STRONG> (Thumb, 0 bytes, Stack size unknown bytes, _printf_d.o(.ARM.Collect$$_printf_percent$$00000009))
<BR><BR>[Stack]<UL><LI>Max Depth = 72 + Unknown Stack Size
<LI>Call Chain = _printf_d &rArr; _printf_int_dec &rArr; _printf_int_common
</UL>
<BR>[Calls]<UL><LI><a href="#[2f]">&gt;&gt;</a>&nbsp;&nbsp;&nbsp;_printf_x
<LI><a href="#[30]">&gt;&gt;</a>&nbsp;&nbsp;&nbsp;_printf_int_dec
</UL>

<P><STRONG><a name="[2f]"></a>_printf_x</STRONG> (Thumb, 0 bytes, Stack size unknown bytes, _printf_x.o(.ARM.Collect$$_printf_percent$$0000000C))
<BR><BR>[Stack]<UL><LI>Max Depth = 56 + Unknown Stack Size
<LI>Call Chain = _printf_x &rArr; _printf_int_hex &rArr; _printf_int_common
</UL>
<BR>[Calls]<UL><LI><a href="#[32]">&gt;&gt;</a>&nbsp;&nbsp;&nbsp;_printf_int_hex
<LI><a href="#[31]">&gt;&gt;</a>&nbsp;&nbsp;&nbsp;_printf_percent_end
</UL>
<BR>[Called By]<UL><LI><a href="#[2e]">&gt;&gt;</a>&nbsp;&nbsp;&nbsp;_printf_d
</UL>

<P><STRONG><a name="[31]"></a>_printf_percent_end</STRONG> (Thumb, 0 bytes, Stack size unknown bytes, _printf_percent_end.o(.ARM.Collect$$_printf_percent$$00000017))
<BR><BR>[Called By]<UL><LI><a href="#[2f]">&gt;&gt;</a>&nbsp;&nbsp;&nbsp;_printf_x
</UL>

<P><STRONG><a name="[36]"></a>__rt_lib_init</STRONG> (Thumb, 0 bytes, Stack size unknown bytes, libinit.o(.ARM.Collect$$libinit$$00000000))
<BR><BR>[Called By]<UL><LI><a href="#[35]">&gt;&gt;</a>&nbsp;&nbsp;&nbsp;__rt_entry_li
</UL>

<P><STRONG><a name="[122]"></a>__rt_lib_init_fp_1</STRONG> (Thumb, 0 bytes, Stack size unknown bytes, libinit2.o(.ARM.Collect$$libinit$$00000001))

<P><STRONG><a name="[123]"></a>__rt_lib_init_alloca_1</STRONG> (Thumb, 0 bytes, Stack size unknown bytes, libinit2.o(.ARM.Collect$$libinit$$0000002C))

<P><STRONG><a name="[124]"></a>__rt_lib_init_argv_1</STRONG> (Thumb, 0 bytes, Stack size unknown bytes, libinit2.o(.ARM.Collect$$libinit$$0000002A))

<P><STRONG><a name="[125]"></a>__rt_lib_init_atexit_1</STRONG> (Thumb, 0 bytes, Stack size unknown bytes, libinit2.o(.ARM.Collect$$libinit$$00000019))

<P><STRONG><a name="[126]"></a>__rt_lib_init_clock_1</STRONG> (Thumb, 0 bytes, Stack size unknown bytes, libinit2.o(.ARM.Collect$$libinit$$0000001F))

<P><STRONG><a name="[127]"></a>__rt_lib_init_cpp_1</STRONG> (Thumb, 0 bytes, Stack size unknown bytes, libinit2.o(.ARM.Collect$$libinit$$00000030))

<P><STRONG><a name="[128]"></a>__rt_lib_init_exceptions_1</STRONG> (Thumb, 0 bytes, Stack size unknown bytes, libinit2.o(.ARM.Collect$$libinit$$0000002E))

<P><STRONG><a name="[129]"></a>__rt_lib_init_fp_trap_1</STRONG> (Thumb, 0 bytes, Stack size unknown bytes, libinit2.o(.ARM.Collect$$libinit$$0000001D))

<P><STRONG><a name="[12a]"></a>__rt_lib_init_getenv_1</STRONG> (Thumb, 0 bytes, Stack size unknown bytes, libinit2.o(.ARM.Collect$$libinit$$00000021))

<P><STRONG><a name="[12b]"></a>__rt_lib_init_heap_1</STRONG> (Thumb, 0 bytes, Stack size unknown bytes, libinit2.o(.ARM.Collect$$libinit$$00000008))

<P><STRONG><a name="[12c]"></a>__rt_lib_init_lc_collate_1</STRONG> (Thumb, 0 bytes, Stack size unknown bytes, libinit2.o(.ARM.Collect$$libinit$$0000000F))

<P><STRONG><a name="[12d]"></a>__rt_lib_init_lc_ctype_1</STRONG> (Thumb, 0 bytes, Stack size unknown bytes, libinit2.o(.ARM.Collect$$libinit$$00000011))

<P><STRONG><a name="[12e]"></a>__rt_lib_init_lc_monetary_1</STRONG> (Thumb, 0 bytes, Stack size unknown bytes, libinit2.o(.ARM.Collect$$libinit$$00000013))

<P><STRONG><a name="[12f]"></a>__rt_lib_init_lc_numeric_1</STRONG> (Thumb, 0 bytes, Stack size unknown bytes, libinit2.o(.ARM.Collect$$libinit$$00000015))

<P><STRONG><a name="[130]"></a>__rt_lib_init_lc_time_1</STRONG> (Thumb, 0 bytes, Stack size unknown bytes, libinit2.o(.ARM.Collect$$libinit$$00000017))

<P><STRONG><a name="[131]"></a>__rt_lib_init_rand_1</STRONG> (Thumb, 0 bytes, Stack size unknown bytes, libinit2.o(.ARM.Collect$$libinit$$0000000C))

<P><STRONG><a name="[132]"></a>__rt_lib_init_return</STRONG> (Thumb, 0 bytes, Stack size unknown bytes, libinit2.o(.ARM.Collect$$libinit$$00000031))

<P><STRONG><a name="[133]"></a>__rt_lib_init_signal_1</STRONG> (Thumb, 0 bytes, Stack size unknown bytes, libinit2.o(.ARM.Collect$$libinit$$0000001B))

<P><STRONG><a name="[134]"></a>__rt_lib_init_stdio_1</STRONG> (Thumb, 0 bytes, Stack size unknown bytes, libinit2.o(.ARM.Collect$$libinit$$00000023))

<P><STRONG><a name="[135]"></a>__rt_lib_init_user_alloc_1</STRONG> (Thumb, 0 bytes, Stack size unknown bytes, libinit2.o(.ARM.Collect$$libinit$$0000000A))

<P><STRONG><a name="[3b]"></a>__rt_lib_shutdown</STRONG> (Thumb, 0 bytes, Stack size unknown bytes, libshutdown.o(.ARM.Collect$$libshutdown$$00000000))
<BR><BR>[Called By]<UL><LI><a href="#[3a]">&gt;&gt;</a>&nbsp;&nbsp;&nbsp;__rt_exit_ls
</UL>

<P><STRONG><a name="[136]"></a>__rt_lib_shutdown_fp_trap_1</STRONG> (Thumb, 0 bytes, Stack size unknown bytes, libshutdown2.o(.ARM.Collect$$libshutdown$$00000006))

<P><STRONG><a name="[137]"></a>__rt_lib_shutdown_heap_1</STRONG> (Thumb, 0 bytes, Stack size unknown bytes, libshutdown2.o(.ARM.Collect$$libshutdown$$0000000E))

<P><STRONG><a name="[138]"></a>__rt_lib_shutdown_return</STRONG> (Thumb, 0 bytes, Stack size unknown bytes, libshutdown2.o(.ARM.Collect$$libshutdown$$0000000F))

<P><STRONG><a name="[139]"></a>__rt_lib_shutdown_signal_1</STRONG> (Thumb, 0 bytes, Stack size unknown bytes, libshutdown2.o(.ARM.Collect$$libshutdown$$00000009))

<P><STRONG><a name="[13a]"></a>__rt_lib_shutdown_stdio_1</STRONG> (Thumb, 0 bytes, Stack size unknown bytes, libshutdown2.o(.ARM.Collect$$libshutdown$$00000003))

<P><STRONG><a name="[13b]"></a>__rt_lib_shutdown_user_alloc_1</STRONG> (Thumb, 0 bytes, Stack size unknown bytes, libshutdown2.o(.ARM.Collect$$libshutdown$$0000000B))

<P><STRONG><a name="[2b]"></a>__rt_entry</STRONG> (Thumb, 0 bytes, Stack size unknown bytes, rtentry.o(.ARM.Collect$$rtentry$$00000000))
<BR><BR>[Called By]<UL><LI><a href="#[28]">&gt;&gt;</a>&nbsp;&nbsp;&nbsp;__main
<LI><a href="#[2c]">&gt;&gt;</a>&nbsp;&nbsp;&nbsp;__scatterload_rt2
</UL>

<P><STRONG><a name="[13c]"></a>__rt_entry_presh_1</STRONG> (Thumb, 0 bytes, Stack size unknown bytes, rtentry2.o(.ARM.Collect$$rtentry$$00000002))

<P><STRONG><a name="[33]"></a>__rt_entry_sh</STRONG> (Thumb, 0 bytes, Stack size unknown bytes, rtentry4.o(.ARM.Collect$$rtentry$$00000004))
<BR><BR>[Stack]<UL><LI>Max Depth = 8 + Unknown Stack Size
<LI>Call Chain = __rt_entry_sh &rArr; __user_setup_stackheap
</UL>
<BR>[Calls]<UL><LI><a href="#[34]">&gt;&gt;</a>&nbsp;&nbsp;&nbsp;__user_setup_stackheap
</UL>

<P><STRONG><a name="[35]"></a>__rt_entry_li</STRONG> (Thumb, 0 bytes, Stack size unknown bytes, rtentry2.o(.ARM.Collect$$rtentry$$0000000A))
<BR><BR>[Calls]<UL><LI><a href="#[36]">&gt;&gt;</a>&nbsp;&nbsp;&nbsp;__rt_lib_init
</UL>

<P><STRONG><a name="[13d]"></a>__rt_entry_postsh_1</STRONG> (Thumb, 0 bytes, Stack size unknown bytes, rtentry2.o(.ARM.Collect$$rtentry$$00000009))

<P><STRONG><a name="[37]"></a>__rt_entry_main</STRONG> (Thumb, 0 bytes, Stack size unknown bytes, rtentry2.o(.ARM.Collect$$rtentry$$0000000D))
<BR><BR>[Stack]<UL><LI>Max Depth = 680 + Unknown Stack Size
<LI>Call Chain = __rt_entry_main &rArr; main &rArr; GyroCalibrate &rArr; SensorsDynamicCalibrate &rArr; nvtGyroCenterCalibrate &rArr; GyroDynamicCalibrate &rArr; CheckGyroNormalParam &rArr; quickSortIterative
</UL>
<BR>[Calls]<UL><LI><a href="#[38]">&gt;&gt;</a>&nbsp;&nbsp;&nbsp;main
<LI><a href="#[39]">&gt;&gt;</a>&nbsp;&nbsp;&nbsp;exit
</UL>

<P><STRONG><a name="[13e]"></a>__rt_entry_postli_1</STRONG> (Thumb, 0 bytes, Stack size unknown bytes, rtentry2.o(.ARM.Collect$$rtentry$$0000000C))

<P><STRONG><a name="[66]"></a>__rt_exit</STRONG> (Thumb, 0 bytes, Stack size unknown bytes, rtexit.o(.ARM.Collect$$rtexit$$00000000))
<BR><BR>[Called By]<UL><LI><a href="#[39]">&gt;&gt;</a>&nbsp;&nbsp;&nbsp;exit
</UL>

<P><STRONG><a name="[3a]"></a>__rt_exit_ls</STRONG> (Thumb, 0 bytes, Stack size unknown bytes, rtexit2.o(.ARM.Collect$$rtexit$$00000003))
<BR><BR>[Calls]<UL><LI><a href="#[3b]">&gt;&gt;</a>&nbsp;&nbsp;&nbsp;__rt_lib_shutdown
</UL>

<P><STRONG><a name="[13f]"></a>__rt_exit_prels_1</STRONG> (Thumb, 0 bytes, Stack size unknown bytes, rtexit2.o(.ARM.Collect$$rtexit$$00000002))

<P><STRONG><a name="[3c]"></a>__rt_exit_exit</STRONG> (Thumb, 0 bytes, Stack size unknown bytes, rtexit2.o(.ARM.Collect$$rtexit$$00000004))
<BR><BR>[Calls]<UL><LI><a href="#[3d]">&gt;&gt;</a>&nbsp;&nbsp;&nbsp;_sys_exit
</UL>

<P><STRONG><a name="[27]"></a>Reset_Handler</STRONG> (Thumb, 28 bytes, Stack size 0 bytes, startup_isd9100.o(.text))

<P><STRONG><a name="[6]"></a>NMI_Handler</STRONG> (Thumb, 2 bytes, Stack size 0 bytes, startup_isd9100.o(.text))
<BR><BR>[Calls]<UL><LI><a href="#[6]">&gt;&gt;</a>&nbsp;&nbsp;&nbsp;NMI_Handler
</UL>
<BR>[Called By]<UL><LI><a href="#[6]">&gt;&gt;</a>&nbsp;&nbsp;&nbsp;NMI_Handler
</UL>
<BR>[Address Reference Count : 1]<UL><LI> startup_isd9100.o(RESET)
</UL>
<P><STRONG><a name="[7]"></a>HardFault_Handler</STRONG> (Thumb, 2 bytes, Stack size 0 bytes, startup_isd9100.o(.text))
<BR><BR>[Calls]<UL><LI><a href="#[7]">&gt;&gt;</a>&nbsp;&nbsp;&nbsp;HardFault_Handler
</UL>
<BR>[Called By]<UL><LI><a href="#[7]">&gt;&gt;</a>&nbsp;&nbsp;&nbsp;HardFault_Handler
</UL>
<BR>[Address Reference Count : 1]<UL><LI> startup_isd9100.o(RESET)
</UL>
<P><STRONG><a name="[8]"></a>SVC_Handler</STRONG> (Thumb, 2 bytes, Stack size 0 bytes, startup_isd9100.o(.text))
<BR><BR>[Calls]<UL><LI><a href="#[8]">&gt;&gt;</a>&nbsp;&nbsp;&nbsp;SVC_Handler
</UL>
<BR>[Called By]<UL><LI><a href="#[8]">&gt;&gt;</a>&nbsp;&nbsp;&nbsp;SVC_Handler
</UL>
<BR>[Address Reference Count : 1]<UL><LI> startup_isd9100.o(RESET)
</UL>
<P><STRONG><a name="[9]"></a>PendSV_Handler</STRONG> (Thumb, 2 bytes, Stack size 0 bytes, startup_isd9100.o(.text))
<BR><BR>[Calls]<UL><LI><a href="#[9]">&gt;&gt;</a>&nbsp;&nbsp;&nbsp;PendSV_Handler
</UL>
<BR>[Called By]<UL><LI><a href="#[9]">&gt;&gt;</a>&nbsp;&nbsp;&nbsp;PendSV_Handler
</UL>
<BR>[Address Reference Count : 1]<UL><LI> startup_isd9100.o(RESET)
</UL>
<P><STRONG><a name="[19]"></a>ACMP_IRQHandler</STRONG> (Thumb, 0 bytes, Stack size 0 bytes, startup_isd9100.o(.text))
<BR>[Address Reference Count : 1]<UL><LI> startup_isd9100.o(RESET)
</UL>
<P><STRONG><a name="[1d]"></a>ADC_IRQHandler</STRONG> (Thumb, 0 bytes, Stack size 0 bytes, startup_isd9100.o(.text))
<BR>[Address Reference Count : 1]<UL><LI> startup_isd9100.o(RESET)
</UL>
<P><STRONG><a name="[10]"></a>ALC_IRQHandler</STRONG> (Thumb, 0 bytes, Stack size 0 bytes, startup_isd9100.o(.text))
<BR>[Address Reference Count : 1]<UL><LI> startup_isd9100.o(RESET)
</UL>
<P><STRONG><a name="[b]"></a>BOD_IRQHandler</STRONG> (Thumb, 0 bytes, Stack size 0 bytes, startup_isd9100.o(.text))
<BR>[Address Reference Count : 1]<UL><LI> startup_isd9100.o(RESET)
</UL>
<P><STRONG><a name="[1c]"></a>CAPS_IRQHandler</STRONG> (Thumb, 0 bytes, Stack size 0 bytes, startup_isd9100.o(.text))
<BR>[Address Reference Count : 1]<UL><LI> startup_isd9100.o(RESET)
</UL>
<P><STRONG><a name="[1b]"></a>I2S_IRQHandler</STRONG> (Thumb, 0 bytes, Stack size 0 bytes, startup_isd9100.o(.text))
<BR>[Address Reference Count : 1]<UL><LI> startup_isd9100.o(RESET)
</UL>
<P><STRONG><a name="[1a]"></a>PDMA_IRQHandler</STRONG> (Thumb, 0 bytes, Stack size 0 bytes, startup_isd9100.o(.text))
<BR>[Address Reference Count : 1]<UL><LI> startup_isd9100.o(RESET)
</UL>
<P><STRONG><a name="[11]"></a>PWM0_IRQHandler</STRONG> (Thumb, 0 bytes, Stack size 0 bytes, startup_isd9100.o(.text))
<BR>[Address Reference Count : 1]<UL><LI> startup_isd9100.o(RESET)
</UL>
<P><STRONG><a name="[1e]"></a>RTC_IRQHandler</STRONG> (Thumb, 0 bytes, Stack size 0 bytes, startup_isd9100.o(.text))
<BR>[Address Reference Count : 1]<UL><LI> startup_isd9100.o(RESET)
</UL>
<P><STRONG><a name="[16]"></a>SPI0_IRQHandler</STRONG> (Thumb, 0 bytes, Stack size 0 bytes, startup_isd9100.o(.text))
<BR>[Address Reference Count : 1]<UL><LI> startup_isd9100.o(RESET)
</UL>
<P><STRONG><a name="[18]"></a>TALARM_IRQHandler</STRONG> (Thumb, 0 bytes, Stack size 0 bytes, startup_isd9100.o(.text))
<BR>[Address Reference Count : 1]<UL><LI> startup_isd9100.o(RESET)
</UL>
<P><STRONG><a name="[14]"></a>TMR1_IRQHandler</STRONG> (Thumb, 0 bytes, Stack size 0 bytes, startup_isd9100.o(.text))
<BR>[Address Reference Count : 1]<UL><LI> startup_isd9100.o(RESET)
</UL>
<P><STRONG><a name="[c]"></a>WDT_IRQHandler</STRONG> (Thumb, 0 bytes, Stack size 0 bytes, startup_isd9100.o(.text))
<BR>[Address Reference Count : 1]<UL><LI> startup_isd9100.o(RESET)
</UL>
<P><STRONG><a name="[29]"></a>__user_initial_stackheap</STRONG> (Thumb, 0 bytes, Stack size unknown bytes, startup_isd9100.o(.text))
<BR><BR>[Called By]<UL><LI><a href="#[34]">&gt;&gt;</a>&nbsp;&nbsp;&nbsp;__user_setup_stackheap
</UL>

<P><STRONG><a name="[3e]"></a>__2printf</STRONG> (Thumb, 22 bytes, Stack size 24 bytes, noretval__2printf.o(.text))
<BR><BR>[Stack]<UL><LI>Max Depth = 136 + Unknown Stack Size
<LI>Call Chain = __2printf &rArr; _printf_char_file &rArr; _printf_char_common &rArr; __printf
</UL>
<BR>[Calls]<UL><LI><a href="#[3f]">&gt;&gt;</a>&nbsp;&nbsp;&nbsp;_printf_char_file
</UL>
<BR>[Called By]<UL><LI><a href="#[87]">&gt;&gt;</a>&nbsp;&nbsp;&nbsp;AccZCalibrate
</UL>

<P><STRONG><a name="[40]"></a>__2sprintf</STRONG> (Thumb, 36 bytes, Stack size 32 bytes, noretval__2sprintf.o(.text))
<BR><BR>[Stack]<UL><LI>Max Depth = 128 + Unknown Stack Size
<LI>Call Chain = __2sprintf &rArr; _printf_char_common &rArr; __printf
</UL>
<BR>[Calls]<UL><LI><a href="#[20]">&gt;&gt;</a>&nbsp;&nbsp;&nbsp;_sputc
<LI><a href="#[41]">&gt;&gt;</a>&nbsp;&nbsp;&nbsp;_printf_char_common
</UL>
<BR>[Called By]<UL><LI><a href="#[38]">&gt;&gt;</a>&nbsp;&nbsp;&nbsp;main
</UL>

<P><STRONG><a name="[30]"></a>_printf_int_dec</STRONG> (Thumb, 90 bytes, Stack size 32 bytes, _printf_dec.o(.text))
<BR><BR>[Stack]<UL><LI>Max Depth = 72<LI>Call Chain = _printf_int_dec &rArr; _printf_int_common
</UL>
<BR>[Calls]<UL><LI><a href="#[43]">&gt;&gt;</a>&nbsp;&nbsp;&nbsp;_printf_truncate_unsigned (Weak Reference)
<LI><a href="#[42]">&gt;&gt;</a>&nbsp;&nbsp;&nbsp;_printf_truncate_signed (Weak Reference)
<LI><a href="#[44]">&gt;&gt;</a>&nbsp;&nbsp;&nbsp;__rt_udiv10
<LI><a href="#[45]">&gt;&gt;</a>&nbsp;&nbsp;&nbsp;_printf_int_common
</UL>
<BR>[Called By]<UL><LI><a href="#[2e]">&gt;&gt;</a>&nbsp;&nbsp;&nbsp;_printf_d
</UL>

<P><STRONG><a name="[32]"></a>_printf_int_hex</STRONG> (Thumb, 84 bytes, Stack size 16 bytes, _printf_hex_int.o(.text))
<BR><BR>[Stack]<UL><LI>Max Depth = 56<LI>Call Chain = _printf_int_hex &rArr; _printf_int_common
</UL>
<BR>[Calls]<UL><LI><a href="#[43]">&gt;&gt;</a>&nbsp;&nbsp;&nbsp;_printf_truncate_unsigned (Weak Reference)
<LI><a href="#[45]">&gt;&gt;</a>&nbsp;&nbsp;&nbsp;_printf_int_common
</UL>
<BR>[Called By]<UL><LI><a href="#[2f]">&gt;&gt;</a>&nbsp;&nbsp;&nbsp;_printf_x
</UL>

<P><STRONG><a name="[140]"></a>_printf_longlong_hex</STRONG> (Thumb, 0 bytes, Stack size 16 bytes, _printf_hex_int.o(.text), UNUSED)

<P><STRONG><a name="[46]"></a>__printf</STRONG> (Thumb, 270 bytes, Stack size 32 bytes, __printf_wp.o(.text))
<BR><BR>[Stack]<UL><LI>Max Depth = 32 + Unknown Stack Size
<LI>Call Chain = __printf
</UL>
<BR>[Calls]<UL><LI><a href="#[48]">&gt;&gt;</a>&nbsp;&nbsp;&nbsp;_printf_percent
<LI><a href="#[47]">&gt;&gt;</a>&nbsp;&nbsp;&nbsp;_is_digit
</UL>
<BR>[Called By]<UL><LI><a href="#[41]">&gt;&gt;</a>&nbsp;&nbsp;&nbsp;_printf_char_common
</UL>

<P><STRONG><a name="[111]"></a>strlen</STRONG> (Thumb, 62 bytes, Stack size 12 bytes, strlen.o(.text))
<BR><BR>[Stack]<UL><LI>Max Depth = 12<LI>Call Chain = strlen
</UL>
<BR>[Called By]<UL><LI><a href="#[100]">&gt;&gt;</a>&nbsp;&nbsp;&nbsp;print_Line
</UL>

<P><STRONG><a name="[104]"></a>strncmp</STRONG> (Thumb, 154 bytes, Stack size 20 bytes, strncmp.o(.text))
<BR><BR>[Stack]<UL><LI>Max Depth = 20<LI>Call Chain = strncmp
</UL>
<BR>[Called By]<UL><LI><a href="#[38]">&gt;&gt;</a>&nbsp;&nbsp;&nbsp;main
</UL>

<P><STRONG><a name="[141]"></a>__aeabi_uidiv</STRONG> (Thumb, 0 bytes, Stack size 0 bytes, aeabi_sdivfast.o(.text), UNUSED)

<P><STRONG><a name="[6f]"></a>__aeabi_uidivmod</STRONG> (Thumb, 28 bytes, Stack size 0 bytes, aeabi_sdivfast.o(.text))
<BR><BR>[Called By]<UL><LI><a href="#[e7]">&gt;&gt;</a>&nbsp;&nbsp;&nbsp;UART_Open
<LI><a href="#[af]">&gt;&gt;</a>&nbsp;&nbsp;&nbsp;I2C_Open
<LI><a href="#[38]">&gt;&gt;</a>&nbsp;&nbsp;&nbsp;main
<LI><a href="#[67]">&gt;&gt;</a>&nbsp;&nbsp;&nbsp;ADC_Init
<LI><a href="#[8e]">&gt;&gt;</a>&nbsp;&nbsp;&nbsp;SystemCoreClockUpdate
<LI><a href="#[b2]">&gt;&gt;</a>&nbsp;&nbsp;&nbsp;setup_system_tick
<LI><a href="#[13]">&gt;&gt;</a>&nbsp;&nbsp;&nbsp;TMR0_IRQHandler
<LI><a href="#[a]">&gt;&gt;</a>&nbsp;&nbsp;&nbsp;SysTick_Handler
<LI><a href="#[82]">&gt;&gt;</a>&nbsp;&nbsp;&nbsp;AccFilterInit
<LI><a href="#[c8]">&gt;&gt;</a>&nbsp;&nbsp;&nbsp;RawSmoothInput
</UL>

<P><STRONG><a name="[142]"></a>__aeabi_idiv</STRONG> (Thumb, 0 bytes, Stack size 8 bytes, aeabi_sdivfast.o(.text), UNUSED)

<P><STRONG><a name="[72]"></a>__aeabi_idivmod</STRONG> (Thumb, 460 bytes, Stack size 8 bytes, aeabi_sdivfast.o(.text))
<BR><BR>[Stack]<UL><LI>Max Depth = 8<LI>Call Chain = __aeabi_idivmod
</UL>
<BR>[Called By]<UL><LI><a href="#[6a]">&gt;&gt;</a>&nbsp;&nbsp;&nbsp;ADC_SetPGAGaindB
<LI><a href="#[87]">&gt;&gt;</a>&nbsp;&nbsp;&nbsp;AccZCalibrate
<LI><a href="#[c9]">&gt;&gt;</a>&nbsp;&nbsp;&nbsp;RawSmoothOutput
</UL>

<P><STRONG><a name="[143]"></a>__use_two_region_memory</STRONG> (Thumb, 2 bytes, Stack size 0 bytes, heapauxi.o(.text), UNUSED)

<P><STRONG><a name="[144]"></a>__rt_heap_escrow$2region</STRONG> (Thumb, 2 bytes, Stack size 0 bytes, heapauxi.o(.text), UNUSED)

<P><STRONG><a name="[145]"></a>__rt_heap_expand$2region</STRONG> (Thumb, 2 bytes, Stack size 0 bytes, heapauxi.o(.text), UNUSED)

<P><STRONG><a name="[9c]"></a>__aeabi_d2f</STRONG> (Thumb, 0 bytes, Stack size 12 bytes, d2f.o(.text))
<BR><BR>[Stack]<UL><LI>Max Depth = 12<LI>Call Chain = __aeabi_d2f
</UL>
<BR>[Called By]<UL><LI><a href="#[f7]">&gt;&gt;</a>&nbsp;&nbsp;&nbsp;checkMagFail
<LI><a href="#[9d]">&gt;&gt;</a>&nbsp;&nbsp;&nbsp;ComputeEuler
<LI><a href="#[97]">&gt;&gt;</a>&nbsp;&nbsp;&nbsp;CheckStandardDV
<LI><a href="#[df]">&gt;&gt;</a>&nbsp;&nbsp;&nbsp;SetMagGuass
<LI><a href="#[10d]">&gt;&gt;</a>&nbsp;&nbsp;&nbsp;sensfusion9UpdateQ
<LI><a href="#[10e]">&gt;&gt;</a>&nbsp;&nbsp;&nbsp;sensfusion6UpdateMagByEuler
<LI><a href="#[c6]">&gt;&gt;</a>&nbsp;&nbsp;&nbsp;MultiwiiAccFilter
</UL>

<P><STRONG><a name="[146]"></a>_d2f</STRONG> (Thumb, 120 bytes, Stack size 12 bytes, d2f.o(.text), UNUSED)

<P><STRONG><a name="[85]"></a>__aeabi_dadd</STRONG> (Thumb, 0 bytes, Stack size 8 bytes, daddsub.o(.text))
<BR><BR>[Stack]<UL><LI>Max Depth = 8<LI>Call Chain = __aeabi_dadd
</UL>
<BR>[Called By]<UL><LI><a href="#[9e]">&gt;&gt;</a>&nbsp;&nbsp;&nbsp;atan2
<LI><a href="#[9f]">&gt;&gt;</a>&nbsp;&nbsp;&nbsp;atan
<LI><a href="#[9d]">&gt;&gt;</a>&nbsp;&nbsp;&nbsp;ComputeEuler
<LI><a href="#[10e]">&gt;&gt;</a>&nbsp;&nbsp;&nbsp;sensfusion6UpdateMagByEuler
<LI><a href="#[82]">&gt;&gt;</a>&nbsp;&nbsp;&nbsp;AccFilterInit
<LI><a href="#[f1]">&gt;&gt;</a>&nbsp;&nbsp;&nbsp;__kernel_sin
<LI><a href="#[ea]">&gt;&gt;</a>&nbsp;&nbsp;&nbsp;__ieee754_rem_pio2
<LI><a href="#[f0]">&gt;&gt;</a>&nbsp;&nbsp;&nbsp;__kernel_poly
</UL>

<P><STRONG><a name="[49]"></a>_dadd</STRONG> (Thumb, 22 bytes, Stack size 8 bytes, daddsub.o(.text), UNUSED)
<BR><BR>[Calls]<UL><LI><a href="#[4a]">&gt;&gt;</a>&nbsp;&nbsp;&nbsp;_dsub1
<LI><a href="#[4b]">&gt;&gt;</a>&nbsp;&nbsp;&nbsp;_dadd1
</UL>

<P><STRONG><a name="[eb]"></a>__aeabi_dsub</STRONG> (Thumb, 0 bytes, Stack size 8 bytes, daddsub.o(.text))
<BR><BR>[Stack]<UL><LI>Max Depth = 8<LI>Call Chain = __aeabi_dsub
</UL>
<BR>[Called By]<UL><LI><a href="#[9e]">&gt;&gt;</a>&nbsp;&nbsp;&nbsp;atan2
<LI><a href="#[9f]">&gt;&gt;</a>&nbsp;&nbsp;&nbsp;atan
<LI><a href="#[10e]">&gt;&gt;</a>&nbsp;&nbsp;&nbsp;sensfusion6UpdateMagByEuler
<LI><a href="#[f1]">&gt;&gt;</a>&nbsp;&nbsp;&nbsp;__kernel_sin
<LI><a href="#[ea]">&gt;&gt;</a>&nbsp;&nbsp;&nbsp;__ieee754_rem_pio2
<LI><a href="#[ef]">&gt;&gt;</a>&nbsp;&nbsp;&nbsp;__kernel_cos
</UL>

<P><STRONG><a name="[4c]"></a>_dsub</STRONG> (Thumb, 22 bytes, Stack size 8 bytes, daddsub.o(.text), UNUSED)
<BR><BR>[Calls]<UL><LI><a href="#[4a]">&gt;&gt;</a>&nbsp;&nbsp;&nbsp;_dsub1
<LI><a href="#[4b]">&gt;&gt;</a>&nbsp;&nbsp;&nbsp;_dadd1
</UL>

<P><STRONG><a name="[ec]"></a>__aeabi_drsub</STRONG> (Thumb, 0 bytes, Stack size 8 bytes, daddsub.o(.text))
<BR><BR>[Stack]<UL><LI>Max Depth = 8<LI>Call Chain = __aeabi_drsub
</UL>
<BR>[Called By]<UL><LI><a href="#[9e]">&gt;&gt;</a>&nbsp;&nbsp;&nbsp;atan2
<LI><a href="#[9f]">&gt;&gt;</a>&nbsp;&nbsp;&nbsp;atan
<LI><a href="#[f1]">&gt;&gt;</a>&nbsp;&nbsp;&nbsp;__kernel_sin
<LI><a href="#[ea]">&gt;&gt;</a>&nbsp;&nbsp;&nbsp;__ieee754_rem_pio2
<LI><a href="#[ef]">&gt;&gt;</a>&nbsp;&nbsp;&nbsp;__kernel_cos
</UL>

<P><STRONG><a name="[4d]"></a>_drsb</STRONG> (Thumb, 24 bytes, Stack size 8 bytes, daddsub.o(.text), UNUSED)
<BR><BR>[Calls]<UL><LI><a href="#[4a]">&gt;&gt;</a>&nbsp;&nbsp;&nbsp;_dsub1
<LI><a href="#[4b]">&gt;&gt;</a>&nbsp;&nbsp;&nbsp;_dadd1
</UL>

<P><STRONG><a name="[84]"></a>__aeabi_ddiv</STRONG> (Thumb, 0 bytes, Stack size 88 bytes, ddiv.o(.text))
<BR><BR>[Stack]<UL><LI>Max Depth = 88<LI>Call Chain = __aeabi_ddiv
</UL>
<BR>[Called By]<UL><LI><a href="#[a2]">&gt;&gt;</a>&nbsp;&nbsp;&nbsp;sin
<LI><a href="#[a0]">&gt;&gt;</a>&nbsp;&nbsp;&nbsp;cos
<LI><a href="#[9e]">&gt;&gt;</a>&nbsp;&nbsp;&nbsp;atan2
<LI><a href="#[9f]">&gt;&gt;</a>&nbsp;&nbsp;&nbsp;atan
<LI><a href="#[f7]">&gt;&gt;</a>&nbsp;&nbsp;&nbsp;checkMagFail
<LI><a href="#[9d]">&gt;&gt;</a>&nbsp;&nbsp;&nbsp;ComputeEuler
<LI><a href="#[82]">&gt;&gt;</a>&nbsp;&nbsp;&nbsp;AccFilterInit
</UL>

<P><STRONG><a name="[4f]"></a>_ddiv</STRONG> (Thumb, 1072 bytes, Stack size 88 bytes, ddiv.o(.text), UNUSED)
<BR><BR>[Called By]<UL><LI><a href="#[4e]">&gt;&gt;</a>&nbsp;&nbsp;&nbsp;_drdiv
</UL>

<P><STRONG><a name="[4e]"></a>_drdiv</STRONG> (Thumb, 20 bytes, Stack size 8 bytes, ddiv.o(.text), UNUSED)
<BR><BR>[Calls]<UL><LI><a href="#[4f]">&gt;&gt;</a>&nbsp;&nbsp;&nbsp;_ddiv
</UL>

<P><STRONG><a name="[86]"></a>__aeabi_d2iz</STRONG> (Thumb, 0 bytes, Stack size 12 bytes, dfixi.o(.text))
<BR><BR>[Stack]<UL><LI>Max Depth = 12<LI>Call Chain = __aeabi_d2iz
</UL>
<BR>[Called By]<UL><LI><a href="#[82]">&gt;&gt;</a>&nbsp;&nbsp;&nbsp;AccFilterInit
<LI><a href="#[ea]">&gt;&gt;</a>&nbsp;&nbsp;&nbsp;__ieee754_rem_pio2
<LI><a href="#[ef]">&gt;&gt;</a>&nbsp;&nbsp;&nbsp;__kernel_cos
</UL>

<P><STRONG><a name="[147]"></a>_dfix</STRONG> (Thumb, 98 bytes, Stack size 12 bytes, dfixi.o(.text), UNUSED)

<P><STRONG><a name="[51]"></a>__aeabi_i2d_normalise</STRONG> (Thumb, 66 bytes, Stack size 0 bytes, dflti.o(.text))
<BR><BR>[Called By]<UL><LI><a href="#[52]">&gt;&gt;</a>&nbsp;&nbsp;&nbsp;__aeabi_ui2d
<LI><a href="#[50]">&gt;&gt;</a>&nbsp;&nbsp;&nbsp;__aeabi_i2d
</UL>

<P><STRONG><a name="[50]"></a>__aeabi_i2d</STRONG> (Thumb, 16 bytes, Stack size 0 bytes, dflti.o(.text))
<BR><BR>[Calls]<UL><LI><a href="#[51]">&gt;&gt;</a>&nbsp;&nbsp;&nbsp;__aeabi_i2d_normalise
</UL>
<BR>[Called By]<UL><LI><a href="#[ea]">&gt;&gt;</a>&nbsp;&nbsp;&nbsp;__ieee754_rem_pio2
</UL>

<P><STRONG><a name="[148]"></a>_dflt</STRONG> (Thumb, 0 bytes, Stack size 0 bytes, dflti.o(.text), UNUSED)

<P><STRONG><a name="[52]"></a>__aeabi_ui2d</STRONG> (Thumb, 6 bytes, Stack size 0 bytes, dflti.o(.text))
<BR><BR>[Calls]<UL><LI><a href="#[51]">&gt;&gt;</a>&nbsp;&nbsp;&nbsp;__aeabi_i2d_normalise
</UL>
<BR>[Called By]<UL><LI><a href="#[82]">&gt;&gt;</a>&nbsp;&nbsp;&nbsp;AccFilterInit
<LI><a href="#[ea]">&gt;&gt;</a>&nbsp;&nbsp;&nbsp;__ieee754_rem_pio2
</UL>

<P><STRONG><a name="[149]"></a>_dfltu</STRONG> (Thumb, 0 bytes, Stack size 0 bytes, dflti.o(.text), UNUSED)

<P><STRONG><a name="[a1]"></a>__aeabi_dmul</STRONG> (Thumb, 0 bytes, Stack size 48 bytes, dmul.o(.text))
<BR><BR>[Stack]<UL><LI>Max Depth = 48<LI>Call Chain = __aeabi_dmul
</UL>
<BR>[Called By]<UL><LI><a href="#[9f]">&gt;&gt;</a>&nbsp;&nbsp;&nbsp;atan
<LI><a href="#[9d]">&gt;&gt;</a>&nbsp;&nbsp;&nbsp;ComputeEuler
<LI><a href="#[10e]">&gt;&gt;</a>&nbsp;&nbsp;&nbsp;sensfusion6UpdateMagByEuler
<LI><a href="#[f1]">&gt;&gt;</a>&nbsp;&nbsp;&nbsp;__kernel_sin
<LI><a href="#[ea]">&gt;&gt;</a>&nbsp;&nbsp;&nbsp;__ieee754_rem_pio2
<LI><a href="#[f0]">&gt;&gt;</a>&nbsp;&nbsp;&nbsp;__kernel_poly
<LI><a href="#[ef]">&gt;&gt;</a>&nbsp;&nbsp;&nbsp;__kernel_cos
</UL>

<P><STRONG><a name="[14a]"></a>_dmul</STRONG> (Thumb, 592 bytes, Stack size 48 bytes, dmul.o(.text), UNUSED)

<P><STRONG><a name="[9a]"></a>__aeabi_f2d</STRONG> (Thumb, 0 bytes, Stack size 0 bytes, f2d.o(.text))
<BR><BR>[Called By]<UL><LI><a href="#[f7]">&gt;&gt;</a>&nbsp;&nbsp;&nbsp;checkMagFail
<LI><a href="#[9d]">&gt;&gt;</a>&nbsp;&nbsp;&nbsp;ComputeEuler
<LI><a href="#[97]">&gt;&gt;</a>&nbsp;&nbsp;&nbsp;CheckStandardDV
<LI><a href="#[df]">&gt;&gt;</a>&nbsp;&nbsp;&nbsp;SetMagGuass
<LI><a href="#[10d]">&gt;&gt;</a>&nbsp;&nbsp;&nbsp;sensfusion9UpdateQ
<LI><a href="#[10e]">&gt;&gt;</a>&nbsp;&nbsp;&nbsp;sensfusion6UpdateMagByEuler
<LI><a href="#[c6]">&gt;&gt;</a>&nbsp;&nbsp;&nbsp;MultiwiiAccFilter
</UL>

<P><STRONG><a name="[14b]"></a>_f2d</STRONG> (Thumb, 80 bytes, Stack size 0 bytes, f2d.o(.text), UNUSED)

<P><STRONG><a name="[88]"></a>__aeabi_fdiv</STRONG> (Thumb, 0 bytes, Stack size 16 bytes, fdiv.o(.text))
<BR><BR>[Stack]<UL><LI>Max Depth = 16<LI>Call Chain = __aeabi_fdiv
</UL>
<BR>[Called By]<UL><LI><a href="#[102]">&gt;&gt;</a>&nbsp;&nbsp;&nbsp;nvtUpdateAHRS
<LI><a href="#[13]">&gt;&gt;</a>&nbsp;&nbsp;&nbsp;TMR0_IRQHandler
<LI><a href="#[a]">&gt;&gt;</a>&nbsp;&nbsp;&nbsp;SysTick_Handler
<LI><a href="#[112]">&gt;&gt;</a>&nbsp;&nbsp;&nbsp;sensfusion6UpdateQ
<LI><a href="#[9d]">&gt;&gt;</a>&nbsp;&nbsp;&nbsp;ComputeEuler
<LI><a href="#[f5]">&gt;&gt;</a>&nbsp;&nbsp;&nbsp;find_delta
<LI><a href="#[7a]">&gt;&gt;</a>&nbsp;&nbsp;&nbsp;calibrate_model_acc
<LI><a href="#[97]">&gt;&gt;</a>&nbsp;&nbsp;&nbsp;CheckStandardDV
<LI><a href="#[87]">&gt;&gt;</a>&nbsp;&nbsp;&nbsp;AccZCalibrate
<LI><a href="#[10d]">&gt;&gt;</a>&nbsp;&nbsp;&nbsp;sensfusion9UpdateQ
<LI><a href="#[c6]">&gt;&gt;</a>&nbsp;&nbsp;&nbsp;MultiwiiAccFilter
</UL>

<P><STRONG><a name="[54]"></a>_fdiv</STRONG> (Thumb, 336 bytes, Stack size 16 bytes, fdiv.o(.text), UNUSED)
<BR><BR>[Called By]<UL><LI><a href="#[53]">&gt;&gt;</a>&nbsp;&nbsp;&nbsp;_frdiv
</UL>

<P><STRONG><a name="[53]"></a>_frdiv</STRONG> (Thumb, 8 bytes, Stack size 0 bytes, fdiv.o(.text), UNUSED)
<BR><BR>[Calls]<UL><LI><a href="#[54]">&gt;&gt;</a>&nbsp;&nbsp;&nbsp;_fdiv
</UL>

<P><STRONG><a name="[c7]"></a>__aeabi_f2iz</STRONG> (Thumb, 0 bytes, Stack size 8 bytes, ffixi.o(.text))
<BR><BR>[Stack]<UL><LI>Max Depth = 8<LI>Call Chain = __aeabi_f2iz
</UL>
<BR>[Called By]<UL><LI><a href="#[38]">&gt;&gt;</a>&nbsp;&nbsp;&nbsp;main
<LI><a href="#[db]">&gt;&gt;</a>&nbsp;&nbsp;&nbsp;nvtGyroCenterCalibrate
<LI><a href="#[d2]">&gt;&gt;</a>&nbsp;&nbsp;&nbsp;SampleFilter
<LI><a href="#[c6]">&gt;&gt;</a>&nbsp;&nbsp;&nbsp;MultiwiiAccFilter
<LI><a href="#[c9]">&gt;&gt;</a>&nbsp;&nbsp;&nbsp;RawSmoothOutput
</UL>

<P><STRONG><a name="[14c]"></a>_ffix</STRONG> (Thumb, 76 bytes, Stack size 8 bytes, ffixi.o(.text), UNUSED)

<P><STRONG><a name="[d3]"></a>__aeabi_f2uiz</STRONG> (Thumb, 0 bytes, Stack size 0 bytes, ffixui.o(.text))
<BR><BR>[Called By]<UL><LI><a href="#[102]">&gt;&gt;</a>&nbsp;&nbsp;&nbsp;nvtUpdateAHRS
<LI><a href="#[d2]">&gt;&gt;</a>&nbsp;&nbsp;&nbsp;SampleFilter
</UL>

<P><STRONG><a name="[14d]"></a>_ffixu</STRONG> (Thumb, 48 bytes, Stack size 0 bytes, ffixui.o(.text), UNUSED)

<P><STRONG><a name="[56]"></a>__aeabi_i2f_normalise</STRONG> (Thumb, 72 bytes, Stack size 0 bytes, fflti.o(.text))
<BR><BR>[Called By]<UL><LI><a href="#[57]">&gt;&gt;</a>&nbsp;&nbsp;&nbsp;__aeabi_ui2f
<LI><a href="#[55]">&gt;&gt;</a>&nbsp;&nbsp;&nbsp;__aeabi_i2f
</UL>

<P><STRONG><a name="[55]"></a>__aeabi_i2f</STRONG> (Thumb, 16 bytes, Stack size 0 bytes, fflti.o(.text))
<BR><BR>[Calls]<UL><LI><a href="#[56]">&gt;&gt;</a>&nbsp;&nbsp;&nbsp;__aeabi_i2f_normalise
</UL>
<BR>[Called By]<UL><LI><a href="#[102]">&gt;&gt;</a>&nbsp;&nbsp;&nbsp;nvtUpdateAHRS
<LI><a href="#[aa]">&gt;&gt;</a>&nbsp;&nbsp;&nbsp;nvtInputSensorRawGYRO
<LI><a href="#[80]">&gt;&gt;</a>&nbsp;&nbsp;&nbsp;nvtInputSensorRawACC
<LI><a href="#[13]">&gt;&gt;</a>&nbsp;&nbsp;&nbsp;TMR0_IRQHandler
<LI><a href="#[a]">&gt;&gt;</a>&nbsp;&nbsp;&nbsp;SysTick_Handler
<LI><a href="#[f4]">&gt;&gt;</a>&nbsp;&nbsp;&nbsp;update_calibration_matrices
<LI><a href="#[97]">&gt;&gt;</a>&nbsp;&nbsp;&nbsp;CheckStandardDV
<LI><a href="#[95]">&gt;&gt;</a>&nbsp;&nbsp;&nbsp;CheckGyroNormalParam
<LI><a href="#[90]">&gt;&gt;</a>&nbsp;&nbsp;&nbsp;CheckEmpirical
<LI><a href="#[a5]">&gt;&gt;</a>&nbsp;&nbsp;&nbsp;FilterCalibrateACC
<LI><a href="#[87]">&gt;&gt;</a>&nbsp;&nbsp;&nbsp;AccZCalibrate
<LI><a href="#[d2]">&gt;&gt;</a>&nbsp;&nbsp;&nbsp;SampleFilter
<LI><a href="#[c6]">&gt;&gt;</a>&nbsp;&nbsp;&nbsp;MultiwiiAccFilter
<LI><a href="#[c9]">&gt;&gt;</a>&nbsp;&nbsp;&nbsp;RawSmoothOutput
<LI><a href="#[c8]">&gt;&gt;</a>&nbsp;&nbsp;&nbsp;RawSmoothInput
</UL>

<P><STRONG><a name="[14e]"></a>_fflt</STRONG> (Thumb, 0 bytes, Stack size 0 bytes, fflti.o(.text), UNUSED)

<P><STRONG><a name="[57]"></a>__aeabi_ui2f</STRONG> (Thumb, 6 bytes, Stack size 0 bytes, fflti.o(.text))
<BR><BR>[Calls]<UL><LI><a href="#[56]">&gt;&gt;</a>&nbsp;&nbsp;&nbsp;__aeabi_i2f_normalise
</UL>
<BR>[Called By]<UL><LI><a href="#[102]">&gt;&gt;</a>&nbsp;&nbsp;&nbsp;nvtUpdateAHRS
<LI><a href="#[d2]">&gt;&gt;</a>&nbsp;&nbsp;&nbsp;SampleFilter
</UL>

<P><STRONG><a name="[14f]"></a>_ffltu</STRONG> (Thumb, 0 bytes, Stack size 0 bytes, fflti.o(.text), UNUSED)

<P><STRONG><a name="[93]"></a>__ARM_scalbnf</STRONG> (Thumb, 64 bytes, Stack size 8 bytes, fscalbn.o(.text))
<BR><BR>[Stack]<UL><LI>Max Depth = 8<LI>Call Chain = __ARM_scalbnf
</UL>
<BR>[Called By]<UL><LI><a href="#[102]">&gt;&gt;</a>&nbsp;&nbsp;&nbsp;nvtUpdateAHRS
<LI><a href="#[a3]">&gt;&gt;</a>&nbsp;&nbsp;&nbsp;ComputeMotion
<LI><a href="#[9d]">&gt;&gt;</a>&nbsp;&nbsp;&nbsp;ComputeEuler
<LI><a href="#[fd]">&gt;&gt;</a>&nbsp;&nbsp;&nbsp;invSqrt
<LI><a href="#[f4]">&gt;&gt;</a>&nbsp;&nbsp;&nbsp;update_calibration_matrices
<LI><a href="#[95]">&gt;&gt;</a>&nbsp;&nbsp;&nbsp;CheckGyroNormalParam
<LI><a href="#[90]">&gt;&gt;</a>&nbsp;&nbsp;&nbsp;CheckEmpirical
<LI><a href="#[10d]">&gt;&gt;</a>&nbsp;&nbsp;&nbsp;sensfusion9UpdateQ
</UL>

<P><STRONG><a name="[58]"></a>__read_errno</STRONG> (Thumb, 10 bytes, Stack size 8 bytes, _rserrno.o(.text), UNUSED)
<BR><BR>[Calls]<UL><LI><a href="#[59]">&gt;&gt;</a>&nbsp;&nbsp;&nbsp;__aeabi_errno_addr
</UL>

<P><STRONG><a name="[5a]"></a>__set_errno</STRONG> (Thumb, 12 bytes, Stack size 8 bytes, _rserrno.o(.text))
<BR><BR>[Stack]<UL><LI>Max Depth = 8<LI>Call Chain = __set_errno
</UL>
<BR>[Calls]<UL><LI><a href="#[59]">&gt;&gt;</a>&nbsp;&nbsp;&nbsp;__aeabi_errno_addr
</UL>
<BR>[Called By]<UL><LI><a href="#[a2]">&gt;&gt;</a>&nbsp;&nbsp;&nbsp;sin
<LI><a href="#[a0]">&gt;&gt;</a>&nbsp;&nbsp;&nbsp;cos
<LI><a href="#[9b]">&gt;&gt;</a>&nbsp;&nbsp;&nbsp;sqrt
</UL>

<P><STRONG><a name="[45]"></a>_printf_int_common</STRONG> (Thumb, 176 bytes, Stack size 40 bytes, _printf_intcommon.o(.text))
<BR><BR>[Stack]<UL><LI>Max Depth = 40<LI>Call Chain = _printf_int_common
</UL>
<BR>[Calls]<UL><LI><a href="#[5b]">&gt;&gt;</a>&nbsp;&nbsp;&nbsp;_printf_pre_padding (Weak Reference)
<LI><a href="#[5c]">&gt;&gt;</a>&nbsp;&nbsp;&nbsp;_printf_post_padding (Weak Reference)
</UL>
<BR>[Called By]<UL><LI><a href="#[32]">&gt;&gt;</a>&nbsp;&nbsp;&nbsp;_printf_int_hex
<LI><a href="#[30]">&gt;&gt;</a>&nbsp;&nbsp;&nbsp;_printf_int_dec
</UL>

<P><STRONG><a name="[41]"></a>_printf_char_common</STRONG> (Thumb, 32 bytes, Stack size 64 bytes, _printf_char_common.o(.text))
<BR><BR>[Stack]<UL><LI>Max Depth = 96 + Unknown Stack Size
<LI>Call Chain = _printf_char_common &rArr; __printf
</UL>
<BR>[Calls]<UL><LI><a href="#[46]">&gt;&gt;</a>&nbsp;&nbsp;&nbsp;__printf
</UL>
<BR>[Called By]<UL><LI><a href="#[40]">&gt;&gt;</a>&nbsp;&nbsp;&nbsp;__2sprintf
<LI><a href="#[3f]">&gt;&gt;</a>&nbsp;&nbsp;&nbsp;_printf_char_file
</UL>

<P><STRONG><a name="[20]"></a>_sputc</STRONG> (Thumb, 10 bytes, Stack size 0 bytes, _sputc.o(.text))
<BR><BR>[Called By]<UL><LI><a href="#[40]">&gt;&gt;</a>&nbsp;&nbsp;&nbsp;__2sprintf
</UL>
<BR>[Address Reference Count : 1]<UL><LI> noretval__2sprintf.o(.text)
</UL>
<P><STRONG><a name="[3f]"></a>_printf_char_file</STRONG> (Thumb, 34 bytes, Stack size 16 bytes, _printf_char_file.o(.text))
<BR><BR>[Stack]<UL><LI>Max Depth = 112 + Unknown Stack Size
<LI>Call Chain = _printf_char_file &rArr; _printf_char_common &rArr; __printf
</UL>
<BR>[Calls]<UL><LI><a href="#[5d]">&gt;&gt;</a>&nbsp;&nbsp;&nbsp;ferror
<LI><a href="#[41]">&gt;&gt;</a>&nbsp;&nbsp;&nbsp;_printf_char_common
</UL>
<BR>[Called By]<UL><LI><a href="#[3e]">&gt;&gt;</a>&nbsp;&nbsp;&nbsp;__2printf
</UL>

<P><STRONG><a name="[44]"></a>__rt_udiv10</STRONG> (Thumb, 40 bytes, Stack size 0 bytes, rtudiv10.o(.text))
<BR><BR>[Called By]<UL><LI><a href="#[30]">&gt;&gt;</a>&nbsp;&nbsp;&nbsp;_printf_int_dec
</UL>

<P><STRONG><a name="[5e]"></a>__fpl_dcmp_InfNaN</STRONG> (Thumb, 140 bytes, Stack size 24 bytes, dcmpin.o(.text), UNUSED)
<BR><BR>[Calls]<UL><LI><a href="#[60]">&gt;&gt;</a>&nbsp;&nbsp;&nbsp;__fpl_dcheck_NaN2
<LI><a href="#[5f]">&gt;&gt;</a>&nbsp;&nbsp;&nbsp;__fpl_cmpreturn
</UL>
<BR>[Called By]<UL><LI><a href="#[117]">&gt;&gt;</a>&nbsp;&nbsp;&nbsp;_drcmple
</UL>

<P><STRONG><a name="[ee]"></a>__ARM_scalbn</STRONG> (Thumb, 80 bytes, Stack size 16 bytes, dscalbn.o(.text))
<BR><BR>[Stack]<UL><LI>Max Depth = 16<LI>Call Chain = __ARM_scalbn
</UL>
<BR>[Called By]<UL><LI><a href="#[a2]">&gt;&gt;</a>&nbsp;&nbsp;&nbsp;sin
<LI><a href="#[a0]">&gt;&gt;</a>&nbsp;&nbsp;&nbsp;cos
<LI><a href="#[9f]">&gt;&gt;</a>&nbsp;&nbsp;&nbsp;atan
<LI><a href="#[f1]">&gt;&gt;</a>&nbsp;&nbsp;&nbsp;__kernel_sin
<LI><a href="#[ea]">&gt;&gt;</a>&nbsp;&nbsp;&nbsp;__ieee754_rem_pio2
<LI><a href="#[f3]">&gt;&gt;</a>&nbsp;&nbsp;&nbsp;__mathlib_dbl_underflow
<LI><a href="#[ef]">&gt;&gt;</a>&nbsp;&nbsp;&nbsp;__kernel_cos
</UL>

<P><STRONG><a name="[116]"></a>_dsqrt</STRONG> (Thumb, 250 bytes, Stack size 20 bytes, dsqrt.o(.text))
<BR><BR>[Stack]<UL><LI>Max Depth = 20<LI>Call Chain = _dsqrt
</UL>
<BR>[Called By]<UL><LI><a href="#[9b]">&gt;&gt;</a>&nbsp;&nbsp;&nbsp;sqrt
</UL>

<P><STRONG><a name="[61]"></a>__fpl_fcmp_InfNaN</STRONG> (Thumb, 96 bytes, Stack size 8 bytes, fcmpin.o(.text), UNUSED)
<BR><BR>[Calls]<UL><LI><a href="#[62]">&gt;&gt;</a>&nbsp;&nbsp;&nbsp;__fpl_fcheck_NaN2
<LI><a href="#[5f]">&gt;&gt;</a>&nbsp;&nbsp;&nbsp;__fpl_cmpreturn
</UL>
<BR>[Called By]<UL><LI><a href="#[11b]">&gt;&gt;</a>&nbsp;&nbsp;&nbsp;_frcmple
<LI><a href="#[11a]">&gt;&gt;</a>&nbsp;&nbsp;&nbsp;_fcmple
</UL>

<P><STRONG><a name="[59]"></a>__aeabi_errno_addr</STRONG> (Thumb, 8 bytes, Stack size 0 bytes, rt_errno_addr_intlibspace.o(.text))
<BR><BR>[Called By]<UL><LI><a href="#[5a]">&gt;&gt;</a>&nbsp;&nbsp;&nbsp;__set_errno
<LI><a href="#[58]">&gt;&gt;</a>&nbsp;&nbsp;&nbsp;__read_errno
</UL>

<P><STRONG><a name="[150]"></a>__errno$intlibspace</STRONG> (Thumb, 0 bytes, Stack size 0 bytes, rt_errno_addr_intlibspace.o(.text), UNUSED)

<P><STRONG><a name="[151]"></a>__rt_errno_addr$intlibspace</STRONG> (Thumb, 0 bytes, Stack size 0 bytes, rt_errno_addr_intlibspace.o(.text), UNUSED)

<P><STRONG><a name="[5f]"></a>__fpl_cmpreturn</STRONG> (Thumb, 44 bytes, Stack size 0 bytes, cmpret.o(.text), UNUSED)
<BR><BR>[Called By]<UL><LI><a href="#[63]">&gt;&gt;</a>&nbsp;&nbsp;&nbsp;__fpl_return_NaN
<LI><a href="#[61]">&gt;&gt;</a>&nbsp;&nbsp;&nbsp;__fpl_fcmp_InfNaN
<LI><a href="#[5e]">&gt;&gt;</a>&nbsp;&nbsp;&nbsp;__fpl_dcmp_InfNaN
</UL>

<P><STRONG><a name="[60]"></a>__fpl_dcheck_NaN2</STRONG> (Thumb, 14 bytes, Stack size 8 bytes, dnan2.o(.text), UNUSED)
<BR><BR>[Calls]<UL><LI><a href="#[63]">&gt;&gt;</a>&nbsp;&nbsp;&nbsp;__fpl_return_NaN
</UL>
<BR>[Called By]<UL><LI><a href="#[5e]">&gt;&gt;</a>&nbsp;&nbsp;&nbsp;__fpl_dcmp_InfNaN
</UL>

<P><STRONG><a name="[62]"></a>__fpl_fcheck_NaN2</STRONG> (Thumb, 10 bytes, Stack size 8 bytes, fnan2.o(.text), UNUSED)
<BR><BR>[Calls]<UL><LI><a href="#[63]">&gt;&gt;</a>&nbsp;&nbsp;&nbsp;__fpl_return_NaN
</UL>
<BR>[Called By]<UL><LI><a href="#[61]">&gt;&gt;</a>&nbsp;&nbsp;&nbsp;__fpl_fcmp_InfNaN
</UL>

<P><STRONG><a name="[152]"></a>__user_libspace</STRONG> (Thumb, 8 bytes, Stack size 0 bytes, libspace.o(.text), UNUSED)

<P><STRONG><a name="[64]"></a>__user_perproc_libspace</STRONG> (Thumb, 0 bytes, Stack size 0 bytes, libspace.o(.text))
<BR><BR>[Called By]<UL><LI><a href="#[34]">&gt;&gt;</a>&nbsp;&nbsp;&nbsp;__user_setup_stackheap
</UL>

<P><STRONG><a name="[153]"></a>__user_perthread_libspace</STRONG> (Thumb, 0 bytes, Stack size 0 bytes, libspace.o(.text), UNUSED)

<P><STRONG><a name="[34]"></a>__user_setup_stackheap</STRONG> (Thumb, 62 bytes, Stack size 8 bytes, sys_stackheap_outer.o(.text))
<BR><BR>[Stack]<UL><LI>Max Depth = 8 + Unknown Stack Size
<LI>Call Chain = __user_setup_stackheap
</UL>
<BR>[Calls]<UL><LI><a href="#[29]">&gt;&gt;</a>&nbsp;&nbsp;&nbsp;__user_initial_stackheap
<LI><a href="#[64]">&gt;&gt;</a>&nbsp;&nbsp;&nbsp;__user_perproc_libspace
</UL>
<BR>[Called By]<UL><LI><a href="#[33]">&gt;&gt;</a>&nbsp;&nbsp;&nbsp;__rt_entry_sh
</UL>

<P><STRONG><a name="[39]"></a>exit</STRONG> (Thumb, 12 bytes, Stack size 0 bytes, exit.o(.text))
<BR><BR>[Calls]<UL><LI><a href="#[66]">&gt;&gt;</a>&nbsp;&nbsp;&nbsp;__rt_exit
<LI><a href="#[65]">&gt;&gt;</a>&nbsp;&nbsp;&nbsp;_call_atexit_fns (Weak Reference)
</UL>
<BR>[Called By]<UL><LI><a href="#[37]">&gt;&gt;</a>&nbsp;&nbsp;&nbsp;__rt_entry_main
</UL>

<P><STRONG><a name="[63]"></a>__fpl_return_NaN</STRONG> (Thumb, 94 bytes, Stack size 8 bytes, retnan.o(.text), UNUSED)
<BR><BR>[Calls]<UL><LI><a href="#[5f]">&gt;&gt;</a>&nbsp;&nbsp;&nbsp;__fpl_cmpreturn
</UL>
<BR>[Called By]<UL><LI><a href="#[62]">&gt;&gt;</a>&nbsp;&nbsp;&nbsp;__fpl_fcheck_NaN2
<LI><a href="#[60]">&gt;&gt;</a>&nbsp;&nbsp;&nbsp;__fpl_dcheck_NaN2
</UL>

<P><STRONG><a name="[3d]"></a>_sys_exit</STRONG> (Thumb, 8 bytes, Stack size 0 bytes, sys_exit.o(.text))
<BR><BR>[Called By]<UL><LI><a href="#[3c]">&gt;&gt;</a>&nbsp;&nbsp;&nbsp;__rt_exit_exit
</UL>

<P><STRONG><a name="[154]"></a>__I$use$semihosting</STRONG> (Thumb, 0 bytes, Stack size 0 bytes, use_no_semi.o(.text), UNUSED)

<P><STRONG><a name="[155]"></a>__use_no_semihosting_swi</STRONG> (Thumb, 2 bytes, Stack size 0 bytes, use_no_semi.o(.text), UNUSED)

<P><STRONG><a name="[156]"></a>__semihosting_library_function</STRONG> (Thumb, 0 bytes, Stack size unknown bytes, indicate_semi.o(.text), UNUSED)

<P><STRONG><a name="[77]"></a>ADC_DisableInt</STRONG> (Thumb, 82 bytes, Stack size 0 bytes, adc.o(i.ADC_DisableInt))
<BR><BR>[Called By]<UL><LI><a href="#[73]">&gt;&gt;</a>&nbsp;&nbsp;&nbsp;ADC_SingleModeTest
</UL>

<P><STRONG><a name="[74]"></a>ADC_EnableInt</STRONG> (Thumb, 124 bytes, Stack size 0 bytes, adc.o(i.ADC_EnableInt))
<BR><BR>[Called By]<UL><LI><a href="#[73]">&gt;&gt;</a>&nbsp;&nbsp;&nbsp;ADC_SingleModeTest
</UL>

<P><STRONG><a name="[6b]"></a>ADC_EnableMICBias</STRONG> (Thumb, 14 bytes, Stack size 0 bytes, adc.o(i.ADC_EnableMICBias))
<BR><BR>[Called By]<UL><LI><a href="#[67]">&gt;&gt;</a>&nbsp;&nbsp;&nbsp;ADC_Init
</UL>

<P><STRONG><a name="[75]"></a>ADC_GetIntFlag</STRONG> (Thumb, 60 bytes, Stack size 0 bytes, adc.o(i.ADC_GetIntFlag))
<BR><BR>[Called By]<UL><LI><a href="#[73]">&gt;&gt;</a>&nbsp;&nbsp;&nbsp;ADC_SingleModeTest
</UL>

<P><STRONG><a name="[67]"></a>ADC_Init</STRONG> (Thumb, 188 bytes, Stack size 16 bytes, main.o(i.ADC_Init))
<BR><BR>[Stack]<UL><LI>Max Depth = 32<LI>Call Chain = ADC_Init &rArr; ADC_SetPGAGaindB &rArr; __aeabi_idivmod
</UL>
<BR>[Calls]<UL><LI><a href="#[69]">&gt;&gt;</a>&nbsp;&nbsp;&nbsp;SYS_ResetModule
<LI><a href="#[6e]">&gt;&gt;</a>&nbsp;&nbsp;&nbsp;CLK_GetHIRCFreq
<LI><a href="#[68]">&gt;&gt;</a>&nbsp;&nbsp;&nbsp;CLK_EnableModuleClock
<LI><a href="#[6a]">&gt;&gt;</a>&nbsp;&nbsp;&nbsp;ADC_SetPGAGaindB
<LI><a href="#[6c]">&gt;&gt;</a>&nbsp;&nbsp;&nbsp;ADC_SetAMUX
<LI><a href="#[6d]">&gt;&gt;</a>&nbsp;&nbsp;&nbsp;ADC_Open
<LI><a href="#[6b]">&gt;&gt;</a>&nbsp;&nbsp;&nbsp;ADC_EnableMICBias
<LI><a href="#[6f]">&gt;&gt;</a>&nbsp;&nbsp;&nbsp;__aeabi_uidivmod
</UL>
<BR>[Called By]<UL><LI><a href="#[38]">&gt;&gt;</a>&nbsp;&nbsp;&nbsp;main
</UL>

<P><STRONG><a name="[6d]"></a>ADC_Open</STRONG> (Thumb, 2 bytes, Stack size 0 bytes, adc.o(i.ADC_Open))
<BR><BR>[Called By]<UL><LI><a href="#[67]">&gt;&gt;</a>&nbsp;&nbsp;&nbsp;ADC_Init
</UL>

<P><STRONG><a name="[6c]"></a>ADC_SetAMUX</STRONG> (Thumb, 86 bytes, Stack size 8 bytes, adc.o(i.ADC_SetAMUX))
<BR><BR>[Stack]<UL><LI>Max Depth = 8<LI>Call Chain = ADC_SetAMUX
</UL>
<BR>[Called By]<UL><LI><a href="#[70]">&gt;&gt;</a>&nbsp;&nbsp;&nbsp;ADC_SetGPIOChannel
<LI><a href="#[67]">&gt;&gt;</a>&nbsp;&nbsp;&nbsp;ADC_Init
</UL>

<P><STRONG><a name="[70]"></a>ADC_SetGPIOChannel</STRONG> (Thumb, 34 bytes, Stack size 8 bytes, adc.o(i.ADC_SetGPIOChannel))
<BR><BR>[Stack]<UL><LI>Max Depth = 24<LI>Call Chain = ADC_SetGPIOChannel &rArr; GPIO_SetMode
</UL>
<BR>[Calls]<UL><LI><a href="#[71]">&gt;&gt;</a>&nbsp;&nbsp;&nbsp;GPIO_SetMode
<LI><a href="#[6c]">&gt;&gt;</a>&nbsp;&nbsp;&nbsp;ADC_SetAMUX
</UL>
<BR>[Called By]<UL><LI><a href="#[38]">&gt;&gt;</a>&nbsp;&nbsp;&nbsp;main
</UL>

<P><STRONG><a name="[6a]"></a>ADC_SetPGAGaindB</STRONG> (Thumb, 52 bytes, Stack size 8 bytes, adc.o(i.ADC_SetPGAGaindB))
<BR><BR>[Stack]<UL><LI>Max Depth = 16<LI>Call Chain = ADC_SetPGAGaindB &rArr; __aeabi_idivmod
</UL>
<BR>[Calls]<UL><LI><a href="#[72]">&gt;&gt;</a>&nbsp;&nbsp;&nbsp;__aeabi_idivmod
</UL>
<BR>[Called By]<UL><LI><a href="#[67]">&gt;&gt;</a>&nbsp;&nbsp;&nbsp;ADC_Init
</UL>

<P><STRONG><a name="[73]"></a>ADC_SingleModeTest</STRONG> (Thumb, 68 bytes, Stack size 16 bytes, main.o(i.ADC_SingleModeTest))
<BR><BR>[Stack]<UL><LI>Max Depth = 20<LI>Call Chain = ADC_SingleModeTest &rArr; DelayMsec
</UL>
<BR>[Calls]<UL><LI><a href="#[76]">&gt;&gt;</a>&nbsp;&nbsp;&nbsp;DelayMsec
<LI><a href="#[75]">&gt;&gt;</a>&nbsp;&nbsp;&nbsp;ADC_GetIntFlag
<LI><a href="#[74]">&gt;&gt;</a>&nbsp;&nbsp;&nbsp;ADC_EnableInt
<LI><a href="#[77]">&gt;&gt;</a>&nbsp;&nbsp;&nbsp;ADC_DisableInt
</UL>
<BR>[Called By]<UL><LI><a href="#[38]">&gt;&gt;</a>&nbsp;&nbsp;&nbsp;main
</UL>

<P><STRONG><a name="[78]"></a>AccCalibrate</STRONG> (Thumb, 38 bytes, Stack size 16 bytes, gauss_newton_calibrate.o(i.AccCalibrate))
<BR><BR>[Stack]<UL><LI>Max Depth = 136<LI>Call Chain = AccCalibrate &rArr; calibrate_model_acc &rArr; update_calibration_matrices &rArr; __aeabi_fmul
</UL>
<BR>[Calls]<UL><LI><a href="#[79]">&gt;&gt;</a>&nbsp;&nbsp;&nbsp;reset_calibration_matrices
<LI><a href="#[7a]">&gt;&gt;</a>&nbsp;&nbsp;&nbsp;calibrate_model_acc
</UL>
<BR>[Called By]<UL><LI><a href="#[81]">&gt;&gt;</a>&nbsp;&nbsp;&nbsp;nvtCalACCBufferFill
</UL>

<P><STRONG><a name="[7b]"></a>AccCalibrationZ</STRONG> (Thumb, 66 bytes, Stack size 8 bytes, mpu6050_api.o(i.AccCalibrationZ))
<BR><BR>[Stack]<UL><LI>Max Depth = 200 + Unknown Stack Size
<LI>Call Chain = AccCalibrationZ &rArr; nvtCalACCBufferFill &rArr; AccZCalibrate &rArr; __2printf &rArr; _printf_char_file &rArr; _printf_char_common &rArr; __printf
</UL>
<BR>[Calls]<UL><LI><a href="#[80]">&gt;&gt;</a>&nbsp;&nbsp;&nbsp;nvtInputSensorRawACC
<LI><a href="#[7f]">&gt;&gt;</a>&nbsp;&nbsp;&nbsp;Read_MPU6050_AccZ
<LI><a href="#[7e]">&gt;&gt;</a>&nbsp;&nbsp;&nbsp;Read_MPU6050_AccY
<LI><a href="#[7d]">&gt;&gt;</a>&nbsp;&nbsp;&nbsp;Read_MPU6050_AccX
<LI><a href="#[76]">&gt;&gt;</a>&nbsp;&nbsp;&nbsp;DelayMsec
<LI><a href="#[7c]">&gt;&gt;</a>&nbsp;&nbsp;&nbsp;nvtCalACCInit
<LI><a href="#[81]">&gt;&gt;</a>&nbsp;&nbsp;&nbsp;nvtCalACCBufferFill
</UL>
<BR>[Called By]<UL><LI><a href="#[38]">&gt;&gt;</a>&nbsp;&nbsp;&nbsp;main
</UL>

<P><STRONG><a name="[82]"></a>AccFilterInit</STRONG> (Thumb, 58 bytes, Stack size 8 bytes, accfilter.o(i.AccFilterInit))
<BR><BR>[Stack]<UL><LI>Max Depth = 96<LI>Call Chain = AccFilterInit &rArr; __aeabi_ddiv
</UL>
<BR>[Calls]<UL><LI><a href="#[52]">&gt;&gt;</a>&nbsp;&nbsp;&nbsp;__aeabi_ui2d
<LI><a href="#[86]">&gt;&gt;</a>&nbsp;&nbsp;&nbsp;__aeabi_d2iz
<LI><a href="#[84]">&gt;&gt;</a>&nbsp;&nbsp;&nbsp;__aeabi_ddiv
<LI><a href="#[85]">&gt;&gt;</a>&nbsp;&nbsp;&nbsp;__aeabi_dadd
<LI><a href="#[6f]">&gt;&gt;</a>&nbsp;&nbsp;&nbsp;__aeabi_uidivmod
<LI><a href="#[83]">&gt;&gt;</a>&nbsp;&nbsp;&nbsp;GetAHRSPeriod
</UL>
<BR>[Called By]<UL><LI><a href="#[b3]">&gt;&gt;</a>&nbsp;&nbsp;&nbsp;nvtAHRSInit
</UL>

<P><STRONG><a name="[87]"></a>AccZCalibrate</STRONG> (Thumb, 138 bytes, Stack size 32 bytes, gauss_newton_calibrate.o(i.AccZCalibrate))
<BR><BR>[Stack]<UL><LI>Max Depth = 168 + Unknown Stack Size
<LI>Call Chain = AccZCalibrate &rArr; __2printf &rArr; _printf_char_file &rArr; _printf_char_common &rArr; __printf
</UL>
<BR>[Calls]<UL><LI><a href="#[55]">&gt;&gt;</a>&nbsp;&nbsp;&nbsp;__aeabi_i2f
<LI><a href="#[88]">&gt;&gt;</a>&nbsp;&nbsp;&nbsp;__aeabi_fdiv
<LI><a href="#[89]">&gt;&gt;</a>&nbsp;&nbsp;&nbsp;__aeabi_fsub
<LI><a href="#[72]">&gt;&gt;</a>&nbsp;&nbsp;&nbsp;__aeabi_idivmod
<LI><a href="#[3e]">&gt;&gt;</a>&nbsp;&nbsp;&nbsp;__2printf
</UL>
<BR>[Called By]<UL><LI><a href="#[81]">&gt;&gt;</a>&nbsp;&nbsp;&nbsp;nvtCalACCBufferFill
</UL>

<P><STRONG><a name="[68]"></a>CLK_EnableModuleClock</STRONG> (Thumb, 32 bytes, Stack size 0 bytes, clk.o(i.CLK_EnableModuleClock))
<BR><BR>[Called By]<UL><LI><a href="#[ce]">&gt;&gt;</a>&nbsp;&nbsp;&nbsp;SYS_Init
<LI><a href="#[67]">&gt;&gt;</a>&nbsp;&nbsp;&nbsp;ADC_Init
</UL>

<P><STRONG><a name="[8a]"></a>CLK_EnableXtalRC</STRONG> (Thumb, 28 bytes, Stack size 16 bytes, clk.o(i.CLK_EnableXtalRC))
<BR><BR>[Stack]<UL><LI>Max Depth = 16<LI>Call Chain = CLK_EnableXtalRC
</UL>
<BR>[Calls]<UL><LI><a href="#[8b]">&gt;&gt;</a>&nbsp;&nbsp;&nbsp;SYS_Unlock
<LI><a href="#[8c]">&gt;&gt;</a>&nbsp;&nbsp;&nbsp;SYS_Lock
</UL>
<BR>[Called By]<UL><LI><a href="#[ce]">&gt;&gt;</a>&nbsp;&nbsp;&nbsp;SYS_Init
</UL>

<P><STRONG><a name="[8d]"></a>CLK_GetHCLKFreq</STRONG> (Thumb, 12 bytes, Stack size 8 bytes, clk.o(i.CLK_GetHCLKFreq))
<BR><BR>[Stack]<UL><LI>Max Depth = 24<LI>Call Chain = CLK_GetHCLKFreq &rArr; SystemCoreClockUpdate
</UL>
<BR>[Calls]<UL><LI><a href="#[8e]">&gt;&gt;</a>&nbsp;&nbsp;&nbsp;SystemCoreClockUpdate
</UL>
<BR>[Called By]<UL><LI><a href="#[e7]">&gt;&gt;</a>&nbsp;&nbsp;&nbsp;UART_Open
</UL>

<P><STRONG><a name="[6e]"></a>CLK_GetHIRCFreq</STRONG> (Thumb, 18 bytes, Stack size 0 bytes, clk.o(i.CLK_GetHIRCFreq))
<BR><BR>[Called By]<UL><LI><a href="#[67]">&gt;&gt;</a>&nbsp;&nbsp;&nbsp;ADC_Init
</UL>

<P><STRONG><a name="[8f]"></a>CLK_SetHCLK</STRONG> (Thumb, 66 bytes, Stack size 24 bytes, clk.o(i.CLK_SetHCLK))
<BR><BR>[Stack]<UL><LI>Max Depth = 40<LI>Call Chain = CLK_SetHCLK &rArr; SystemCoreClockUpdate
</UL>
<BR>[Calls]<UL><LI><a href="#[8b]">&gt;&gt;</a>&nbsp;&nbsp;&nbsp;SYS_Unlock
<LI><a href="#[8c]">&gt;&gt;</a>&nbsp;&nbsp;&nbsp;SYS_Lock
<LI><a href="#[8e]">&gt;&gt;</a>&nbsp;&nbsp;&nbsp;SystemCoreClockUpdate
</UL>
<BR>[Called By]<UL><LI><a href="#[ce]">&gt;&gt;</a>&nbsp;&nbsp;&nbsp;SYS_Init
</UL>

<P><STRONG><a name="[d0]"></a>CLK_SetModuleClock</STRONG> (Thumb, 94 bytes, Stack size 20 bytes, clk.o(i.CLK_SetModuleClock))
<BR><BR>[Stack]<UL><LI>Max Depth = 20<LI>Call Chain = CLK_SetModuleClock
</UL>
<BR>[Called By]<UL><LI><a href="#[ce]">&gt;&gt;</a>&nbsp;&nbsp;&nbsp;SYS_Init
</UL>

<P><STRONG><a name="[107]"></a>CalInfoInit</STRONG> (Thumb, 56 bytes, Stack size 0 bytes, ahrslib.o(i.CalInfoInit))
<BR><BR>[Called By]<UL><LI><a href="#[b3]">&gt;&gt;</a>&nbsp;&nbsp;&nbsp;nvtAHRSInit
</UL>

<P><STRONG><a name="[90]"></a>CheckEmpirical</STRONG> (Thumb, 416 bytes, Stack size 40 bytes, gyrodriftcalibrate.o(i.CheckEmpirical))
<BR><BR>[Stack]<UL><LI>Max Depth = 56<LI>Call Chain = CheckEmpirical &rArr; __aeabi_fmul
</UL>
<BR>[Calls]<UL><LI><a href="#[93]">&gt;&gt;</a>&nbsp;&nbsp;&nbsp;__ARM_scalbnf
<LI><a href="#[91]">&gt;&gt;</a>&nbsp;&nbsp;&nbsp;__aeabi_fmul
<LI><a href="#[92]">&gt;&gt;</a>&nbsp;&nbsp;&nbsp;__aeabi_cfcmple
<LI><a href="#[55]">&gt;&gt;</a>&nbsp;&nbsp;&nbsp;__aeabi_i2f
<LI><a href="#[89]">&gt;&gt;</a>&nbsp;&nbsp;&nbsp;__aeabi_fsub
<LI><a href="#[94]">&gt;&gt;</a>&nbsp;&nbsp;&nbsp;__aeabi_fadd
</UL>
<BR>[Called By]<UL><LI><a href="#[95]">&gt;&gt;</a>&nbsp;&nbsp;&nbsp;CheckGyroNormalParam
</UL>

<P><STRONG><a name="[95]"></a>CheckGyroNormalParam</STRONG> (Thumb, 86 bytes, Stack size 16 bytes, gyrodriftcalibrate.o(i.CheckGyroNormalParam))
<BR><BR>[Stack]<UL><LI>Max Depth = 576<LI>Call Chain = CheckGyroNormalParam &rArr; quickSortIterative
</UL>
<BR>[Calls]<UL><LI><a href="#[93]">&gt;&gt;</a>&nbsp;&nbsp;&nbsp;__ARM_scalbnf
<LI><a href="#[55]">&gt;&gt;</a>&nbsp;&nbsp;&nbsp;__aeabi_i2f
<LI><a href="#[96]">&gt;&gt;</a>&nbsp;&nbsp;&nbsp;quickSortIterative
<LI><a href="#[97]">&gt;&gt;</a>&nbsp;&nbsp;&nbsp;CheckStandardDV
<LI><a href="#[98]">&gt;&gt;</a>&nbsp;&nbsp;&nbsp;CheckMode
<LI><a href="#[90]">&gt;&gt;</a>&nbsp;&nbsp;&nbsp;CheckEmpirical
</UL>
<BR>[Called By]<UL><LI><a href="#[ac]">&gt;&gt;</a>&nbsp;&nbsp;&nbsp;GyroDynamicCalibrate
</UL>

<P><STRONG><a name="[98]"></a>CheckMode</STRONG> (Thumb, 136 bytes, Stack size 24 bytes, gyrodriftcalibrate.o(i.CheckMode))
<BR><BR>[Stack]<UL><LI>Max Depth = 24<LI>Call Chain = CheckMode
</UL>
<BR>[Called By]<UL><LI><a href="#[95]">&gt;&gt;</a>&nbsp;&nbsp;&nbsp;CheckGyroNormalParam
</UL>

<P><STRONG><a name="[99]"></a>CheckNormalDistribution</STRONG> (Thumb, 52 bytes, Stack size 16 bytes, gyrodriftcalibrate.o(i.CheckNormalDistribution))
<BR><BR>[Stack]<UL><LI>Max Depth = 32<LI>Call Chain = CheckNormalDistribution &rArr; __aeabi_fadd
</UL>
<BR>[Calls]<UL><LI><a href="#[94]">&gt;&gt;</a>&nbsp;&nbsp;&nbsp;__aeabi_fadd
</UL>
<BR>[Called By]<UL><LI><a href="#[ac]">&gt;&gt;</a>&nbsp;&nbsp;&nbsp;GyroDynamicCalibrate
</UL>

<P><STRONG><a name="[105]"></a>CheckSecurityID</STRONG> (Thumb, 48 bytes, Stack size 4 bytes, security.o(i.CheckSecurityID))
<BR><BR>[Stack]<UL><LI>Max Depth = 4<LI>Call Chain = CheckSecurityID
</UL>
<BR>[Called By]<UL><LI><a href="#[102]">&gt;&gt;</a>&nbsp;&nbsp;&nbsp;nvtUpdateAHRS
<LI><a href="#[aa]">&gt;&gt;</a>&nbsp;&nbsp;&nbsp;nvtInputSensorRawGYRO
<LI><a href="#[80]">&gt;&gt;</a>&nbsp;&nbsp;&nbsp;nvtInputSensorRawACC
<LI><a href="#[b3]">&gt;&gt;</a>&nbsp;&nbsp;&nbsp;nvtAHRSInit
<LI><a href="#[e4]">&gt;&gt;</a>&nbsp;&nbsp;&nbsp;nvtMillisecondTick
</UL>

<P><STRONG><a name="[97]"></a>CheckStandardDV</STRONG> (Thumb, 74 bytes, Stack size 24 bytes, gyrodriftcalibrate.o(i.CheckStandardDV))
<BR><BR>[Stack]<UL><LI>Max Depth = 68<LI>Call Chain = CheckStandardDV &rArr; sqrt &rArr; _dsqrt
</UL>
<BR>[Calls]<UL><LI><a href="#[91]">&gt;&gt;</a>&nbsp;&nbsp;&nbsp;__aeabi_fmul
<LI><a href="#[55]">&gt;&gt;</a>&nbsp;&nbsp;&nbsp;__aeabi_i2f
<LI><a href="#[88]">&gt;&gt;</a>&nbsp;&nbsp;&nbsp;__aeabi_fdiv
<LI><a href="#[89]">&gt;&gt;</a>&nbsp;&nbsp;&nbsp;__aeabi_fsub
<LI><a href="#[94]">&gt;&gt;</a>&nbsp;&nbsp;&nbsp;__aeabi_fadd
<LI><a href="#[9a]">&gt;&gt;</a>&nbsp;&nbsp;&nbsp;__aeabi_f2d
<LI><a href="#[9c]">&gt;&gt;</a>&nbsp;&nbsp;&nbsp;__aeabi_d2f
<LI><a href="#[9b]">&gt;&gt;</a>&nbsp;&nbsp;&nbsp;sqrt
</UL>
<BR>[Called By]<UL><LI><a href="#[95]">&gt;&gt;</a>&nbsp;&nbsp;&nbsp;CheckGyroNormalParam
</UL>

<P><STRONG><a name="[115]"></a>ChronographStart</STRONG> (Thumb, 22 bytes, Stack size 0 bytes, timer_ctrl.o(i.ChronographStart))
<BR><BR>[Called By]<UL><LI><a href="#[b2]">&gt;&gt;</a>&nbsp;&nbsp;&nbsp;setup_system_tick
</UL>

<P><STRONG><a name="[9d]"></a>ComputeEuler</STRONG> (Thumb, 488 bytes, Stack size 48 bytes, sensorfusion6.o(i.ComputeEuler))
<BR><BR>[Stack]<UL><LI>Max Depth = 248<LI>Call Chain = ComputeEuler &rArr; sin &rArr; __ieee754_rem_pio2 &rArr; __aeabi_dmul
</UL>
<BR>[Calls]<UL><LI><a href="#[a2]">&gt;&gt;</a>&nbsp;&nbsp;&nbsp;sin
<LI><a href="#[a0]">&gt;&gt;</a>&nbsp;&nbsp;&nbsp;cos
<LI><a href="#[9e]">&gt;&gt;</a>&nbsp;&nbsp;&nbsp;atan2
<LI><a href="#[9f]">&gt;&gt;</a>&nbsp;&nbsp;&nbsp;atan
<LI><a href="#[93]">&gt;&gt;</a>&nbsp;&nbsp;&nbsp;__ARM_scalbnf
<LI><a href="#[91]">&gt;&gt;</a>&nbsp;&nbsp;&nbsp;__aeabi_fmul
<LI><a href="#[88]">&gt;&gt;</a>&nbsp;&nbsp;&nbsp;__aeabi_fdiv
<LI><a href="#[89]">&gt;&gt;</a>&nbsp;&nbsp;&nbsp;__aeabi_fsub
<LI><a href="#[94]">&gt;&gt;</a>&nbsp;&nbsp;&nbsp;__aeabi_fadd
<LI><a href="#[9a]">&gt;&gt;</a>&nbsp;&nbsp;&nbsp;__aeabi_f2d
<LI><a href="#[a1]">&gt;&gt;</a>&nbsp;&nbsp;&nbsp;__aeabi_dmul
<LI><a href="#[84]">&gt;&gt;</a>&nbsp;&nbsp;&nbsp;__aeabi_ddiv
<LI><a href="#[85]">&gt;&gt;</a>&nbsp;&nbsp;&nbsp;__aeabi_dadd
<LI><a href="#[9c]">&gt;&gt;</a>&nbsp;&nbsp;&nbsp;__aeabi_d2f
</UL>
<BR>[Called By]<UL><LI><a href="#[112]">&gt;&gt;</a>&nbsp;&nbsp;&nbsp;sensfusion6UpdateQ
<LI><a href="#[10d]">&gt;&gt;</a>&nbsp;&nbsp;&nbsp;sensfusion9UpdateQ
</UL>

<P><STRONG><a name="[a3]"></a>ComputeMotion</STRONG> (Thumb, 764 bytes, Stack size 88 bytes, sensorfusion6.o(i.ComputeMotion))
<BR><BR>[Stack]<UL><LI>Max Depth = 104<LI>Call Chain = ComputeMotion &rArr; __aeabi_fmul
</UL>
<BR>[Calls]<UL><LI><a href="#[93]">&gt;&gt;</a>&nbsp;&nbsp;&nbsp;__ARM_scalbnf
<LI><a href="#[91]">&gt;&gt;</a>&nbsp;&nbsp;&nbsp;__aeabi_fmul
<LI><a href="#[89]">&gt;&gt;</a>&nbsp;&nbsp;&nbsp;__aeabi_fsub
<LI><a href="#[94]">&gt;&gt;</a>&nbsp;&nbsp;&nbsp;__aeabi_fadd
</UL>
<BR>[Called By]<UL><LI><a href="#[112]">&gt;&gt;</a>&nbsp;&nbsp;&nbsp;sensfusion6UpdateQ
<LI><a href="#[10d]">&gt;&gt;</a>&nbsp;&nbsp;&nbsp;sensfusion9UpdateQ
</UL>

<P><STRONG><a name="[76]"></a>DelayMsec</STRONG> (Thumb, 24 bytes, Stack size 4 bytes, timer_ctrl.o(i.DelayMsec))
<BR><BR>[Stack]<UL><LI>Max Depth = 4<LI>Call Chain = DelayMsec
</UL>
<BR>[Calls]<UL><LI><a href="#[a4]">&gt;&gt;</a>&nbsp;&nbsp;&nbsp;getTickCount
</UL>
<BR>[Called By]<UL><LI><a href="#[a6]">&gt;&gt;</a>&nbsp;&nbsp;&nbsp;GyroCalibrate
<LI><a href="#[7b]">&gt;&gt;</a>&nbsp;&nbsp;&nbsp;AccCalibrationZ
<LI><a href="#[73]">&gt;&gt;</a>&nbsp;&nbsp;&nbsp;ADC_SingleModeTest
<LI><a href="#[ab]">&gt;&gt;</a>&nbsp;&nbsp;&nbsp;SensorsDynamicCalibrate
</UL>

<P><STRONG><a name="[d]"></a>EINT0_IRQHandler</STRONG> (Thumb, 14 bytes, Stack size 0 bytes, interrupthandler.o(i.EINT0_IRQHandler))
<BR>[Address Reference Count : 1]<UL><LI> startup_isd9100.o(RESET)
</UL>
<P><STRONG><a name="[e]"></a>EINT1_IRQHandler</STRONG> (Thumb, 14 bytes, Stack size 0 bytes, interrupthandler.o(i.EINT1_IRQHandler))
<BR>[Address Reference Count : 1]<UL><LI> startup_isd9100.o(RESET)
</UL>
<P><STRONG><a name="[e2]"></a>FMCReadUCID</STRONG> (Thumb, 76 bytes, Stack size 12 bytes, security.o(i.FMCReadUCID))
<BR><BR>[Stack]<UL><LI>Max Depth = 12<LI>Call Chain = FMCReadUCID
</UL>
<BR>[Called By]<UL><LI><a href="#[e0]">&gt;&gt;</a>&nbsp;&nbsp;&nbsp;SetupSecurityID
</UL>

<P><STRONG><a name="[e3]"></a>FMC_Close</STRONG> (Thumb, 14 bytes, Stack size 0 bytes, fmc.o(i.FMC_Close))
<BR><BR>[Called By]<UL><LI><a href="#[e0]">&gt;&gt;</a>&nbsp;&nbsp;&nbsp;SetupSecurityID
</UL>

<P><STRONG><a name="[e1]"></a>FMC_Open</STRONG> (Thumb, 14 bytes, Stack size 0 bytes, fmc.o(i.FMC_Open))
<BR><BR>[Called By]<UL><LI><a href="#[e0]">&gt;&gt;</a>&nbsp;&nbsp;&nbsp;SetupSecurityID
</UL>

<P><STRONG><a name="[d5]"></a>FilterACCInit</STRONG> (Thumb, 38 bytes, Stack size 0 bytes, acccalibrate.o(i.FilterACCInit))
<BR><BR>[Called By]<UL><LI><a href="#[d2]">&gt;&gt;</a>&nbsp;&nbsp;&nbsp;SampleFilter
</UL>

<P><STRONG><a name="[a5]"></a>FilterCalibrateACC</STRONG> (Thumb, 70 bytes, Stack size 16 bytes, accfilter.o(i.FilterCalibrateACC))
<BR><BR>[Stack]<UL><LI>Max Depth = 32<LI>Call Chain = FilterCalibrateACC &rArr; __aeabi_fmul
</UL>
<BR>[Calls]<UL><LI><a href="#[91]">&gt;&gt;</a>&nbsp;&nbsp;&nbsp;__aeabi_fmul
<LI><a href="#[55]">&gt;&gt;</a>&nbsp;&nbsp;&nbsp;__aeabi_i2f
<LI><a href="#[89]">&gt;&gt;</a>&nbsp;&nbsp;&nbsp;__aeabi_fsub
</UL>
<BR>[Called By]<UL><LI><a href="#[c6]">&gt;&gt;</a>&nbsp;&nbsp;&nbsp;MultiwiiAccFilter
</UL>

<P><STRONG><a name="[f]"></a>GPAB_IRQHandler</STRONG> (Thumb, 140 bytes, Stack size 0 bytes, interrupthandler.o(i.GPAB_IRQHandler))
<BR>[Address Reference Count : 1]<UL><LI> startup_isd9100.o(RESET)
</UL>
<P><STRONG><a name="[c0]"></a>GPIO_EnableInt</STRONG> (Thumb, 26 bytes, Stack size 8 bytes, gpio.o(i.GPIO_EnableInt))
<BR><BR>[Stack]<UL><LI>Max Depth = 8<LI>Call Chain = GPIO_EnableInt
</UL>
<BR>[Called By]<UL><LI><a href="#[bf]">&gt;&gt;</a>&nbsp;&nbsp;&nbsp;Init_KEY
</UL>

<P><STRONG><a name="[71]"></a>GPIO_SetMode</STRONG> (Thumb, 46 bytes, Stack size 16 bytes, gpio.o(i.GPIO_SetMode))
<BR><BR>[Stack]<UL><LI>Max Depth = 16<LI>Call Chain = GPIO_SetMode
</UL>
<BR>[Called By]<UL><LI><a href="#[ba]">&gt;&gt;</a>&nbsp;&nbsp;&nbsp;Init_GPIO
<LI><a href="#[70]">&gt;&gt;</a>&nbsp;&nbsp;&nbsp;ADC_SetGPIOChannel
<LI><a href="#[38]">&gt;&gt;</a>&nbsp;&nbsp;&nbsp;main
<LI><a href="#[bf]">&gt;&gt;</a>&nbsp;&nbsp;&nbsp;Init_KEY
</UL>

<P><STRONG><a name="[bb]"></a>GPIO_SetPinOutHigh</STRONG> (Thumb, 36 bytes, Stack size 8 bytes, user_gpio.o(i.GPIO_SetPinOutHigh))
<BR><BR>[Stack]<UL><LI>Max Depth = 8<LI>Call Chain = GPIO_SetPinOutHigh
</UL>
<BR>[Called By]<UL><LI><a href="#[ba]">&gt;&gt;</a>&nbsp;&nbsp;&nbsp;Init_GPIO
<LI><a href="#[38]">&gt;&gt;</a>&nbsp;&nbsp;&nbsp;main
</UL>

<P><STRONG><a name="[101]"></a>GPIO_SetPinOutLow</STRONG> (Thumb, 36 bytes, Stack size 8 bytes, user_gpio.o(i.GPIO_SetPinOutLow))
<BR><BR>[Stack]<UL><LI>Max Depth = 8<LI>Call Chain = GPIO_SetPinOutLow
</UL>
<BR>[Called By]<UL><LI><a href="#[38]">&gt;&gt;</a>&nbsp;&nbsp;&nbsp;main
</UL>

<P><STRONG><a name="[83]"></a>GetAHRSPeriod</STRONG> (Thumb, 6 bytes, Stack size 0 bytes, ahrslib.o(i.GetAHRSPeriod))
<BR><BR>[Called By]<UL><LI><a href="#[82]">&gt;&gt;</a>&nbsp;&nbsp;&nbsp;AccFilterInit
</UL>

<P><STRONG><a name="[e9]"></a>GetCalibrateParams</STRONG> (Thumb, 20 bytes, Stack size 0 bytes, gauss_newton_calibrate.o(i.GetCalibrateParams))
<BR><BR>[Called By]<UL><LI><a href="#[e8]">&gt;&gt;</a>&nbsp;&nbsp;&nbsp;UpdateCalibrateInfoACC
</UL>

<P><STRONG><a name="[10b]"></a>GetGyroDynamicCenter</STRONG> (Thumb, 20 bytes, Stack size 4 bytes, gyrodriftcalibrate.o(i.GetGyroDynamicCenter))
<BR><BR>[Stack]<UL><LI>Max Depth = 4<LI>Call Chain = GetGyroDynamicCenter
</UL>
<BR>[Called By]<UL><LI><a href="#[db]">&gt;&gt;</a>&nbsp;&nbsp;&nbsp;nvtGyroCenterCalibrate
</UL>

<P><STRONG><a name="[f8]"></a>GetMagGuass</STRONG> (Thumb, 6 bytes, Stack size 0 bytes, magcalibrate.o(i.GetMagGuass))
<BR><BR>[Called By]<UL><LI><a href="#[f7]">&gt;&gt;</a>&nbsp;&nbsp;&nbsp;checkMagFail
</UL>

<P><STRONG><a name="[113]"></a>GetTickCounter</STRONG> (Thumb, 6 bytes, Stack size 0 bytes, ahrslib.o(i.GetTickCounter))
<BR><BR>[Called By]<UL><LI><a href="#[10d]">&gt;&gt;</a>&nbsp;&nbsp;&nbsp;sensfusion9UpdateQ
</UL>

<P><STRONG><a name="[a6]"></a>GyroCalibrate</STRONG> (Thumb, 62 bytes, Stack size 8 bytes, mpu6050_api.o(i.GyroCalibrate))
<BR><BR>[Stack]<UL><LI>Max Depth = 648<LI>Call Chain = GyroCalibrate &rArr; SensorsDynamicCalibrate &rArr; nvtGyroCenterCalibrate &rArr; GyroDynamicCalibrate &rArr; CheckGyroNormalParam &rArr; quickSortIterative
</UL>
<BR>[Calls]<UL><LI><a href="#[aa]">&gt;&gt;</a>&nbsp;&nbsp;&nbsp;nvtInputSensorRawGYRO
<LI><a href="#[a9]">&gt;&gt;</a>&nbsp;&nbsp;&nbsp;Read_MPU6050_GyroZ
<LI><a href="#[a8]">&gt;&gt;</a>&nbsp;&nbsp;&nbsp;Read_MPU6050_GyroY
<LI><a href="#[a7]">&gt;&gt;</a>&nbsp;&nbsp;&nbsp;Read_MPU6050_GyroX
<LI><a href="#[76]">&gt;&gt;</a>&nbsp;&nbsp;&nbsp;DelayMsec
<LI><a href="#[ab]">&gt;&gt;</a>&nbsp;&nbsp;&nbsp;SensorsDynamicCalibrate
</UL>
<BR>[Called By]<UL><LI><a href="#[38]">&gt;&gt;</a>&nbsp;&nbsp;&nbsp;main
</UL>

<P><STRONG><a name="[ac]"></a>GyroDynamicCalibrate</STRONG> (Thumb, 62 bytes, Stack size 16 bytes, gyrodriftcalibrate.o(i.GyroDynamicCalibrate))
<BR><BR>[Stack]<UL><LI>Max Depth = 592<LI>Call Chain = GyroDynamicCalibrate &rArr; CheckGyroNormalParam &rArr; quickSortIterative
</UL>
<BR>[Calls]<UL><LI><a href="#[ad]">&gt;&gt;</a>&nbsp;&nbsp;&nbsp;pushBuffer
<LI><a href="#[99]">&gt;&gt;</a>&nbsp;&nbsp;&nbsp;CheckNormalDistribution
<LI><a href="#[95]">&gt;&gt;</a>&nbsp;&nbsp;&nbsp;CheckGyroNormalParam
</UL>
<BR>[Called By]<UL><LI><a href="#[db]">&gt;&gt;</a>&nbsp;&nbsp;&nbsp;nvtGyroCenterCalibrate
</UL>

<P><STRONG><a name="[cb]"></a>HDC1000_I2C_SingleRead</STRONG> (Thumb, 94 bytes, Stack size 8 bytes, hdc1000.o(i.HDC1000_I2C_SingleRead))
<BR><BR>[Stack]<UL><LI>Max Depth = 8<LI>Call Chain = HDC1000_I2C_SingleRead
</UL>
<BR>[Called By]<UL><LI><a href="#[cc]">&gt;&gt;</a>&nbsp;&nbsp;&nbsp;Read_HDC1000_Temperature
<LI><a href="#[ca]">&gt;&gt;</a>&nbsp;&nbsp;&nbsp;Read_HDC1000_Humidity
</UL>

<P><STRONG><a name="[be]"></a>HDC1000_I2C_SingleWrite</STRONG> (Thumb, 92 bytes, Stack size 8 bytes, hdc1000.o(i.HDC1000_I2C_SingleWrite))
<BR><BR>[Stack]<UL><LI>Max Depth = 8<LI>Call Chain = HDC1000_I2C_SingleWrite
</UL>
<BR>[Called By]<UL><LI><a href="#[bc]">&gt;&gt;</a>&nbsp;&nbsp;&nbsp;Init_HDC1000
</UL>

<P><STRONG><a name="[17]"></a>I2C0_IRQHandler</STRONG> (Thumb, 48 bytes, Stack size 8 bytes, i2c0int.o(i.I2C0_IRQHandler))
<BR><BR>[Stack]<UL><LI>Max Depth = 8<LI>Call Chain = I2C0_IRQHandler
</UL>
<BR>[Calls]<UL><LI><a href="#[ae]">&gt;&gt;</a>&nbsp;&nbsp;&nbsp;I2C_ClearTimeoutFlag
</UL>
<BR>[Address Reference Count : 1]<UL><LI> startup_isd9100.o(RESET)
</UL>
<P><STRONG><a name="[ae]"></a>I2C_ClearTimeoutFlag</STRONG> (Thumb, 10 bytes, Stack size 0 bytes, i2c.o(i.I2C_ClearTimeoutFlag))
<BR><BR>[Called By]<UL><LI><a href="#[17]">&gt;&gt;</a>&nbsp;&nbsp;&nbsp;I2C0_IRQHandler
</UL>

<P><STRONG><a name="[fe]"></a>I2C_EnableInt</STRONG> (Thumb, 10 bytes, Stack size 0 bytes, i2c.o(i.I2C_EnableInt))
<BR><BR>[Called By]<UL><LI><a href="#[38]">&gt;&gt;</a>&nbsp;&nbsp;&nbsp;main
</UL>

<P><STRONG><a name="[25]"></a>I2C_MasterRx</STRONG> (Thumb, 286 bytes, Stack size 0 bytes, i2c0int.o(i.I2C_MasterRx))
<BR>[Address Reference Count : 1]<UL><LI> mpu6050.o(i.MPU6050_I2C_SingleRead)
</UL>
<P><STRONG><a name="[23]"></a>I2C_MasterRx_var</STRONG> (Thumb, 336 bytes, Stack size 8 bytes, i2c0int.o(i.I2C_MasterRx_var))
<BR><BR>[Stack]<UL><LI>Max Depth = 8<LI>Call Chain = I2C_MasterRx_var
</UL>
<BR>[Address Reference Count : 1]<UL><LI> hdc1000.o(i.HDC1000_I2C_SingleRead)
</UL>
<P><STRONG><a name="[26]"></a>I2C_MasterTx</STRONG> (Thumb, 202 bytes, Stack size 0 bytes, i2c0int.o(i.I2C_MasterTx))
<BR>[Address Reference Count : 2]<UL><LI> mpu6050.o(i.MPU6050_I2C_SingleWrite)
<LI> ly096bg30.o(i.OLED_SingleWrite)
</UL>
<P><STRONG><a name="[24]"></a>I2C_MasterTx_var</STRONG> (Thumb, 202 bytes, Stack size 0 bytes, i2c0int.o(i.I2C_MasterTx_var))
<BR>[Address Reference Count : 1]<UL><LI> hdc1000.o(i.HDC1000_I2C_SingleWrite)
</UL>
<P><STRONG><a name="[af]"></a>I2C_Open</STRONG> (Thumb, 58 bytes, Stack size 24 bytes, i2c.o(i.I2C_Open))
<BR><BR>[Stack]<UL><LI>Max Depth = 24<LI>Call Chain = I2C_Open
</UL>
<BR>[Calls]<UL><LI><a href="#[6f]">&gt;&gt;</a>&nbsp;&nbsp;&nbsp;__aeabi_uidivmod
</UL>
<BR>[Called By]<UL><LI><a href="#[38]">&gt;&gt;</a>&nbsp;&nbsp;&nbsp;main
</UL>

<P><STRONG><a name="[bd]"></a>I2C_SetSlaveAddr</STRONG> (Thumb, 64 bytes, Stack size 8 bytes, i2c.o(i.I2C_SetSlaveAddr))
<BR><BR>[Stack]<UL><LI>Max Depth = 8<LI>Call Chain = I2C_SetSlaveAddr
</UL>
<BR>[Called By]<UL><LI><a href="#[c4]">&gt;&gt;</a>&nbsp;&nbsp;&nbsp;Init_MPU6050
<LI><a href="#[bc]">&gt;&gt;</a>&nbsp;&nbsp;&nbsp;Init_HDC1000
</UL>

<P><STRONG><a name="[b0]"></a>Init_AHRS</STRONG> (Thumb, 100 bytes, Stack size 8 bytes, mpu6050_api.o(i.Init_AHRS))
<BR><BR>[Stack]<UL><LI>Max Depth = 112<LI>Call Chain = Init_AHRS &rArr; nvtAHRSInit &rArr; AccFilterInit &rArr; __aeabi_ddiv
</UL>
<BR>[Calls]<UL><LI><a href="#[b7]">&gt;&gt;</a>&nbsp;&nbsp;&nbsp;nvtSetGyroScale
<LI><a href="#[b8]">&gt;&gt;</a>&nbsp;&nbsp;&nbsp;nvtSetGyroOffset
<LI><a href="#[b9]">&gt;&gt;</a>&nbsp;&nbsp;&nbsp;nvtSetGYRODegPLSB
<LI><a href="#[b4]">&gt;&gt;</a>&nbsp;&nbsp;&nbsp;nvtSetAccScale
<LI><a href="#[b5]">&gt;&gt;</a>&nbsp;&nbsp;&nbsp;nvtSetAccOffset
<LI><a href="#[b6]">&gt;&gt;</a>&nbsp;&nbsp;&nbsp;nvtSetAccG_PER_LSB
<LI><a href="#[b3]">&gt;&gt;</a>&nbsp;&nbsp;&nbsp;nvtAHRSInit
<LI><a href="#[b2]">&gt;&gt;</a>&nbsp;&nbsp;&nbsp;setup_system_tick
<LI><a href="#[b1]">&gt;&gt;</a>&nbsp;&nbsp;&nbsp;TIMER_Init
</UL>
<BR>[Called By]<UL><LI><a href="#[38]">&gt;&gt;</a>&nbsp;&nbsp;&nbsp;main
</UL>

<P><STRONG><a name="[ba]"></a>Init_GPIO</STRONG> (Thumb, 200 bytes, Stack size 8 bytes, user_gpio.o(i.Init_GPIO))
<BR><BR>[Stack]<UL><LI>Max Depth = 24<LI>Call Chain = Init_GPIO &rArr; GPIO_SetMode
</UL>
<BR>[Calls]<UL><LI><a href="#[bb]">&gt;&gt;</a>&nbsp;&nbsp;&nbsp;GPIO_SetPinOutHigh
<LI><a href="#[71]">&gt;&gt;</a>&nbsp;&nbsp;&nbsp;GPIO_SetMode
</UL>
<BR>[Called By]<UL><LI><a href="#[38]">&gt;&gt;</a>&nbsp;&nbsp;&nbsp;main
</UL>

<P><STRONG><a name="[bc]"></a>Init_HDC1000</STRONG> (Thumb, 26 bytes, Stack size 8 bytes, hdc1000.o(i.Init_HDC1000))
<BR><BR>[Stack]<UL><LI>Max Depth = 16<LI>Call Chain = Init_HDC1000 &rArr; I2C_SetSlaveAddr
</UL>
<BR>[Calls]<UL><LI><a href="#[bd]">&gt;&gt;</a>&nbsp;&nbsp;&nbsp;I2C_SetSlaveAddr
<LI><a href="#[be]">&gt;&gt;</a>&nbsp;&nbsp;&nbsp;HDC1000_I2C_SingleWrite
</UL>
<BR>[Called By]<UL><LI><a href="#[38]">&gt;&gt;</a>&nbsp;&nbsp;&nbsp;main
</UL>

<P><STRONG><a name="[bf]"></a>Init_KEY</STRONG> (Thumb, 160 bytes, Stack size 8 bytes, main.o(i.Init_KEY))
<BR><BR>[Stack]<UL><LI>Max Depth = 24<LI>Call Chain = Init_KEY &rArr; GPIO_SetMode
</UL>
<BR>[Calls]<UL><LI><a href="#[71]">&gt;&gt;</a>&nbsp;&nbsp;&nbsp;GPIO_SetMode
<LI><a href="#[c0]">&gt;&gt;</a>&nbsp;&nbsp;&nbsp;GPIO_EnableInt
<LI><a href="#[c1]">&gt;&gt;</a>&nbsp;&nbsp;&nbsp;NVIC_EnableIRQ
</UL>
<BR>[Called By]<UL><LI><a href="#[38]">&gt;&gt;</a>&nbsp;&nbsp;&nbsp;main
</UL>

<P><STRONG><a name="[c2]"></a>Init_LCD</STRONG> (Thumb, 172 bytes, Stack size 4 bytes, ly096bg30.o(i.Init_LCD))
<BR><BR>[Stack]<UL><LI>Max Depth = 20<LI>Call Chain = Init_LCD &rArr; oledWriteCommand &rArr; OLED_SingleWrite
</UL>
<BR>[Calls]<UL><LI><a href="#[c3]">&gt;&gt;</a>&nbsp;&nbsp;&nbsp;oledWriteCommand
</UL>
<BR>[Called By]<UL><LI><a href="#[38]">&gt;&gt;</a>&nbsp;&nbsp;&nbsp;main
</UL>

<P><STRONG><a name="[c4]"></a>Init_MPU6050</STRONG> (Thumb, 56 bytes, Stack size 8 bytes, mpu6050.o(i.Init_MPU6050))
<BR><BR>[Stack]<UL><LI>Max Depth = 16<LI>Call Chain = Init_MPU6050 &rArr; I2C_SetSlaveAddr
</UL>
<BR>[Calls]<UL><LI><a href="#[bd]">&gt;&gt;</a>&nbsp;&nbsp;&nbsp;I2C_SetSlaveAddr
<LI><a href="#[c5]">&gt;&gt;</a>&nbsp;&nbsp;&nbsp;MPU6050_I2C_SingleWrite
</UL>
<BR>[Called By]<UL><LI><a href="#[38]">&gt;&gt;</a>&nbsp;&nbsp;&nbsp;main
</UL>

<P><STRONG><a name="[cd]"></a>MPU6050_I2C_SingleRead</STRONG> (Thumb, 86 bytes, Stack size 8 bytes, mpu6050.o(i.MPU6050_I2C_SingleRead))
<BR><BR>[Stack]<UL><LI>Max Depth = 8<LI>Call Chain = MPU6050_I2C_SingleRead
</UL>
<BR>[Called By]<UL><LI><a href="#[a9]">&gt;&gt;</a>&nbsp;&nbsp;&nbsp;Read_MPU6050_GyroZ
<LI><a href="#[a8]">&gt;&gt;</a>&nbsp;&nbsp;&nbsp;Read_MPU6050_GyroY
<LI><a href="#[a7]">&gt;&gt;</a>&nbsp;&nbsp;&nbsp;Read_MPU6050_GyroX
<LI><a href="#[7f]">&gt;&gt;</a>&nbsp;&nbsp;&nbsp;Read_MPU6050_AccZ
<LI><a href="#[7e]">&gt;&gt;</a>&nbsp;&nbsp;&nbsp;Read_MPU6050_AccY
<LI><a href="#[7d]">&gt;&gt;</a>&nbsp;&nbsp;&nbsp;Read_MPU6050_AccX
</UL>

<P><STRONG><a name="[c5]"></a>MPU6050_I2C_SingleWrite</STRONG> (Thumb, 82 bytes, Stack size 8 bytes, mpu6050.o(i.MPU6050_I2C_SingleWrite))
<BR><BR>[Stack]<UL><LI>Max Depth = 8<LI>Call Chain = MPU6050_I2C_SingleWrite
</UL>
<BR>[Called By]<UL><LI><a href="#[c4]">&gt;&gt;</a>&nbsp;&nbsp;&nbsp;Init_MPU6050
</UL>

<P><STRONG><a name="[c6]"></a>MultiwiiAccFilter</STRONG> (Thumb, 204 bytes, Stack size 40 bytes, accfilter.o(i.MultiwiiAccFilter))
<BR><BR>[Stack]<UL><LI>Max Depth = 84<LI>Call Chain = MultiwiiAccFilter &rArr; sqrt &rArr; _dsqrt
</UL>
<BR>[Calls]<UL><LI><a href="#[91]">&gt;&gt;</a>&nbsp;&nbsp;&nbsp;__aeabi_fmul
<LI><a href="#[55]">&gt;&gt;</a>&nbsp;&nbsp;&nbsp;__aeabi_i2f
<LI><a href="#[c7]">&gt;&gt;</a>&nbsp;&nbsp;&nbsp;__aeabi_f2iz
<LI><a href="#[88]">&gt;&gt;</a>&nbsp;&nbsp;&nbsp;__aeabi_fdiv
<LI><a href="#[89]">&gt;&gt;</a>&nbsp;&nbsp;&nbsp;__aeabi_fsub
<LI><a href="#[94]">&gt;&gt;</a>&nbsp;&nbsp;&nbsp;__aeabi_fadd
<LI><a href="#[9a]">&gt;&gt;</a>&nbsp;&nbsp;&nbsp;__aeabi_f2d
<LI><a href="#[9c]">&gt;&gt;</a>&nbsp;&nbsp;&nbsp;__aeabi_d2f
<LI><a href="#[a5]">&gt;&gt;</a>&nbsp;&nbsp;&nbsp;FilterCalibrateACC
<LI><a href="#[9b]">&gt;&gt;</a>&nbsp;&nbsp;&nbsp;sqrt
</UL>
<BR>[Called By]<UL><LI><a href="#[80]">&gt;&gt;</a>&nbsp;&nbsp;&nbsp;nvtInputSensorRawACC
</UL>

<P><STRONG><a name="[10f]"></a>OLED_SingleWrite</STRONG> (Thumb, 82 bytes, Stack size 8 bytes, ly096bg30.o(i.OLED_SingleWrite))
<BR><BR>[Stack]<UL><LI>Max Depth = 8<LI>Call Chain = OLED_SingleWrite
</UL>
<BR>[Called By]<UL><LI><a href="#[fc]">&gt;&gt;</a>&nbsp;&nbsp;&nbsp;oledWriteData
<LI><a href="#[c3]">&gt;&gt;</a>&nbsp;&nbsp;&nbsp;oledWriteCommand
</UL>

<P><STRONG><a name="[c8]"></a>RawSmoothInput</STRONG> (Thumb, 100 bytes, Stack size 32 bytes, ahrslib.o(i.RawSmoothInput))
<BR><BR>[Stack]<UL><LI>Max Depth = 32<LI>Call Chain = RawSmoothInput
</UL>
<BR>[Calls]<UL><LI><a href="#[55]">&gt;&gt;</a>&nbsp;&nbsp;&nbsp;__aeabi_i2f
<LI><a href="#[6f]">&gt;&gt;</a>&nbsp;&nbsp;&nbsp;__aeabi_uidivmod
</UL>
<BR>[Called By]<UL><LI><a href="#[aa]">&gt;&gt;</a>&nbsp;&nbsp;&nbsp;nvtInputSensorRawGYRO
</UL>

<P><STRONG><a name="[c9]"></a>RawSmoothOutput</STRONG> (Thumb, 120 bytes, Stack size 32 bytes, ahrslib.o(i.RawSmoothOutput))
<BR><BR>[Stack]<UL><LI>Max Depth = 48<LI>Call Chain = RawSmoothOutput &rArr; __aeabi_fadd
</UL>
<BR>[Calls]<UL><LI><a href="#[55]">&gt;&gt;</a>&nbsp;&nbsp;&nbsp;__aeabi_i2f
<LI><a href="#[c7]">&gt;&gt;</a>&nbsp;&nbsp;&nbsp;__aeabi_f2iz
<LI><a href="#[94]">&gt;&gt;</a>&nbsp;&nbsp;&nbsp;__aeabi_fadd
<LI><a href="#[72]">&gt;&gt;</a>&nbsp;&nbsp;&nbsp;__aeabi_idivmod
</UL>
<BR>[Called By]<UL><LI><a href="#[aa]">&gt;&gt;</a>&nbsp;&nbsp;&nbsp;nvtInputSensorRawGYRO
</UL>

<P><STRONG><a name="[ca]"></a>Read_HDC1000_Humidity</STRONG> (Thumb, 14 bytes, Stack size 8 bytes, hdc1000.o(i.Read_HDC1000_Humidity))
<BR><BR>[Stack]<UL><LI>Max Depth = 16<LI>Call Chain = Read_HDC1000_Humidity &rArr; HDC1000_I2C_SingleRead
</UL>
<BR>[Calls]<UL><LI><a href="#[cb]">&gt;&gt;</a>&nbsp;&nbsp;&nbsp;HDC1000_I2C_SingleRead
</UL>
<BR>[Called By]<UL><LI><a href="#[38]">&gt;&gt;</a>&nbsp;&nbsp;&nbsp;main
</UL>

<P><STRONG><a name="[cc]"></a>Read_HDC1000_Temperature</STRONG> (Thumb, 14 bytes, Stack size 8 bytes, hdc1000.o(i.Read_HDC1000_Temperature))
<BR><BR>[Stack]<UL><LI>Max Depth = 16<LI>Call Chain = Read_HDC1000_Temperature &rArr; HDC1000_I2C_SingleRead
</UL>
<BR>[Calls]<UL><LI><a href="#[cb]">&gt;&gt;</a>&nbsp;&nbsp;&nbsp;HDC1000_I2C_SingleRead
</UL>
<BR>[Called By]<UL><LI><a href="#[38]">&gt;&gt;</a>&nbsp;&nbsp;&nbsp;main
</UL>

<P><STRONG><a name="[7d]"></a>Read_MPU6050_AccX</STRONG> (Thumb, 24 bytes, Stack size 12 bytes, mpu6050.o(i.Read_MPU6050_AccX))
<BR><BR>[Stack]<UL><LI>Max Depth = 20<LI>Call Chain = Read_MPU6050_AccX &rArr; MPU6050_I2C_SingleRead
</UL>
<BR>[Calls]<UL><LI><a href="#[cd]">&gt;&gt;</a>&nbsp;&nbsp;&nbsp;MPU6050_I2C_SingleRead
</UL>
<BR>[Called By]<UL><LI><a href="#[7b]">&gt;&gt;</a>&nbsp;&nbsp;&nbsp;AccCalibrationZ
<LI><a href="#[38]">&gt;&gt;</a>&nbsp;&nbsp;&nbsp;main
</UL>

<P><STRONG><a name="[7e]"></a>Read_MPU6050_AccY</STRONG> (Thumb, 24 bytes, Stack size 12 bytes, mpu6050.o(i.Read_MPU6050_AccY))
<BR><BR>[Stack]<UL><LI>Max Depth = 20<LI>Call Chain = Read_MPU6050_AccY &rArr; MPU6050_I2C_SingleRead
</UL>
<BR>[Calls]<UL><LI><a href="#[cd]">&gt;&gt;</a>&nbsp;&nbsp;&nbsp;MPU6050_I2C_SingleRead
</UL>
<BR>[Called By]<UL><LI><a href="#[7b]">&gt;&gt;</a>&nbsp;&nbsp;&nbsp;AccCalibrationZ
<LI><a href="#[38]">&gt;&gt;</a>&nbsp;&nbsp;&nbsp;main
</UL>

<P><STRONG><a name="[7f]"></a>Read_MPU6050_AccZ</STRONG> (Thumb, 24 bytes, Stack size 12 bytes, mpu6050.o(i.Read_MPU6050_AccZ))
<BR><BR>[Stack]<UL><LI>Max Depth = 20<LI>Call Chain = Read_MPU6050_AccZ &rArr; MPU6050_I2C_SingleRead
</UL>
<BR>[Calls]<UL><LI><a href="#[cd]">&gt;&gt;</a>&nbsp;&nbsp;&nbsp;MPU6050_I2C_SingleRead
</UL>
<BR>[Called By]<UL><LI><a href="#[7b]">&gt;&gt;</a>&nbsp;&nbsp;&nbsp;AccCalibrationZ
<LI><a href="#[38]">&gt;&gt;</a>&nbsp;&nbsp;&nbsp;main
</UL>

<P><STRONG><a name="[a7]"></a>Read_MPU6050_GyroX</STRONG> (Thumb, 24 bytes, Stack size 12 bytes, mpu6050.o(i.Read_MPU6050_GyroX))
<BR><BR>[Stack]<UL><LI>Max Depth = 20<LI>Call Chain = Read_MPU6050_GyroX &rArr; MPU6050_I2C_SingleRead
</UL>
<BR>[Calls]<UL><LI><a href="#[cd]">&gt;&gt;</a>&nbsp;&nbsp;&nbsp;MPU6050_I2C_SingleRead
</UL>
<BR>[Called By]<UL><LI><a href="#[a6]">&gt;&gt;</a>&nbsp;&nbsp;&nbsp;GyroCalibrate
<LI><a href="#[38]">&gt;&gt;</a>&nbsp;&nbsp;&nbsp;main
<LI><a href="#[d8]">&gt;&gt;</a>&nbsp;&nbsp;&nbsp;Send_Data
</UL>

<P><STRONG><a name="[a8]"></a>Read_MPU6050_GyroY</STRONG> (Thumb, 24 bytes, Stack size 12 bytes, mpu6050.o(i.Read_MPU6050_GyroY))
<BR><BR>[Stack]<UL><LI>Max Depth = 20<LI>Call Chain = Read_MPU6050_GyroY &rArr; MPU6050_I2C_SingleRead
</UL>
<BR>[Calls]<UL><LI><a href="#[cd]">&gt;&gt;</a>&nbsp;&nbsp;&nbsp;MPU6050_I2C_SingleRead
</UL>
[...]
</UL>

<P><STRONG><a name="[100]"></a>print_Line</STRONG> (Thumb, 36 bytes, Stack size 16 bytes, ly096bg30.o(i.print_Line))
<BR><BR>[Stack]<UL><LI>Max Depth = 80<LI>Call Chain = print_Line &rArr; print_C &rArr; oled_address &rArr; oledWriteCommand &rArr; OLED_SingleWrite
</UL>
<BR>[Calls]<UL><LI><a href="#[110]">&gt;&gt;</a>&nbsp;&nbsp;&nbsp;print_C
<LI><a href="#[111]">&gt;&gt;</a>&nbsp;&nbsp;&nbsp;strlen
</UL>
<BR>[Called By]<UL><LI><a href="#[38]">&gt;&gt;</a>&nbsp;&nbsp;&nbsp;main
</UL>

<P><STRONG><a name="[ad]"></a>pushBuffer</STRONG> (Thumb, 54 bytes, Stack size 4 bytes, gyrodriftcalibrate.o(i.pushBuffer))
<BR><BR>[Stack]<UL><LI>Max Depth = 4<LI>Call Chain = pushBuffer
</UL>
<BR>[Called By]<UL><LI><a href="#[ac]">&gt;&gt;</a>&nbsp;&nbsp;&nbsp;GyroDynamicCalibrate
</UL>

<P><STRONG><a name="[96]"></a>quickSortIterative</STRONG> (Thumb, 182 bytes, Stack size 560 bytes, gyrodriftcalibrate.o(i.quickSortIterative))
<BR><BR>[Stack]<UL><LI>Max Depth = 560<LI>Call Chain = quickSortIterative
</UL>
<BR>[Called By]<UL><LI><a href="#[95]">&gt;&gt;</a>&nbsp;&nbsp;&nbsp;CheckGyroNormalParam
</UL>

<P><STRONG><a name="[79]"></a>reset_calibration_matrices</STRONG> (Thumb, 42 bytes, Stack size 12 bytes, gauss_newton_calibrate.o(i.reset_calibration_matrices))
<BR><BR>[Stack]<UL><LI>Max Depth = 12<LI>Call Chain = reset_calibration_matrices
</UL>
<BR>[Called By]<UL><LI><a href="#[7a]">&gt;&gt;</a>&nbsp;&nbsp;&nbsp;calibrate_model_acc
<LI><a href="#[78]">&gt;&gt;</a>&nbsp;&nbsp;&nbsp;AccCalibrate
</UL>

<P><STRONG><a name="[109]"></a>sensfusion6GetAccZWithoutGravity</STRONG> (Thumb, 58 bytes, Stack size 24 bytes, sensorfusion6.o(i.sensfusion6GetAccZWithoutGravity))
<BR><BR>[Stack]<UL><LI>Max Depth = 40<LI>Call Chain = sensfusion6GetAccZWithoutGravity &rArr; __aeabi_fmul
</UL>
<BR>[Calls]<UL><LI><a href="#[91]">&gt;&gt;</a>&nbsp;&nbsp;&nbsp;__aeabi_fmul
<LI><a href="#[89]">&gt;&gt;</a>&nbsp;&nbsp;&nbsp;__aeabi_fsub
<LI><a href="#[94]">&gt;&gt;</a>&nbsp;&nbsp;&nbsp;__aeabi_fadd
</UL>
<BR>[Called By]<UL><LI><a href="#[108]">&gt;&gt;</a>&nbsp;&nbsp;&nbsp;nvtGetAccZWithoutGravity
</UL>

<P><STRONG><a name="[10a]"></a>sensfusion6GetEulerRPY</STRONG> (Thumb, 20 bytes, Stack size 4 bytes, sensorfusion6.o(i.sensfusion6GetEulerRPY))
<BR><BR>[Stack]<UL><LI>Max Depth = 4<LI>Call Chain = sensfusion6GetEulerRPY
</UL>
<BR>[Called By]<UL><LI><a href="#[103]">&gt;&gt;</a>&nbsp;&nbsp;&nbsp;nvtGetEulerRPY
</UL>

<P><STRONG><a name="[10e]"></a>sensfusion6UpdateMagByEuler</STRONG> (Thumb, 442 bytes, Stack size 48 bytes, sensorfusion6.o(i.sensfusion6UpdateMagByEuler))
<BR><BR>[Stack]<UL><LI>Max Depth = 248<LI>Call Chain = sensfusion6UpdateMagByEuler &rArr; sin &rArr; __ieee754_rem_pio2 &rArr; __aeabi_dmul
</UL>
<BR>[Calls]<UL><LI><a href="#[a2]">&gt;&gt;</a>&nbsp;&nbsp;&nbsp;sin
<LI><a href="#[a0]">&gt;&gt;</a>&nbsp;&nbsp;&nbsp;cos
<LI><a href="#[94]">&gt;&gt;</a>&nbsp;&nbsp;&nbsp;__aeabi_fadd
<LI><a href="#[9a]">&gt;&gt;</a>&nbsp;&nbsp;&nbsp;__aeabi_f2d
<LI><a href="#[a1]">&gt;&gt;</a>&nbsp;&nbsp;&nbsp;__aeabi_dmul
<LI><a href="#[eb]">&gt;&gt;</a>&nbsp;&nbsp;&nbsp;__aeabi_dsub
<LI><a href="#[85]">&gt;&gt;</a>&nbsp;&nbsp;&nbsp;__aeabi_dadd
<LI><a href="#[9c]">&gt;&gt;</a>&nbsp;&nbsp;&nbsp;__aeabi_d2f
</UL>
<BR>[Called By]<UL><LI><a href="#[102]">&gt;&gt;</a>&nbsp;&nbsp;&nbsp;nvtUpdateAHRS
</UL>

<P><STRONG><a name="[112]"></a>sensfusion6UpdateQ</STRONG> (Thumb, 984 bytes, Stack size 112 bytes, sensorfusion6.o(i.sensfusion6UpdateQ))
<BR><BR>[Stack]<UL><LI>Max Depth = 360<LI>Call Chain = sensfusion6UpdateQ &rArr; ComputeEuler &rArr; sin &rArr; __ieee754_rem_pio2 &rArr; __aeabi_dmul
</UL>
<BR>[Calls]<UL><LI><a href="#[91]">&gt;&gt;</a>&nbsp;&nbsp;&nbsp;__aeabi_fmul
<LI><a href="#[88]">&gt;&gt;</a>&nbsp;&nbsp;&nbsp;__aeabi_fdiv
<LI><a href="#[89]">&gt;&gt;</a>&nbsp;&nbsp;&nbsp;__aeabi_fsub
<LI><a href="#[94]">&gt;&gt;</a>&nbsp;&nbsp;&nbsp;__aeabi_fadd
<LI><a href="#[a3]">&gt;&gt;</a>&nbsp;&nbsp;&nbsp;ComputeMotion
<LI><a href="#[9d]">&gt;&gt;</a>&nbsp;&nbsp;&nbsp;ComputeEuler
<LI><a href="#[fd]">&gt;&gt;</a>&nbsp;&nbsp;&nbsp;invSqrt
</UL>
<BR>[Called By]<UL><LI><a href="#[10d]">&gt;&gt;</a>&nbsp;&nbsp;&nbsp;sensfusion9UpdateQ
</UL>

<P><STRONG><a name="[10d]"></a>sensfusion9UpdateQ</STRONG> (Thumb, 1600 bytes, Stack size 128 bytes, sensorfusion6.o(i.sensfusion9UpdateQ))
<BR><BR>[Stack]<UL><LI>Max Depth = 488<LI>Call Chain = sensfusion9UpdateQ &rArr; sensfusion6UpdateQ &rArr; ComputeEuler &rArr; sin &rArr; __ieee754_rem_pio2 &rArr; __aeabi_dmul
</UL>
<BR>[Calls]<UL><LI><a href="#[93]">&gt;&gt;</a>&nbsp;&nbsp;&nbsp;__ARM_scalbnf
<LI><a href="#[91]">&gt;&gt;</a>&nbsp;&nbsp;&nbsp;__aeabi_fmul
<LI><a href="#[88]">&gt;&gt;</a>&nbsp;&nbsp;&nbsp;__aeabi_fdiv
<LI><a href="#[89]">&gt;&gt;</a>&nbsp;&nbsp;&nbsp;__aeabi_fsub
<LI><a href="#[94]">&gt;&gt;</a>&nbsp;&nbsp;&nbsp;__aeabi_fadd
<LI><a href="#[9a]">&gt;&gt;</a>&nbsp;&nbsp;&nbsp;__aeabi_f2d
<LI><a href="#[9c]">&gt;&gt;</a>&nbsp;&nbsp;&nbsp;__aeabi_d2f
<LI><a href="#[112]">&gt;&gt;</a>&nbsp;&nbsp;&nbsp;sensfusion6UpdateQ
<LI><a href="#[f7]">&gt;&gt;</a>&nbsp;&nbsp;&nbsp;checkMagFail
<LI><a href="#[a3]">&gt;&gt;</a>&nbsp;&nbsp;&nbsp;ComputeMotion
<LI><a href="#[9d]">&gt;&gt;</a>&nbsp;&nbsp;&nbsp;ComputeEuler
<LI><a href="#[fd]">&gt;&gt;</a>&nbsp;&nbsp;&nbsp;invSqrt
<LI><a href="#[113]">&gt;&gt;</a>&nbsp;&nbsp;&nbsp;GetTickCounter
<LI><a href="#[9b]">&gt;&gt;</a>&nbsp;&nbsp;&nbsp;sqrt
</UL>
<BR>[Called By]<UL><LI><a href="#[102]">&gt;&gt;</a>&nbsp;&nbsp;&nbsp;nvtUpdateAHRS
</UL>

<P><STRONG><a name="[b2]"></a>setup_system_tick</STRONG> (Thumb, 64 bytes, Stack size 16 bytes, timer_ctrl.o(i.setup_system_tick))
<BR><BR>[Stack]<UL><LI>Max Depth = 24<LI>Call Chain = setup_system_tick &rArr; NVIC_SetPriority
</UL>
<BR>[Calls]<UL><LI><a href="#[115]">&gt;&gt;</a>&nbsp;&nbsp;&nbsp;ChronographStart
<LI><a href="#[114]">&gt;&gt;</a>&nbsp;&nbsp;&nbsp;NVIC_SetPriority
<LI><a href="#[6f]">&gt;&gt;</a>&nbsp;&nbsp;&nbsp;__aeabi_uidivmod
</UL>
<BR>[Called By]<UL><LI><a href="#[b0]">&gt;&gt;</a>&nbsp;&nbsp;&nbsp;Init_AHRS
</UL>

<P><STRONG><a name="[a2]"></a>sin</STRONG> (Thumb, 156 bytes, Stack size 32 bytes, sin.o(i.sin))
<BR><BR>[Stack]<UL><LI>Max Depth = 200<LI>Call Chain = sin &rArr; __ieee754_rem_pio2 &rArr; __aeabi_dmul
</UL>
<BR>[Calls]<UL><LI><a href="#[84]">&gt;&gt;</a>&nbsp;&nbsp;&nbsp;__aeabi_ddiv
<LI><a href="#[f1]">&gt;&gt;</a>&nbsp;&nbsp;&nbsp;__kernel_sin
<LI><a href="#[ea]">&gt;&gt;</a>&nbsp;&nbsp;&nbsp;__ieee754_rem_pio2
<LI><a href="#[ef]">&gt;&gt;</a>&nbsp;&nbsp;&nbsp;__kernel_cos
<LI><a href="#[ee]">&gt;&gt;</a>&nbsp;&nbsp;&nbsp;__ARM_scalbn
<LI><a href="#[5a]">&gt;&gt;</a>&nbsp;&nbsp;&nbsp;__set_errno
</UL>
<BR>[Called By]<UL><LI><a href="#[9d]">&gt;&gt;</a>&nbsp;&nbsp;&nbsp;ComputeEuler
<LI><a href="#[10e]">&gt;&gt;</a>&nbsp;&nbsp;&nbsp;sensfusion6UpdateMagByEuler
</UL>

<P><STRONG><a name="[9b]"></a>sqrt</STRONG> (Thumb, 66 bytes, Stack size 24 bytes, sqrt.o(i.sqrt))
<BR><BR>[Stack]<UL><LI>Max Depth = 44<LI>Call Chain = sqrt &rArr; _dsqrt
</UL>
<BR>[Calls]<UL><LI><a href="#[116]">&gt;&gt;</a>&nbsp;&nbsp;&nbsp;_dsqrt
<LI><a href="#[5a]">&gt;&gt;</a>&nbsp;&nbsp;&nbsp;__set_errno
</UL>
<BR>[Called By]<UL><LI><a href="#[f7]">&gt;&gt;</a>&nbsp;&nbsp;&nbsp;checkMagFail
<LI><a href="#[97]">&gt;&gt;</a>&nbsp;&nbsp;&nbsp;CheckStandardDV
<LI><a href="#[df]">&gt;&gt;</a>&nbsp;&nbsp;&nbsp;SetMagGuass
<LI><a href="#[10d]">&gt;&gt;</a>&nbsp;&nbsp;&nbsp;sensfusion9UpdateQ
<LI><a href="#[c6]">&gt;&gt;</a>&nbsp;&nbsp;&nbsp;MultiwiiAccFilter
</UL>

<P><STRONG><a name="[d9]"></a>transfer</STRONG> (Thumb, 24 bytes, Stack size 0 bytes, main.o(i.transfer))
<BR><BR>[Called By]<UL><LI><a href="#[d8]">&gt;&gt;</a>&nbsp;&nbsp;&nbsp;Send_Data
</UL>

<P><STRONG><a name="[f4]"></a>update_calibration_matrices</STRONG> (Thumb, 190 bytes, Stack size 56 bytes, gauss_newton_calibrate.o(i.update_calibration_matrices))
<BR><BR>[Stack]<UL><LI>Max Depth = 72<LI>Call Chain = update_calibration_matrices &rArr; __aeabi_fmul
</UL>
<BR>[Calls]<UL><LI><a href="#[93]">&gt;&gt;</a>&nbsp;&nbsp;&nbsp;__ARM_scalbnf
<LI><a href="#[91]">&gt;&gt;</a>&nbsp;&nbsp;&nbsp;__aeabi_fmul
<LI><a href="#[55]">&gt;&gt;</a>&nbsp;&nbsp;&nbsp;__aeabi_i2f
<LI><a href="#[89]">&gt;&gt;</a>&nbsp;&nbsp;&nbsp;__aeabi_fsub
<LI><a href="#[d4]">&gt;&gt;</a>&nbsp;&nbsp;&nbsp;__aeabi_frsub
<LI><a href="#[94]">&gt;&gt;</a>&nbsp;&nbsp;&nbsp;__aeabi_fadd
</UL>
<BR>[Called By]<UL><LI><a href="#[7a]">&gt;&gt;</a>&nbsp;&nbsp;&nbsp;calibrate_model_acc
</UL>

<P><STRONG><a name="[f9]"></a>__aeabi_cdrcmple</STRONG> (Thumb, 0 bytes, Stack size 32 bytes, drlef.o(x$fpl$drleqf))
<BR><BR>[Stack]<UL><LI>Max Depth = 32<LI>Call Chain = __aeabi_cdrcmple
</UL>
<BR>[Called By]<UL><LI><a href="#[f7]">&gt;&gt;</a>&nbsp;&nbsp;&nbsp;checkMagFail
</UL>

<P><STRONG><a name="[117]"></a>_drcmple</STRONG> (Thumb, 100 bytes, Stack size 32 bytes, drlef.o(x$fpl$drleqf), UNUSED)
<BR><BR>[Calls]<UL><LI><a href="#[5e]">&gt;&gt;</a>&nbsp;&nbsp;&nbsp;__fpl_dcmp_InfNaN
</UL>

<P><STRONG><a name="[94]"></a>__aeabi_fadd</STRONG> (Thumb, 0 bytes, Stack size 16 bytes, faddsub.o(x$fpl$fadd))
<BR><BR>[Stack]<UL><LI>Max Depth = 16<LI>Call Chain = __aeabi_fadd
</UL>
<BR>[Called By]<UL><LI><a href="#[102]">&gt;&gt;</a>&nbsp;&nbsp;&nbsp;nvtUpdateAHRS
<LI><a href="#[112]">&gt;&gt;</a>&nbsp;&nbsp;&nbsp;sensfusion6UpdateQ
<LI><a href="#[f7]">&gt;&gt;</a>&nbsp;&nbsp;&nbsp;checkMagFail
<LI><a href="#[a3]">&gt;&gt;</a>&nbsp;&nbsp;&nbsp;ComputeMotion
<LI><a href="#[9d]">&gt;&gt;</a>&nbsp;&nbsp;&nbsp;ComputeEuler
<LI><a href="#[f4]">&gt;&gt;</a>&nbsp;&nbsp;&nbsp;update_calibration_matrices
<LI><a href="#[7a]">&gt;&gt;</a>&nbsp;&nbsp;&nbsp;calibrate_model_acc
<LI><a href="#[97]">&gt;&gt;</a>&nbsp;&nbsp;&nbsp;CheckStandardDV
<LI><a href="#[99]">&gt;&gt;</a>&nbsp;&nbsp;&nbsp;CheckNormalDistribution
<LI><a href="#[90]">&gt;&gt;</a>&nbsp;&nbsp;&nbsp;CheckEmpirical
<LI><a href="#[d2]">&gt;&gt;</a>&nbsp;&nbsp;&nbsp;SampleFilter
<LI><a href="#[df]">&gt;&gt;</a>&nbsp;&nbsp;&nbsp;SetMagGuass
<LI><a href="#[10d]">&gt;&gt;</a>&nbsp;&nbsp;&nbsp;sensfusion9UpdateQ
<LI><a href="#[10e]">&gt;&gt;</a>&nbsp;&nbsp;&nbsp;sensfusion6UpdateMagByEuler
<LI><a href="#[109]">&gt;&gt;</a>&nbsp;&nbsp;&nbsp;sensfusion6GetAccZWithoutGravity
<LI><a href="#[c6]">&gt;&gt;</a>&nbsp;&nbsp;&nbsp;MultiwiiAccFilter
<LI><a href="#[108]">&gt;&gt;</a>&nbsp;&nbsp;&nbsp;nvtGetAccZWithoutGravity
<LI><a href="#[c9]">&gt;&gt;</a>&nbsp;&nbsp;&nbsp;RawSmoothOutput
</UL>

<P><STRONG><a name="[118]"></a>_fadd</STRONG> (Thumb, 134 bytes, Stack size 16 bytes, faddsub.o(x$fpl$fadd), UNUSED)
<BR><BR>[Calls]<UL><LI><a href="#[119]">&gt;&gt;</a>&nbsp;&nbsp;&nbsp;_fsub1
</UL>

<P><STRONG><a name="[92]"></a>__aeabi_cfcmple</STRONG> (Thumb, 0 bytes, Stack size 8 bytes, flef.o(x$fpl$fleqf))
<BR><BR>[Stack]<UL><LI>Max Depth = 8<LI>Call Chain = __aeabi_cfcmple
</UL>
<BR>[Called By]<UL><LI><a href="#[f7]">&gt;&gt;</a>&nbsp;&nbsp;&nbsp;checkMagFail
<LI><a href="#[90]">&gt;&gt;</a>&nbsp;&nbsp;&nbsp;CheckEmpirical
</UL>

<P><STRONG><a name="[11a]"></a>_fcmple</STRONG> (Thumb, 78 bytes, Stack size 8 bytes, flef.o(x$fpl$fleqf), UNUSED)
<BR><BR>[Calls]<UL><LI><a href="#[61]">&gt;&gt;</a>&nbsp;&nbsp;&nbsp;__fpl_fcmp_InfNaN
</UL>

<P><STRONG><a name="[91]"></a>__aeabi_fmul</STRONG> (Thumb, 0 bytes, Stack size 16 bytes, fmul.o(x$fpl$fmul))
<BR><BR>[Stack]<UL><LI>Max Depth = 16<LI>Call Chain = __aeabi_fmul
</UL>
<BR>[Called By]<UL><LI><a href="#[112]">&gt;&gt;</a>&nbsp;&nbsp;&nbsp;sensfusion6UpdateQ
<LI><a href="#[f7]">&gt;&gt;</a>&nbsp;&nbsp;&nbsp;checkMagFail
<LI><a href="#[a3]">&gt;&gt;</a>&nbsp;&nbsp;&nbsp;ComputeMotion
<LI><a href="#[9d]">&gt;&gt;</a>&nbsp;&nbsp;&nbsp;ComputeEuler
<LI><a href="#[fd]">&gt;&gt;</a>&nbsp;&nbsp;&nbsp;invSqrt
<LI><a href="#[f4]">&gt;&gt;</a>&nbsp;&nbsp;&nbsp;update_calibration_matrices
<LI><a href="#[f5]">&gt;&gt;</a>&nbsp;&nbsp;&nbsp;find_delta
<LI><a href="#[7a]">&gt;&gt;</a>&nbsp;&nbsp;&nbsp;calibrate_model_acc
<LI><a href="#[97]">&gt;&gt;</a>&nbsp;&nbsp;&nbsp;CheckStandardDV
<LI><a href="#[90]">&gt;&gt;</a>&nbsp;&nbsp;&nbsp;CheckEmpirical
<LI><a href="#[a5]">&gt;&gt;</a>&nbsp;&nbsp;&nbsp;FilterCalibrateACC
<LI><a href="#[d2]">&gt;&gt;</a>&nbsp;&nbsp;&nbsp;SampleFilter
<LI><a href="#[df]">&gt;&gt;</a>&nbsp;&nbsp;&nbsp;SetMagGuass
<LI><a href="#[10d]">&gt;&gt;</a>&nbsp;&nbsp;&nbsp;sensfusion9UpdateQ
<LI><a href="#[109]">&gt;&gt;</a>&nbsp;&nbsp;&nbsp;sensfusion6GetAccZWithoutGravity
<LI><a href="#[de]">&gt;&gt;</a>&nbsp;&nbsp;&nbsp;SetCalibrateGYRO
<LI><a href="#[dd]">&gt;&gt;</a>&nbsp;&nbsp;&nbsp;SetCalibrateACC
<LI><a href="#[c6]">&gt;&gt;</a>&nbsp;&nbsp;&nbsp;MultiwiiAccFilter
<LI><a href="#[108]">&gt;&gt;</a>&nbsp;&nbsp;&nbsp;nvtGetAccZWithoutGravity
</UL>

<P><STRONG><a name="[157]"></a>_fmul</STRONG> (Thumb, 172 bytes, Stack size 16 bytes, fmul.o(x$fpl$fmul), UNUSED)

<P><STRONG><a name="[f6]"></a>__aeabi_cfrcmple</STRONG> (Thumb, 0 bytes, Stack size 8 bytes, frlef.o(x$fpl$frleqf))
<BR><BR>[Stack]<UL><LI>Max Depth = 8<LI>Call Chain = __aeabi_cfrcmple
</UL>
<BR>[Called By]<UL><LI><a href="#[f7]">&gt;&gt;</a>&nbsp;&nbsp;&nbsp;checkMagFail
<LI><a href="#[7a]">&gt;&gt;</a>&nbsp;&nbsp;&nbsp;calibrate_model_acc
</UL>

<P><STRONG><a name="[11b]"></a>_frcmple</STRONG> (Thumb, 84 bytes, Stack size 8 bytes, frlef.o(x$fpl$frleqf), UNUSED)
<BR><BR>[Calls]<UL><LI><a href="#[61]">&gt;&gt;</a>&nbsp;&nbsp;&nbsp;__fpl_fcmp_InfNaN
</UL>

<P><STRONG><a name="[d4]"></a>__aeabi_frsub</STRONG> (Thumb, 0 bytes, Stack size 16 bytes, faddsub.o(x$fpl$frsb))
<BR><BR>[Stack]<UL><LI>Max Depth = 16<LI>Call Chain = __aeabi_frsub
</UL>
<BR>[Called By]<UL><LI><a href="#[fd]">&gt;&gt;</a>&nbsp;&nbsp;&nbsp;invSqrt
<LI><a href="#[f4]">&gt;&gt;</a>&nbsp;&nbsp;&nbsp;update_calibration_matrices
<LI><a href="#[f5]">&gt;&gt;</a>&nbsp;&nbsp;&nbsp;find_delta
<LI><a href="#[d2]">&gt;&gt;</a>&nbsp;&nbsp;&nbsp;SampleFilter
</UL>

<P><STRONG><a name="[11c]"></a>_frsb</STRONG> (Thumb, 24 bytes, Stack size 16 bytes, faddsub.o(x$fpl$frsb), UNUSED)
<BR><BR>[Calls]<UL><LI><a href="#[119]">&gt;&gt;</a>&nbsp;&nbsp;&nbsp;_fsub1
<LI><a href="#[11d]">&gt;&gt;</a>&nbsp;&nbsp;&nbsp;_fadd1
</UL>

<P><STRONG><a name="[89]"></a>__aeabi_fsub</STRONG> (Thumb, 0 bytes, Stack size 16 bytes, faddsub.o(x$fpl$fsub))
<BR><BR>[Stack]<UL><LI>Max Depth = 16<LI>Call Chain = __aeabi_fsub
</UL>
<BR>[Called By]<UL><LI><a href="#[112]">&gt;&gt;</a>&nbsp;&nbsp;&nbsp;sensfusion6UpdateQ
<LI><a href="#[f7]">&gt;&gt;</a>&nbsp;&nbsp;&nbsp;checkMagFail
<LI><a href="#[a3]">&gt;&gt;</a>&nbsp;&nbsp;&nbsp;ComputeMotion
<LI><a href="#[9d]">&gt;&gt;</a>&nbsp;&nbsp;&nbsp;ComputeEuler
<LI><a href="#[f4]">&gt;&gt;</a>&nbsp;&nbsp;&nbsp;update_calibration_matrices
<LI><a href="#[7a]">&gt;&gt;</a>&nbsp;&nbsp;&nbsp;calibrate_model_acc
<LI><a href="#[97]">&gt;&gt;</a>&nbsp;&nbsp;&nbsp;CheckStandardDV
<LI><a href="#[90]">&gt;&gt;</a>&nbsp;&nbsp;&nbsp;CheckEmpirical
<LI><a href="#[a5]">&gt;&gt;</a>&nbsp;&nbsp;&nbsp;FilterCalibrateACC
<LI><a href="#[87]">&gt;&gt;</a>&nbsp;&nbsp;&nbsp;AccZCalibrate
<LI><a href="#[10d]">&gt;&gt;</a>&nbsp;&nbsp;&nbsp;sensfusion9UpdateQ
<LI><a href="#[109]">&gt;&gt;</a>&nbsp;&nbsp;&nbsp;sensfusion6GetAccZWithoutGravity
<LI><a href="#[de]">&gt;&gt;</a>&nbsp;&nbsp;&nbsp;SetCalibrateGYRO
<LI><a href="#[dd]">&gt;&gt;</a>&nbsp;&nbsp;&nbsp;SetCalibrateACC
<LI><a href="#[c6]">&gt;&gt;</a>&nbsp;&nbsp;&nbsp;MultiwiiAccFilter
<LI><a href="#[108]">&gt;&gt;</a>&nbsp;&nbsp;&nbsp;nvtGetAccZWithoutGravity
</UL>

<P><STRONG><a name="[11e]"></a>_fsub</STRONG> (Thumb, 204 bytes, Stack size 16 bytes, faddsub.o(x$fpl$fsub), UNUSED)
<BR><BR>[Calls]<UL><LI><a href="#[11d]">&gt;&gt;</a>&nbsp;&nbsp;&nbsp;_fadd1
</UL>
<P>
<H3>
Local Symbols
</H3>
<P><STRONG><a name="[12]"></a>Default_Handler</STRONG> (Thumb, 2 bytes, Stack size 0 bytes, startup_isd9100.o(.text))
<BR><BR>[Calls]<UL><LI><a href="#[12]">&gt;&gt;</a>&nbsp;&nbsp;&nbsp;Default_Handler
</UL>
<BR>[Called By]<UL><LI><a href="#[12]">&gt;&gt;</a>&nbsp;&nbsp;&nbsp;Default_Handler
</UL>
<BR>[Address Reference Count : 1]<UL><LI> startup_isd9100.o(RESET)
</UL>
<P><STRONG><a name="[c1]"></a>NVIC_EnableIRQ</STRONG> (Thumb, 14 bytes, Stack size 0 bytes, main.o(i.NVIC_EnableIRQ))
<BR><BR>[Called By]<UL><LI><a href="#[38]">&gt;&gt;</a>&nbsp;&nbsp;&nbsp;main
<LI><a href="#[e6]">&gt;&gt;</a>&nbsp;&nbsp;&nbsp;UART_Init
<LI><a href="#[bf]">&gt;&gt;</a>&nbsp;&nbsp;&nbsp;Init_KEY
</UL>

<P><STRONG><a name="[ff]"></a>NVIC_SetPriority</STRONG> (Thumb, 110 bytes, Stack size 8 bytes, main.o(i.NVIC_SetPriority))
<BR><BR>[Stack]<UL><LI>Max Depth = 8<LI>Call Chain = NVIC_SetPriority
</UL>
<BR>[Called By]<UL><LI><a href="#[38]">&gt;&gt;</a>&nbsp;&nbsp;&nbsp;main
</UL>

<P><STRONG><a name="[114]"></a>NVIC_SetPriority</STRONG> (Thumb, 110 bytes, Stack size 8 bytes, timer_ctrl.o(i.NVIC_SetPriority))
<BR><BR>[Stack]<UL><LI>Max Depth = 8<LI>Call Chain = NVIC_SetPriority
</UL>
<BR>[Called By]<UL><LI><a href="#[b2]">&gt;&gt;</a>&nbsp;&nbsp;&nbsp;setup_system_tick
</UL>

<P><STRONG><a name="[fd]"></a>invSqrt</STRONG> (Thumb, 46 bytes, Stack size 8 bytes, sensorfusion6.o(i.invSqrt))
<BR><BR>[Stack]<UL><LI>Max Depth = 24<LI>Call Chain = invSqrt &rArr; __aeabi_fmul
</UL>
<BR>[Calls]<UL><LI><a href="#[93]">&gt;&gt;</a>&nbsp;&nbsp;&nbsp;__ARM_scalbnf
<LI><a href="#[91]">&gt;&gt;</a>&nbsp;&nbsp;&nbsp;__aeabi_fmul
<LI><a href="#[d4]">&gt;&gt;</a>&nbsp;&nbsp;&nbsp;__aeabi_frsub
</UL>
<BR>[Called By]<UL><LI><a href="#[112]">&gt;&gt;</a>&nbsp;&nbsp;&nbsp;sensfusion6UpdateQ
<LI><a href="#[10d]">&gt;&gt;</a>&nbsp;&nbsp;&nbsp;sensfusion9UpdateQ
</UL>

<P><STRONG><a name="[4b]"></a>_dadd1</STRONG> (Thumb, 290 bytes, Stack size 20 bytes, daddsub.o(.text), UNUSED)
<BR><BR>[Called By]<UL><LI><a href="#[4d]">&gt;&gt;</a>&nbsp;&nbsp;&nbsp;_drsb
<LI><a href="#[4c]">&gt;&gt;</a>&nbsp;&nbsp;&nbsp;_dsub
<LI><a href="#[49]">&gt;&gt;</a>&nbsp;&nbsp;&nbsp;_dadd
</UL>

<P><STRONG><a name="[4a]"></a>_dsub1</STRONG> (Thumb, 470 bytes, Stack size 40 bytes, daddsub.o(.text), UNUSED)
<BR><BR>[Called By]<UL><LI><a href="#[4d]">&gt;&gt;</a>&nbsp;&nbsp;&nbsp;_drsb
<LI><a href="#[4c]">&gt;&gt;</a>&nbsp;&nbsp;&nbsp;_dsub
<LI><a href="#[49]">&gt;&gt;</a>&nbsp;&nbsp;&nbsp;_dadd
</UL>

<P><STRONG><a name="[11d]"></a>_fadd1</STRONG> (Thumb, 0 bytes, Stack size unknown bytes, faddsub.o(x$fpl$fadd), UNUSED)
<BR><BR>[Called By]<UL><LI><a href="#[11e]">&gt;&gt;</a>&nbsp;&nbsp;&nbsp;_fsub
<LI><a href="#[11c]">&gt;&gt;</a>&nbsp;&nbsp;&nbsp;_frsb
</UL>

<P><STRONG><a name="[119]"></a>_fsub1</STRONG> (Thumb, 0 bytes, Stack size unknown bytes, faddsub.o(x$fpl$fsub), UNUSED)
<BR><BR>[Called By]<UL><LI><a href="#[11c]">&gt;&gt;</a>&nbsp;&nbsp;&nbsp;_frsb
<LI><a href="#[118]">&gt;&gt;</a>&nbsp;&nbsp;&nbsp;_fadd
</UL>

<P><STRONG><a name="[21]"></a>_printf_input_char</STRONG> (Thumb, 10 bytes, Stack size 0 bytes, _printf_char_common.o(.text))
<BR>[Address Reference Count : 1]<UL><LI> _printf_char_common.o(.text)
</UL><P>
<H3>
Undefined Global Symbols
</H3>
<P><STRONG><a name="[65]"></a>_call_atexit_fns</STRONG> (ARM, 0 bytes, Stack size 0 bytes, UNDEFINED)
<BR><BR>[Called By]<UL><LI><a href="#[39]">&gt;&gt;</a>&nbsp;&nbsp;&nbsp;exit
</UL>

<P><STRONG><a name="[5c]"></a>_printf_post_padding</STRONG> (ARM, 0 bytes, Stack size 0 bytes, UNDEFINED)
<BR><BR>[Called By]<UL><LI><a href="#[45]">&gt;&gt;</a>&nbsp;&nbsp;&nbsp;_printf_int_common
</UL>

<P><STRONG><a name="[5b]"></a>_printf_pre_padding</STRONG> (ARM, 0 bytes, Stack size 0 bytes, UNDEFINED)
<BR><BR>[Called By]<UL><LI><a href="#[45]">&gt;&gt;</a>&nbsp;&nbsp;&nbsp;_printf_int_common
</UL>

<P><STRONG><a name="[42]"></a>_printf_truncate_signed</STRONG> (ARM, 0 bytes, Stack size 0 bytes, UNDEFINED)
<BR><BR>[Called By]<UL><LI><a href="#[30]">&gt;&gt;</a>&nbsp;&nbsp;&nbsp;_printf_int_dec
</UL>

<P><STRONG><a name="[43]"></a>_printf_truncate_unsigned</STRONG> (ARM, 0 bytes, Stack size 0 bytes, UNDEFINED)
<BR><BR>[Called By]<UL><LI><a href="#[32]">&gt;&gt;</a>&nbsp;&nbsp;&nbsp;_printf_int_hex
<LI><a href="#[30]">&gt;&gt;</a>&nbsp;&nbsp;&nbsp;_printf_int_dec
</UL>
<HR></body></html>
