Product: MDK-ARM Standard 5.10
Component: ARM Compiler 5.04 update 1 (build 49)
Tool: armlink [5040049]

==============================================================================

Small function inlining results

Inlined function __aeabi_idiv0 from aeabi_idiv0.o at offset 0x1e2 in aeabi_sdivfast.o(.text).
Inlined Instruction: BX       lr
Inlined function __aeabi_idiv0 from aeabi_idiv0.o at offset 0x1e2 in aeabi_sdivfast_div0.o(.text).
Inlined Instruction: BX       lr
Inlined function _platform_pre_stackheap_init from boardinit1.o at offset 0x0 in rtentry2.o(.ARM.Collect$$rtentry$$00000001).
Inlined Instruction: BX       lr
Inlined function _fp_init from fpinit.o at offset 0x0 in libinit2.o(.ARM.Collect$$libinit$$00000001).
Inlined Instruction: BX       lr
Inlined function _platform_pre_lib_shutdown from boardshut.o at offset 0x0 in rtexit2.o(.ARM.Collect$$rtexit$$00000001).
Inlined Instruction: BX       lr
Inlined function __ARM_get_argv from no_argv.o at offset 0x2 in argv_veneer.o(.text).
Inlined Instruction: BX       lr
Inlined total of 6 calls.

==============================================================================

Section Cross References

    system_isd9100.o(i.SystemCoreClockUpdate) refers to aeabi_sdivfast.o(.text) for __aeabi_uidivmod
    system_isd9100.o(i.SystemCoreClockUpdate) refers to system_isd9100.o(.data) for gau32ClkSrcTbl
    startup_isd9100.o(STACK) refers (Special) to heapauxi.o(.text) for __use_two_region_memory
    startup_isd9100.o(HEAP) refers (Special) to heapauxi.o(.text) for __use_two_region_memory
    startup_isd9100.o(RESET) refers (Special) to heapauxi.o(.text) for __use_two_region_memory
    startup_isd9100.o(RESET) refers to startup_isd9100.o(STACK) for __initial_sp
    startup_isd9100.o(RESET) refers to startup_isd9100.o(.text) for Reset_Handler
    startup_isd9100.o(RESET) refers to timer_ctrl.o(i.SysTick_Handler) for SysTick_Handler
    startup_isd9100.o(RESET) refers to interrupthandler.o(i.EINT0_IRQHandler) for EINT0_IRQHandler
    startup_isd9100.o(RESET) refers to interrupthandler.o(i.EINT1_IRQHandler) for EINT1_IRQHandler
    startup_isd9100.o(RESET) refers to interrupthandler.o(i.GPAB_IRQHandler) for GPAB_IRQHandler
    startup_isd9100.o(RESET) refers to timer_ctrl.o(i.TMR0_IRQHandler) for TMR0_IRQHandler
    startup_isd9100.o(RESET) refers to main.o(i.UART0_IRQHandler) for UART0_IRQHandler
    startup_isd9100.o(RESET) refers to i2c0int.o(i.I2C0_IRQHandler) for I2C0_IRQHandler
    startup_isd9100.o(.text) refers (Special) to heapauxi.o(.text) for __use_two_region_memory
    startup_isd9100.o(.text) refers to __main.o(!!!main) for __main
    startup_isd9100.o(.text) refers to startup_isd9100.o(HEAP) for Heap_Mem
    startup_isd9100.o(.text) refers to startup_isd9100.o(STACK) for Stack_Mem
    main.o(i.ADC_Init) refers to clk.o(i.CLK_EnableModuleClock) for CLK_EnableModuleClock
    main.o(i.ADC_Init) refers to sys.o(i.SYS_ResetModule) for SYS_ResetModule
    main.o(i.ADC_Init) refers to adc.o(i.ADC_SetPGAGaindB) for ADC_SetPGAGaindB
    main.o(i.ADC_Init) refers to adc.o(i.ADC_EnableMICBias) for ADC_EnableMICBias
    main.o(i.ADC_Init) refers to adc.o(i.ADC_SetAMUX) for ADC_SetAMUX
    main.o(i.ADC_Init) refers to adc.o(i.ADC_Open) for ADC_Open
    main.o(i.ADC_Init) refers to clk.o(i.CLK_GetHIRCFreq) for CLK_GetHIRCFreq
    main.o(i.ADC_Init) refers to aeabi_sdivfast.o(.text) for __aeabi_uidivmod
    main.o(i.ADC_SingleModeTest) refers to adc.o(i.ADC_EnableInt) for ADC_EnableInt
    main.o(i.ADC_SingleModeTest) refers to adc.o(i.ADC_GetIntFlag) for ADC_GetIntFlag
    main.o(i.ADC_SingleModeTest) refers to timer_ctrl.o(i.DelayMsec) for DelayMsec
    main.o(i.ADC_SingleModeTest) refers to adc.o(i.ADC_DisableInt) for ADC_DisableInt
    main.o(i.Init_KEY) refers to gpio.o(i.GPIO_SetMode) for GPIO_SetMode
    main.o(i.Init_KEY) refers to gpio.o(i.GPIO_EnableInt) for GPIO_EnableInt
    main.o(i.Init_KEY) refers to main.o(i.NVIC_EnableIRQ) for NVIC_EnableIRQ
    main.o(i.Init_KEY) refers to user_gpio.o(.constdata) for platform_gpio_pins
    main.o(i.Init_PWM0) refers to pwm.o(i.PWM_ConfigOutputChannel) for PWM_ConfigOutputChannel
    main.o(i.Init_PWM0) refers to pwm.o(i.PWM_EnableOutput) for PWM_EnableOutput
    main.o(i.Init_PWM0) refers to pwm.o(i.PWM_Start) for PWM_Start
    main.o(i.SYS_Init) refers to sys.o(i.SYS_UnlockReg) for SYS_UnlockReg
    main.o(i.SYS_Init) refers to clk.o(i.CLK_EnableXtalRC) for CLK_EnableXtalRC
    main.o(i.SYS_Init) refers to clk.o(i.CLK_SetHCLK) for CLK_SetHCLK
    main.o(i.SYS_Init) refers to clk.o(i.CLK_EnableModuleClock) for CLK_EnableModuleClock
    main.o(i.SYS_Init) refers to clk.o(i.CLK_SetModuleClock) for CLK_SetModuleClock
    main.o(i.SYS_Init) refers to sys.o(i.SYS_ResetModule) for SYS_ResetModule
    main.o(i.SYS_Init) refers to system_isd9100.o(i.SystemCoreClockUpdate) for SystemCoreClockUpdate
    main.o(i.SYS_Init) refers to sys.o(i.SYS_LockReg) for SYS_LockReg
[...]
    .constdata                               0x000070d0   Section       40  sin_i.o(.constdata)
    S                                        0x000070d0   Data          40  sin_i.o(.constdata)
    .data                                    0x20000000   Section       28  system_isd9100.o(.data)
    .data                                    0x2000001c   Section       88  main.o(.data)
    .data                                    0x20000074   Section       16  i2c0int.o(.data)
    .data                                    0x20000084   Section        8  retarget.o(.data)
    .data                                    0x2000008c   Section     1520  ly096bg30.o(.data)
    .data                                    0x2000067c   Section       40  timer_ctrl.o(.data)
    FC_Last                                  0x2000069c   Data           4  timer_ctrl.o(.data)
    FC_Last                                  0x200006a0   Data           4  timer_ctrl.o(.data)
    .data                                    0x200006a4   Section       24  mpu6050_api.o(.data)
    .data                                    0x200006bc   Section       18  ahrslib.o(.data)
    accelLPF                                 0x200006c8   Data           6  ahrslib.o(.data)
    .data                                    0x200006ce   Section        1  acccalibrate.o(.data)
    .data                                    0x200006d0   Section        8  magcalibrate.o(.data)
    .data                                    0x200006d8   Section       20  security.o(.data)
    PID                                      0x200006d8   Data           4  security.o(.data)
    .data                                    0x200006ec   Section       16  accfilter.o(.data)
    imuAccLpfAttFactor                       0x200006ec   Data           1  accfilter.o(.data)
    accLPF32                                 0x200006f0   Data          12  accfilter.o(.data)
    .data                                    0x200006fc   Section      136  sensorfusion6.o(.data)
    .bss                                     0x20000784   Section       16  main.o(.bss)
    .bss                                     0x20000794   Section       48  timer_ctrl.o(.bss)
    .bss                                     0x200007c4   Section       66  mpu6050_api.o(.bss)
    .bss                                     0x20000808   Section      804  ahrslib.o(.bss)
    .bss                                     0x20000b2c   Section      432  acccalibrate.o(.bss)
    .bss                                     0x20000cdc   Section       28  security.o(.bss)
    UID                                      0x20000cdc   Data          12  security.o(.bss)
    UCID                                     0x20000ce8   Data          16  security.o(.bss)
    .bss                                     0x20000cf8   Section       24  accfilter.o(.bss)
    accelStoredFilterValues                  0x20000cf8   Data          12  accfilter.o(.bss)
    accSmooth                                0x20000d04   Data          12  accfilter.o(.bss)
    .bss                                     0x20000d10   Section     2620  gyrodriftcalibrate.o(.bss)
    gyroDrift                                0x20000d10   Data        1596  gyrodriftcalibrate.o(.bss)
    .bss                                     0x2000174c   Section      660  gauss_newton_calibrate.o(.bss)
    Ellipsoid                                0x2000174c   Data          36  gauss_newton_calibrate.o(.bss)
    beta                                     0x20001770   Data          40  gauss_newton_calibrate.o(.bss)
    beta_min                                 0x20001798   Data          40  gauss_newton_calibrate.o(.bss)
    beta_mag                                 0x200017c0   Data          40  gauss_newton_calibrate.o(.bss)
    beta_acc                                 0x200017e8   Data          24  gauss_newton_calibrate.o(.bss)
    JS                                       0x20001800   Data         400  gauss_newton_calibrate.o(.bss)
    dS                                       0x20001990   Data          40  gauss_newton_calibrate.o(.bss)
    delta                                    0x200019b8   Data          40  gauss_newton_calibrate.o(.bss)
    .bss                                     0x200019e0   Section       96  sensorfusion6.o(.bss)
    motion                                   0x200019e0   Data          12  sensorfusion6.o(.bss)
    motionlast                               0x200019ec   Data          12  sensorfusion6.o(.bss)
    .bss                                     0x20001a40   Section       96  libspace.o(.bss)
    HEAP                                     0x20001aa0   Section      512  startup_isd9100.o(HEAP)
    Heap_Mem                                 0x20001aa0   Data         512  startup_isd9100.o(HEAP)
    STACK                                    0x20001ca0   Section     1024  startup_isd9100.o(STACK)
    Stack_Mem                                0x20001ca0   Data        1024  startup_isd9100.o(STACK)
    __initial_sp                             0x200020a0   Data           0  startup_isd9100.o(STACK)

    Global Symbols

    Symbol Name                              Value     Ov Type        Size  Object(Section)

    BuildAttributes$$THM_ISAv3M$S$PE$A:L22$X:L11$S22$IEEE1$IW$USESV6$~STKCKD$USESV7$~SHL$OTIME$ROPI$IEEEX$EBA8$UX$STANDARDLIB$REQ8$PRES8$EABIv2 0x00000000   Number         0  anon$$obj.o ABSOLUTE
    __ARM_use_no_argv                        0x00000000   Number         0  main.o ABSOLUTE
    __Vectors                                0x00000000   Data           4  startup_isd9100.o(RESET)
    _printf_flags                            0x00000000   Number         0  printf_stubs.o ABSOLUTE
    _printf_return_value                     0x00000000   Number         0  printf_stubs.o ABSOLUTE
    _printf_sizespec                         0x00000000   Number         0  printf_stubs.o ABSOLUTE
    _printf_widthprec                        0x00000000   Number         0  printf_stubs.o ABSOLUTE
    __ARM_exceptions_init                     - Undefined Weak Reference
    __alloca_initialize                       - Undefined Weak Reference
    __cpp_initialize__aeabi_                  - Undefined Weak Reference
    __cxa_finalize                            - Undefined Weak Reference
    __rt_locale                               - Undefined Weak Reference
    __sigvec_lookup                           - Undefined Weak Reference
    _atexit_init                              - Undefined Weak Reference
    _call_atexit_fns                          - Undefined Weak Reference
    _clock_init                               - Undefined Weak Reference
    _fp_trap_init                             - Undefined Weak Reference
    _fp_trap_shutdown                         - Undefined Weak Reference
    _get_lc_collate                           - Undefined Weak Reference
    _get_lc_ctype                             - Undefined Weak Reference
    _get_lc_monetary                          - Undefined Weak Reference
    _get_lc_numeric                           - Undefined Weak Reference
    _get_lc_time                              - Undefined Weak Reference
    _getenv_init                              - Undefined Weak Reference
    _handle_redirection                       - Undefined Weak Reference
    _init_alloc                               - Undefined Weak Reference
    _init_user_alloc                          - Undefined Weak Reference
    _initio                                   - Undefined Weak Reference
    _printf_post_padding                      - Undefined Weak Reference
    _printf_pre_padding                       - Undefined Weak Reference
    _printf_truncate_signed                   - Undefined Weak Reference
    _printf_truncate_unsigned                 - Undefined Weak Reference
    _rand_init                                - Undefined Weak Reference
    _signal_finish                            - Undefined Weak Reference
    _signal_init                              - Undefined Weak Reference
    _terminate_alloc                          - Undefined Weak Reference
    _terminate_user_alloc                     - Undefined Weak Reference
    _terminateio                              - Undefined Weak Reference
    __main                                   0x000000c1   Thumb Code     8  __main.o(!!!main)
    __scatterload                            0x000000c9   Thumb Code     0  __scatter.o(!!!scatter)
    __scatterload_rt2                        0x000000c9   Thumb Code    52  __scatter.o(!!!scatter)
    __scatterload_rt2_thumb_only             0x000000c9   Thumb Code     0  __scatter.o(!!!scatter)
    __scatterload_null                       0x000000d9   Thumb Code     0  __scatter.o(!!!scatter)
    __scatterload_copy                       0x00000105   Thumb Code    26  __scatter_copy.o(!!handler_copy)
    __scatterload_zeroinit                   0x00000121   Thumb Code    28  __scatter_zi.o(!!handler_zi)
    _printf_percent                          0x0000013d   Thumb Code     0  _printf_percent.o(.ARM.Collect$$_printf_percent$$00000000)
    _printf_d                                0x0000013f   Thumb Code     0  _printf_d.o(.ARM.Collect$$_printf_percent$$00000009)
    _printf_x                                0x00000149   Thumb Code     0  _printf_x.o(.ARM.Collect$$_printf_percent$$0000000C)
    _printf_percent_end                      0x00000153   Thumb Code     0  _printf_percent_end.o(.ARM.Collect$$_printf_percent$$00000017)
    __rt_lib_init                            0x00000157   Thumb Code     0  libinit.o(.ARM.Collect$$libinit$$00000000)
    __rt_lib_init_fp_1                       0x00000159   Thumb Code     0  libinit2.o(.ARM.Collect$$libinit$$00000001)
    __rt_lib_init_alloca_1                   0x0000015d   Thumb Code     0  libinit2.o(.ARM.Collect$$libinit$$0000002C)
    __rt_lib_init_argv_1                     0x0000015d   Thumb Code     0  libinit2.o(.ARM.Collect$$libinit$$0000002A)
    __rt_lib_init_atexit_1                   0x0000015d   Thumb Code     0  libinit2.o(.ARM.Collect$$libinit$$00000019)
    __rt_lib_init_clock_1                    0x0000015d   Thumb Code     0  libinit2.o(.ARM.Collect$$libinit$$0000001F)
    __rt_lib_init_cpp_1                      0x0000015d   Thumb Code     0  libinit2.o(.ARM.Collect$$libinit$$00000030)
    __rt_lib_init_exceptions_1               0x0000015d   Thumb Code     0  libinit2.o(.ARM.Collect$$libinit$$0000002E)
    __rt_lib_init_fp_trap_1                  0x0000015d   Thumb Code     0  libinit2.o(.ARM.Collect$$libinit$$0000001D)
    __rt_lib_init_getenv_1                   0x0000015d   Thumb Code     0  libinit2.o(.ARM.Collect$$libinit$$00000021)
    __rt_lib_init_heap_1                     0x0000015d   Thumb Code     0  libinit2.o(.ARM.Collect$$libinit$$00000008)
    __rt_lib_init_lc_collate_1               0x0000015d   Thumb Code     0  libinit2.o(.ARM.Collect$$libinit$$0000000F)
    __rt_lib_init_lc_ctype_1                 0x0000015d   Thumb Code     0  libinit2.o(.ARM.Collect$$libinit$$00000011)
    __rt_lib_init_lc_monetary_1              0x0000015d   Thumb Code     0  libinit2.o(.ARM.Collect$$libinit$$00000013)
    __rt_lib_init_lc_numeric_1               0x0000015d   Thumb Code     0  libinit2.o(.ARM.Collect$$libinit$$00000015)
    __rt_lib_init_lc_time_1                  0x0000015d   Thumb Code     0  libinit2.o(.ARM.Collect$$libinit$$00000017)
    __rt_lib_init_rand_1                     0x0000015d   Thumb Code     0  libinit2.o(.ARM.Collect$$libinit$$0000000C)
    __rt_lib_init_return                     0x0000015d   Thumb Code     0  libinit2.o(.ARM.Collect$$libinit$$00000031)
    __rt_lib_init_signal_1                   0x0000015d   Thumb Code     0  libinit2.o(.ARM.Collect$$libinit$$0000001B)
    __rt_lib_init_stdio_1                    0x0000015d   Thumb Code     0  libinit2.o(.ARM.Collect$$libinit$$00000023)
    __rt_lib_init_user_alloc_1               0x0000015d   Thumb Code     0  libinit2.o(.ARM.Collect$$libinit$$0000000A)
    __rt_lib_shutdown                        0x0000015f   Thumb Code     0  libshutdown.o(.ARM.Collect$$libshutdown$$00000000)
    __rt_lib_shutdown_fp_trap_1              0x00000161   Thumb Code     0  libshutdown2.o(.ARM.Collect$$libshutdown$$00000006)
    __rt_lib_shutdown_heap_1                 0x00000161   Thumb Code     0  libshutdown2.o(.ARM.Collect$$libshutdown$$0000000E)
    __rt_lib_shutdown_return                 0x00000161   Thumb Code     0  libshutdown2.o(.ARM.Collect$$libshutdown$$0000000F)
    __rt_lib_shutdown_signal_1               0x00000161   Thumb Code     0  libshutdown2.o(.ARM.Collect$$libshutdown$$00000009)
    __rt_lib_shutdown_stdio_1                0x00000161   Thumb Code     0  libshutdown2.o(.ARM.Collect$$libshutdown$$00000003)
    __rt_lib_shutdown_user_alloc_1           0x00000161   Thumb Code     0  libshutdown2.o(.ARM.Collect$$libshutdown$$0000000B)
    __rt_entry                               0x00000163   Thumb Code     0  rtentry.o(.ARM.Collect$$rtentry$$00000000)
    __rt_entry_presh_1                       0x00000163   Thumb Code     0  rtentry2.o(.ARM.Collect$$rtentry$$00000002)
    __rt_entry_sh                            0x00000163   Thumb Code     0  rtentry4.o(.ARM.Collect$$rtentry$$00000004)
    __rt_entry_li                            0x00000169   Thumb Code     0  rtentry2.o(.ARM.Collect$$rtentry$$0000000A)
    __rt_entry_postsh_1                      0x00000169   Thumb Code     0  rtentry2.o(.ARM.Collect$$rtentry$$00000009)
    __rt_entry_main                          0x0000016d   Thumb Code     0  rtentry2.o(.ARM.Collect$$rtentry$$0000000D)
    __rt_entry_postli_1                      0x0000016d   Thumb Code     0  rtentry2.o(.ARM.Collect$$rtentry$$0000000C)
    __rt_exit                                0x00000175   Thumb Code     0  rtexit.o(.ARM.Collect$$rtexit$$00000000)
    __rt_exit_ls                             0x00000177   Thumb Code     0  rtexit2.o(.ARM.Collect$$rtexit$$00000003)
    __rt_exit_prels_1                        0x00000177   Thumb Code     0  rtexit2.o(.ARM.Collect$$rtexit$$00000002)
    __rt_exit_exit                           0x0000017b   Thumb Code     0  rtexit2.o(.ARM.Collect$$rtexit$$00000004)
    Reset_Handler                            0x00000181   Thumb Code    28  startup_isd9100.o(.text)
    NMI_Handler                              0x0000019d   Thumb Code     2  startup_isd9100.o(.text)
    HardFault_Handler                        0x0000019f   Thumb Code     2  startup_isd9100.o(.text)
    SVC_Handler                              0x000001a1   Thumb Code     2  startup_isd9100.o(.text)
    PendSV_Handler                           0x000001a3   Thumb Code     2  startup_isd9100.o(.text)
    ACMP_IRQHandler                          0x000001a7   Thumb Code     0  startup_isd9100.o(.text)
    ADC_IRQHandler                           0x000001a7   Thumb Code     0  startup_isd9100.o(.text)
    ALC_IRQHandler                           0x000001a7   Thumb Code     0  startup_isd9100.o(.text)
    BOD_IRQHandler                           0x000001a7   Thumb Code     0  startup_isd9100.o(.text)
    CAPS_IRQHandler                          0x000001a7   Thumb Code     0  startup_isd9100.o(.text)
    I2S_IRQHandler                           0x000001a7   Thumb Code     0  startup_isd9100.o(.text)
    PDMA_IRQHandler                          0x000001a7   Thumb Code     0  startup_isd9100.o(.text)
    PWM0_IRQHandler                          0x000001a7   Thumb Code     0  startup_isd9100.o(.text)
    RTC_IRQHandler                           0x000001a7   Thumb Code     0  startup_isd9100.o(.text)
    SPI0_IRQHandler                          0x000001a7   Thumb Code     0  startup_isd9100.o(.text)
    TALARM_IRQHandler                        0x000001a7   Thumb Code     0  startup_isd9100.o(.text)
    TMR1_IRQHandler                          0x000001a7   Thumb Code     0  startup_isd9100.o(.text)
    WDT_IRQHandler                           0x000001a7   Thumb Code     0  startup_isd9100.o(.text)
    __user_initial_stackheap                 0x000001a9   Thumb Code     0  startup_isd9100.o(.text)
    __2printf                                0x000001e1   Thumb Code    22  noretval__2printf.o(.text)
    __2sprintf                               0x000001fd   Thumb Code    36  noretval__2sprintf.o(.text)
    _printf_int_dec                          0x00000225   Thumb Code    90  _printf_dec.o(.text)
    _printf_int_hex                          0x00000291   Thumb Code    84  _printf_hex_int.o(.text)
    _printf_longlong_hex                     0x00000291   Thumb Code     0  _printf_hex_int.o(.text)
    __printf                                 0x000002e9   Thumb Code   270  __printf_wp.o(.text)
    strlen                                   0x000003f9   Thumb Code    62  strlen.o(.text)
    strncmp                                  0x0000043d   Thumb Code   154  strncmp.o(.text)
    __aeabi_uidiv                            0x000004dd   Thumb Code     0  aeabi_sdivfast.o(.text)
    __aeabi_uidivmod                         0x000004dd   Thumb Code    28  aeabi_sdivfast.o(.text)
    __aeabi_idiv                             0x000004f9   Thumb Code     0  aeabi_sdivfast.o(.text)
    __aeabi_idivmod                          0x000004f9   Thumb Code   460  aeabi_sdivfast.o(.text)
    __use_two_region_memory                  0x000006c5   Thumb Code     2  heapauxi.o(.text)
    __rt_heap_escrow$2region                 0x000006c7   Thumb Code     2  heapauxi.o(.text)
    __rt_heap_expand$2region                 0x000006c9   Thumb Code     2  heapauxi.o(.text)
    __aeabi_d2f                              0x000006cd   Thumb Code     0  d2f.o(.text)
    _d2f                                     0x000006cd   Thumb Code   120  d2f.o(.text)
    __aeabi_dadd                             0x00000a41   Thumb Code     0  daddsub.o(.text)
    _dadd                                    0x00000a41   Thumb Code    22  daddsub.o(.text)
    __aeabi_dsub                             0x00000a57   Thumb Code     0  daddsub.o(.text)
    _dsub                                    0x00000a57   Thumb Code    22  daddsub.o(.text)
    __aeabi_drsub                            0x00000a6d   Thumb Code     0  daddsub.o(.text)
    _drsb                                    0x00000a6d   Thumb Code    24  daddsub.o(.text)
    __aeabi_ddiv                             0x00000a99   Thumb Code     0  ddiv.o(.text)
    _ddiv                                    0x00000a99   Thumb Code  1072  ddiv.o(.text)
    _drdiv                                   0x00000ec9   Thumb Code    20  ddiv.o(.text)
    __aeabi_d2iz                             0x00000ee1   Thumb Code     0  dfixi.o(.text)
    _dfix                                    0x00000ee1   Thumb Code    98  dfixi.o(.text)
    __aeabi_i2d_normalise                    0x00000f4d   Thumb Code    66  dflti.o(.text)
    __aeabi_i2d                              0x00000f8f   Thumb Code    16  dflti.o(.text)
    _dflt                                    0x00000f8f   Thumb Code     0  dflti.o(.text)
    __aeabi_ui2d                             0x00000f9f   Thumb Code     6  dflti.o(.text)
    _dfltu                                   0x00000f9f   Thumb Code     0  dflti.o(.text)
    __aeabi_dmul                             0x00000fa5   Thumb Code     0  dmul.o(.text)
    _dmul                                    0x00000fa5   Thumb Code   592  dmul.o(.text)
    __aeabi_f2d                              0x0000120d   Thumb Code     0  f2d.o(.text)
    _f2d                                     0x0000120d   Thumb Code    80  f2d.o(.text)
    __aeabi_fdiv                             0x00001261   Thumb Code     0  fdiv.o(.text)
    _fdiv                                    0x00001261   Thumb Code   336  fdiv.o(.text)
    _frdiv                                   0x000013b1   Thumb Code     8  fdiv.o(.text)
    __aeabi_f2iz                             0x000013c1   Thumb Code     0  ffixi.o(.text)
    _ffix                                    0x000013c1   Thumb Code    76  ffixi.o(.text)
    __aeabi_f2uiz                            0x0000140d   Thumb Code     0  ffixui.o(.text)
    _ffixu                                   0x0000140d   Thumb Code    48  ffixui.o(.text)
    __aeabi_i2f_normalise                    0x0000143d   Thumb Code    72  fflti.o(.text)
    __aeabi_i2f                              0x00001485   Thumb Code    16  fflti.o(.text)
    _fflt                                    0x00001485   Thumb Code     0  fflti.o(.text)
    __aeabi_ui2f                             0x00001495   Thumb Code     6  fflti.o(.text)
    _ffltu                                   0x00001495   Thumb Code     0  fflti.o(.text)
    __ARM_scalbnf                            0x0000149d   Thumb Code    64  fscalbn.o(.text)
    __read_errno                             0x000014e1   Thumb Code    10  _rserrno.o(.text)
    __set_errno                              0x000014eb   Thumb Code    12  _rserrno.o(.text)
    _printf_int_common                       0x000014f7   Thumb Code   176  _printf_intcommon.o(.text)
    _printf_char_common                      0x000015b3   Thumb Code    32  _printf_char_common.o(.text)
    _sputc                                   0x000015d9   Thumb Code    10  _sputc.o(.text)
    _printf_char_file                        0x000015e5   Thumb Code    34  _printf_char_file.o(.text)
    __rt_udiv10                              0x0000160d   Thumb Code    40  rtudiv10.o(.text)
    __fpl_dcmp_InfNaN                        0x00001635   Thumb Code   140  dcmpin.o(.text)
    __ARM_scalbn                             0x000016c5   Thumb Code    80  dscalbn.o(.text)
    _dsqrt                                   0x00001721   Thumb Code   250  dsqrt.o(.text)
    __fpl_fcmp_InfNaN                        0x00001825   Thumb Code    96  fcmpin.o(.text)
    __aeabi_errno_addr                       0x00001889   Thumb Code     8  rt_errno_addr_intlibspace.o(.text)
    __errno$intlibspace                      0x00001889   Thumb Code     0  rt_errno_addr_intlibspace.o(.text)
    __rt_errno_addr$intlibspace              0x00001889   Thumb Code     0  rt_errno_addr_intlibspace.o(.text)
    __fpl_cmpreturn                          0x00001891   Thumb Code    44  cmpret.o(.text)
    __fpl_dcheck_NaN2                        0x000018c1   Thumb Code    14  dnan2.o(.text)
    __fpl_fcheck_NaN2                        0x000018d5   Thumb Code    10  fnan2.o(.text)
    __user_libspace                          0x000018e5   Thumb Code     8  libspace.o(.text)
    __user_perproc_libspace                  0x000018e5   Thumb Code     0  libspace.o(.text)
    __user_perthread_libspace                0x000018e5   Thumb Code     0  libspace.o(.text)
    __user_setup_stackheap                   0x000018ed   Thumb Code    62  sys_stackheap_outer.o(.text)
    exit                                     0x0000192b   Thumb Code    12  exit.o(.text)
    __fpl_return_NaN                         0x00001937   Thumb Code    94  retnan.o(.text)
    _sys_exit                                0x00001995   Thumb Code     8  sys_exit.o(.text)
    __I$use$semihosting                      0x000019a1   Thumb Code     0  use_no_semi.o(.text)
    __use_no_semihosting_swi                 0x000019a1   Thumb Code     2  use_no_semi.o(.text)
    __semihosting_library_function           0x000019a3   Thumb Code     0  indicate_semi.o(.text)
    ADC_DisableInt                           0x000019a5   Thumb Code    82  adc.o(i.ADC_DisableInt)
    ADC_EnableInt                            0x00001a01   Thumb Code   124  adc.o(i.ADC_EnableInt)
    ADC_EnableMICBias                        0x00001a85   Thumb Code    14  adc.o(i.ADC_EnableMICBias)
    ADC_GetIntFlag                           0x00001a99   Thumb Code    60  adc.o(i.ADC_GetIntFlag)
    ADC_Init                                 0x00001add   Thumb Code   188  main.o(i.ADC_Init)
    ADC_Open                                 0x00001bb1   Thumb Code     2  adc.o(i.ADC_Open)
    ADC_SetAMUX                              0x00001bb5   Thumb Code    86  adc.o(i.ADC_SetAMUX)
    ADC_SetGPIOChannel                       0x00001c15   Thumb Code    34  adc.o(i.ADC_SetGPIOChannel)
    ADC_SetPGAGaindB                         0x00001c41   Thumb Code    52  adc.o(i.ADC_SetPGAGaindB)
    ADC_SingleModeTest                       0x00001c81   Thumb Code    68  main.o(i.ADC_SingleModeTest)
    AccCalibrate                             0x00001cc9   Thumb Code    38  gauss_newton_calibrate.o(i.AccCalibrate)
    AccCalibrationZ                          0x00001cf9   Thumb Code    66  mpu6050_api.o(i.AccCalibrationZ)
    AccFilterInit                            0x00001d41   Thumb Code    58  accfilter.o(i.AccFilterInit)
    AccZCalibrate                            0x00001d91   Thumb Code   138  gauss_newton_calibrate.o(i.AccZCalibrate)
    CLK_EnableModuleClock                    0x00001e31   Thumb Code    32  clk.o(i.CLK_EnableModuleClock)
    CLK_EnableXtalRC                         0x00001e55   Thumb Code    28  clk.o(i.CLK_EnableXtalRC)
    CLK_GetHCLKFreq                          0x00001e75   Thumb Code    12  clk.o(i.CLK_GetHCLKFreq)
    CLK_GetHIRCFreq                          0x00001e85   Thumb Code    18  clk.o(i.CLK_GetHIRCFreq)
    CLK_SetHCLK                              0x00001ea1   Thumb Code    66  clk.o(i.CLK_SetHCLK)
    CLK_SetModuleClock                       0x00001ee9   Thumb Code    94  clk.o(i.CLK_SetModuleClock)
    CalInfoInit                              0x00001f4d   Thumb Code    56  ahrslib.o(i.CalInfoInit)
    CheckEmpirical                           0x00001f8d   Thumb Code   416  gyrodriftcalibrate.o(i.CheckEmpirical)
    CheckGyroNormalParam                     0x00002135   Thumb Code    86  gyrodriftcalibrate.o(i.CheckGyroNormalParam)
    CheckMode                                0x0000218d   Thumb Code   136  gyrodriftcalibrate.o(i.CheckMode)
    CheckNormalDistribution                  0x0000221d   Thumb Code    52  gyrodriftcalibrate.o(i.CheckNormalDistribution)
    CheckSecurityID                          0x00002265   Thumb Code    48  security.o(i.CheckSecurityID)
    CheckStandardDV                          0x0000229d   Thumb Code    74  gyrodriftcalibrate.o(i.CheckStandardDV)
    ChronographStart                         0x000022ed   Thumb Code    22  timer_ctrl.o(i.ChronographStart)
    ComputeEuler                             0x0000230d   Thumb Code   488  sensorfusion6.o(i.ComputeEuler)
    ComputeMotion                            0x0000250d   Thumb Code   764  sensorfusion6.o(i.ComputeMotion)
    DelayMsec                                0x00002841   Thumb Code    24  timer_ctrl.o(i.DelayMsec)
    EINT0_IRQHandler                         0x00002859   Thumb Code    14  interrupthandler.o(i.EINT0_IRQHandler)
    EINT1_IRQHandler                         0x0000286d   Thumb Code    14  interrupthandler.o(i.EINT1_IRQHandler)
    FMCReadUCID                              0x00002881   Thumb Code    76  security.o(i.FMCReadUCID)
    FMC_Close                                0x000028d1   Thumb Code    14  fmc.o(i.FMC_Close)
    FMC_Open                                 0x000028e5   Thumb Code    14  fmc.o(i.FMC_Open)
    FilterACCInit                            0x000028f9   Thumb Code    38  acccalibrate.o(i.FilterACCInit)
    FilterCalibrateACC                       0x00002925   Thumb Code    70  accfilter.o(i.FilterCalibrateACC)
    GPAB_IRQHandler                          0x00002971   Thumb Code   140  interrupthandler.o(i.GPAB_IRQHandler)
    GPIO_EnableInt                           0x00002a15   Thumb Code    26  gpio.o(i.GPIO_EnableInt)
    GPIO_SetMode                             0x00002a2f   Thumb Code    46  gpio.o(i.GPIO_SetMode)
    GPIO_SetPinOutHigh                       0x00002a5d   Thumb Code    36  user_gpio.o(i.GPIO_SetPinOutHigh)
    GPIO_SetPinOutLow                        0x00002a81   Thumb Code    36  user_gpio.o(i.GPIO_SetPinOutLow)
    GetAHRSPeriod                            0x00002aa5   Thumb Code     6  ahrslib.o(i.GetAHRSPeriod)
    GetCalibrateParams                       0x00002ab1   Thumb Code    20  gauss_newton_calibrate.o(i.GetCalibrateParams)
    GetGyroDynamicCenter                     0x00002acd   Thumb Code    20  gyrodriftcalibrate.o(i.GetGyroDynamicCenter)
    GetMagGuass                              0x00002ae5   Thumb Code     6  magcalibrate.o(i.GetMagGuass)
    GetTickCounter                           0x00002af1   Thumb Code     6  ahrslib.o(i.GetTickCounter)
    GyroCalibrate                            0x00002afd   Thumb Code    62  mpu6050_api.o(i.GyroCalibrate)
    GyroDynamicCalibrate                     0x00002b45   Thumb Code    62  gyrodriftcalibrate.o(i.GyroDynamicCalibrate)
    HDC1000_I2C_SingleRead                   0x00002b91   Thumb Code    94  hdc1000.o(i.HDC1000_I2C_SingleRead)
    HDC1000_I2C_SingleWrite                  0x00002c1d   Thumb Code    92  hdc1000.o(i.HDC1000_I2C_SingleWrite)
    I2C0_IRQHandler                          0x00002c9d   Thumb Code    48  i2c0int.o(i.I2C0_IRQHandler)
    I2C_ClearTimeoutFlag                     0x00002cd5   Thumb Code    10  i2c.o(i.I2C_ClearTimeoutFlag)
    I2C_EnableInt                            0x00002cdf   Thumb Code    10  i2c.o(i.I2C_EnableInt)
    I2C_MasterRx                             0x00002ce9   Thumb Code   286  i2c0int.o(i.I2C_MasterRx)
    I2C_MasterRx_var                         0x00002e25   Thumb Code   336  i2c0int.o(i.I2C_MasterRx_var)
    I2C_MasterTx                             0x00002f99   Thumb Code   202  i2c0int.o(i.I2C_MasterTx)
    I2C_MasterTx_var                         0x0000307d   Thumb Code   202  i2c0int.o(i.I2C_MasterTx_var)
    I2C_Open                                 0x00003161   Thumb Code    58  i2c.o(i.I2C_Open)
    I2C_SetSlaveAddr                         0x000031a1   Thumb Code    64  i2c.o(i.I2C_SetSlaveAddr)
    Init_AHRS                                0x000031e1   Thumb Code   100  mpu6050_api.o(i.Init_AHRS)
    Init_GPIO                                0x00003259   Thumb Code   200  user_gpio.o(i.Init_GPIO)
    Init_HDC1000                             0x00003325   Thumb Code    26  hdc1000.o(i.Init_HDC1000)
    Init_KEY                                 0x00003345   Thumb Code   160  main.o(i.Init_KEY)
    Init_LCD                                 0x000033ed   Thumb Code   172  ly096bg30.o(i.Init_LCD)
    Init_MPU6050                             0x00003499   Thumb Code    56  mpu6050.o(i.Init_MPU6050)
    MPU6050_I2C_SingleRead                   0x000034d5   Thumb Code    86  mpu6050.o(i.MPU6050_I2C_SingleRead)
    MPU6050_I2C_SingleWrite                  0x00003555   Thumb Code    82  mpu6050.o(i.MPU6050_I2C_SingleWrite)
    MultiwiiAccFilter                        0x000035cd   Thumb Code   204  accfilter.o(i.MultiwiiAccFilter)
    OLED_SingleWrite                         0x000037ad   Thumb Code    82  ly096bg30.o(i.OLED_SingleWrite)
    RawSmoothInput                           0x00003825   Thumb Code   100  ahrslib.o(i.RawSmoothInput)
    RawSmoothOutput                          0x00003891   Thumb Code   120  ahrslib.o(i.RawSmoothOutput)
    Read_HDC1000_Humidity                    0x00003911   Thumb Code    14  hdc1000.o(i.Read_HDC1000_Humidity)
    Read_HDC1000_Temperature                 0x0000391f   Thumb Code    14  hdc1000.o(i.Read_HDC1000_Temperature)
    Read_MPU6050_AccX                        0x0000392d   Thumb Code    24  mpu6050.o(i.Read_MPU6050_AccX)
    Read_MPU6050_AccY                        0x00003945   Thumb Code    24  mpu6050.o(i.Read_MPU6050_AccY)
    Read_MPU6050_AccZ                        0x0000395d   Thumb Code    24  mpu6050.o(i.Read_MPU6050_AccZ)
    Read_MPU6050_GyroX                       0x00003975   Thumb Code    24  mpu6050.o(i.Read_MPU6050_GyroX)
    Read_MPU6050_GyroY                       0x0000398d   Thumb Code    24  mpu6050.o(i.Read_MPU6050_GyroY)
    Read_MPU6050_GyroZ                       0x000039a5   Thumb Code    24  mpu6050.o(i.Read_MPU6050_GyroZ)
    SYS_Init                                 0x000039bd   Thumb Code   170  main.o(i.SYS_Init)
    SYS_Lock                                 0x00003a7d   Thumb Code    12  sys.o(i.SYS_Lock)
    SYS_LockReg                              0x00003a8d   Thumb Code     8  sys.o(i.SYS_LockReg)
    SYS_ResetModule                          0x00003a99   Thumb Code    48  sys.o(i.SYS_ResetModule)
    SYS_Unlock                               0x00003ac9   Thumb Code    44  sys.o(i.SYS_Unlock)
    SYS_UnlockReg                            0x00003af9   Thumb Code    26  sys.o(i.SYS_UnlockReg)
    SampleFilter                             0x00003b19   Thumb Code   392  acccalibrate.o(i.SampleFilter)
    SendChar                                 0x00003ca9   Thumb Code    12  retarget.o(i.SendChar)
    SendChar_ToUART                          0x00003cb5   Thumb Code    48  retarget.o(i.SendChar_ToUART)
    Send_Data                                0x00003ce9   Thumb Code   246  main.o(i.Send_Data)
    SensorStateInit                          0x00003e09   Thumb Code    48  ahrslib.o(i.SensorStateInit)
    SensorsDynamicCalibrate                  0x00003e41   Thumb Code    56  mpu6050_api.o(i.SensorsDynamicCalibrate)
    SetCalibrateACC                          0x00003e81   Thumb Code    58  acccalibrate.o(i.SetCalibrateACC)
    SetCalibrateGYRO                         0x00003ec9   Thumb Code    58  gyrocalibrate.o(i.SetCalibrateGYRO)
    SetMagGuass                              0x00003f11   Thumb Code    62  magcalibrate.o(i.SetMagGuass)
    SetZWithoutG_Base                        0x00003f59   Thumb Code     6  ahrslib.o(i.SetZWithoutG_Base)
    SetupSecurityID                          0x00003f65   Thumb Code    98  security.o(i.SetupSecurityID)
    SysTick_Handler                          0x00003fd9   Thumb Code   100  timer_ctrl.o(i.SysTick_Handler)
    SystemCoreClockUpdate                    0x00004051   Thumb Code    74  system_isd9100.o(i.SystemCoreClockUpdate)
    TIMER_Init                               0x000040b9   Thumb Code    20  timer_ctrl.o(i.TIMER_Init)
    TMR0_IRQHandler                          0x000040d1   Thumb Code   110  timer_ctrl.o(i.TMR0_IRQHandler)
    UART0_IRQHandler                         0x00004159   Thumb Code    56  main.o(i.UART0_IRQHandler)
    UART_Init                                0x000041a1   Thumb Code   104  main.o(i.UART_Init)
    UART_Open                                0x0000420d   Thumb Code    96  uart.o(i.UART_Open)
    UART_Read                                0x00004275   Thumb Code    36  uart.o(i.UART_Read)
    UART_Write_Wecan                         0x00004299   Thumb Code    54  main.o(i.UART_Write_Wecan)
    UpdateCalibrateInfoACC                   0x000042d1   Thumb Code    42  acccalibrate.o(i.UpdateCalibrateInfoACC)
    __ARM_common_ll_muluu                    0x00004305   Thumb Code    50  rred.o(i.__ARM_common_ll_muluu)
    __ARM_fpclassify                         0x00004339   Thumb Code    40  fpclassify.o(i.__ARM_fpclassify)
    __ieee754_rem_pio2                       0x00004365   Thumb Code   846  rred.o(i.__ieee754_rem_pio2)
    __kernel_cos                             0x00004705   Thumb Code   224  cos_i.o(i.__kernel_cos)
    __kernel_poly                            0x000047f9   Thumb Code   172  poly.o(i.__kernel_poly)
    __kernel_sin                             0x000048a5   Thumb Code   222  sin_i.o(i.__kernel_sin)
    __mathlib_dbl_underflow                  0x00004991   Thumb Code    14  dunder.o(i.__mathlib_dbl_underflow)
    _is_digit                                0x000049a5   Thumb Code    14  __printf_wp.o(i._is_digit)
    atan                                     0x000049b5   Thumb Code   474  atan.o(i.atan)
    atan2                                    0x00004bd5   Thumb Code   334  atan2.o(i.atan2)
    calibrate_model_acc                      0x00004d4d   Thumb Code   336  gauss_newton_calibrate.o(i.calibrate_model_acc)
    checkMagFail                             0x00004eb9   Thumb Code   164  sensorfusion6.o(i.checkMagFail)
    clear_LCD                                0x00004f61   Thumb Code    42  ly096bg30.o(i.clear_LCD)
    cos                                      0x00004f8d   Thumb Code   152  cos.o(i.cos)
    ferror                                   0x0000502d   Thumb Code     8  retarget.o(i.ferror)
    find_delta                               0x00005035   Thumb Code   266  gauss_newton_calibrate.o(i.find_delta)
    fputc                                    0x0000514d   Thumb Code    16  retarget.o(i.fputc)
    getTickCount                             0x0000515d   Thumb Code     6  timer_ctrl.o(i.getTickCount)
    main                                     0x0000519d   Thumb Code   908  main.o(i.main)
    nvtAHRSInit                              0x00005645   Thumb Code    40  ahrslib.o(i.nvtAHRSInit)
    nvtCalACCBufferFill                      0x00005671   Thumb Code   126  acccalibrate.o(i.nvtCalACCBufferFill)
    nvtCalACCInit                            0x00005701   Thumb Code    26  acccalibrate.o(i.nvtCalACCInit)
    nvtGetAccZWithoutGravity                 0x00005729   Thumb Code    78  ahrslib.o(i.nvtGetAccZWithoutGravity)
    nvtGetEulerRPY                           0x00005781   Thumb Code    30  ahrslib.o(i.nvtGetEulerRPY)
    nvtGetGyroOffset                         0x000057a9   Thumb Code    16  ahrslib.o(i.nvtGetGyroOffset)
    nvtGyroCenterCalibrate                   0x000057bd   Thumb Code    78  gyrocalibrate.o(i.nvtGyroCenterCalibrate)
    nvtInputSensorRawACC                     0x0000581d   Thumb Code    68  ahrslib.o(i.nvtInputSensorRawACC)
    nvtInputSensorRawGYRO                    0x0000586d   Thumb Code    76  ahrslib.o(i.nvtInputSensorRawGYRO)
    nvtMillisecondTick                       0x000058c5   Thumb Code    20  ahrslib.o(i.nvtMillisecondTick)
    nvtSetAccG_PER_LSB                       0x000058dd   Thumb Code     6  acccalibrate.o(i.nvtSetAccG_PER_LSB)
    nvtSetAccOffset                          0x000058e9   Thumb Code    16  ahrslib.o(i.nvtSetAccOffset)
    nvtSetAccScale                           0x000058fd   Thumb Code    16  ahrslib.o(i.nvtSetAccScale)
    nvtSetGYRODegPLSB                        0x00005911   Thumb Code     6  gyrocalibrate.o(i.nvtSetGYRODegPLSB)
    nvtSetGyroOffset                         0x0000591d   Thumb Code    16  ahrslib.o(i.nvtSetGyroOffset)
    nvtSetGyroScale                          0x00005931   Thumb Code    16  ahrslib.o(i.nvtSetGyroScale)
    nvtUpdateAHRS                            0x00005945   Thumb Code   182  ahrslib.o(i.nvtUpdateAHRS)
    oledWriteCommand                         0x00005a0d   Thumb Code    14  ly096bg30.o(i.oledWriteCommand)
    oledWriteData                            0x00005a1b   Thumb Code    14  ly096bg30.o(i.oledWriteData)
    oled_address                             0x00005a29   Thumb Code    42  ly096bg30.o(i.oled_address)
    print_C                                  0x00005a55   Thumb Code    72  ly096bg30.o(i.print_C)
    print_Line                               0x00005aa1   Thumb Code    36  ly096bg30.o(i.print_Line)
    pushBuffer                               0x00005ac5   Thumb Code    54  gyrodriftcalibrate.o(i.pushBuffer)
    quickSortIterative                       0x00005afb   Thumb Code   182  gyrodriftcalibrate.o(i.quickSortIterative)
    reset_calibration_matrices               0x00005bb1   Thumb Code    42  gauss_newton_calibrate.o(i.reset_calibration_matrices)
    sensfusion6GetAccZWithoutGravity         0x00005be5   Thumb Code    58  sensorfusion6.o(i.sensfusion6GetAccZWithoutGravity)
    sensfusion6GetEulerRPY                   0x00005c25   Thumb Code    20  sensorfusion6.o(i.sensfusion6GetEulerRPY)
    sensfusion6UpdateMagByEuler              0x00005c3d   Thumb Code   442  sensorfusion6.o(i.sensfusion6UpdateMagByEuler)
    sensfusion6UpdateQ                       0x00005e01   Thumb Code   984  sensorfusion6.o(i.sensfusion6UpdateQ)
    sensfusion9UpdateQ                       0x000061e9   Thumb Code  1600  sensorfusion6.o(i.sensfusion9UpdateQ)
    setup_system_tick                        0x0000682d   Thumb Code    64  timer_ctrl.o(i.setup_system_tick)
    sin                                      0x00006879   Thumb Code   156  sin.o(i.sin)
    sqrt                                     0x0000691d   Thumb Code    66  sqrt.o(i.sqrt)
    transfer                                 0x00006965   Thumb Code    24  main.o(i.transfer)
    update_calibration_matrices              0x00006981   Thumb Code   190  gauss_newton_calibrate.o(i.update_calibration_matrices)
    __aeabi_cdrcmple                         0x00006a4d   Thumb Code     0  drlef.o(x$fpl$drleqf)
    _drcmple                                 0x00006a4d   Thumb Code   100  drlef.o(x$fpl$drleqf)
    __aeabi_fadd                             0x00006ab5   Thumb Code     0  faddsub.o(x$fpl$fadd)
    _fadd                                    0x00006ab5   Thumb Code   134  faddsub.o(x$fpl$fadd)
    __aeabi_cfcmple                          0x00006b41   Thumb Code     0  flef.o(x$fpl$fleqf)
    _fcmple                                  0x00006b41   Thumb Code    78  flef.o(x$fpl$fleqf)
    __aeabi_fmul                             0x00006b95   Thumb Code     0  fmul.o(x$fpl$fmul)
    _fmul                                    0x00006b95   Thumb Code   172  fmul.o(x$fpl$fmul)
    __aeabi_cfrcmple                         0x00006c45   Thumb Code     0  frlef.o(x$fpl$frleqf)
    _frcmple                                 0x00006c45   Thumb Code    84  frlef.o(x$fpl$frleqf)
    __aeabi_frsub                            0x00006c9d   Thumb Code     0  faddsub.o(x$fpl$frsb)
    _frsb                                    0x00006c9d   Thumb Code    24  faddsub.o(x$fpl$frsb)
    __aeabi_fsub                             0x00006cb5   Thumb Code     0  faddsub.o(x$fpl$fsub)
    _fsub                                    0x00006cb5   Thumb Code   204  faddsub.o(x$fpl$fsub)
    __I$use$fp                               0x00006d84   Number         0  usenofp.o(x$fpl$usenofp)
    platform_gpio_pins                       0x00006d84   Data         168  user_gpio.o(.constdata)
    platform_pwm_peripherals                 0x00006e2c   Data          24  user_gpio.o(.constdata)
    __mathlib_zero                           0x00007000   Data           8  qnan.o(.constdata)
    Region$$Table$$Base                      0x000070f8   Number         0  anon$$obj.o(Region$$Table)
    Region$$Table$$Limit                     0x00007118   Number         0  anon$$obj.o(Region$$Table)
    SystemCoreClock                          0x20000000   Data           4  system_isd9100.o(.data)
    CyclesPerUs                              0x20000004   Data           4  system_isd9100.o(.data)
    gau32ClkSrcTbl                           0x20000008   Data          12  system_isd9100.o(.data)
    gau32HiRCSrcTbl                          0x20000014   Data           8  system_isd9100.o(.data)
    iEuler                                   0x2000001c   Data           6  main.o(.data)
    Text                                     0x20000022   Data          49  main.o(.data)
    Text_ACK                                 0x20000053   Data           4  main.o(.data)
    RX_buffer                                0x20000057   Data           4  main.o(.data)
    command                                  0x2000005b   Data           4  main.o(.data)
    Flag_report                              0x2000005f   Data           1  main.o(.data)
    DIS_Value                                0x20000060   Data           1  main.o(.data)
    KEY1_Flag                                0x20000061   Data           1  main.o(.data)
    KEY2_Flag                                0x20000062   Data           1  main.o(.data)
    KEY3_Flag                                0x20000063   Data           1  main.o(.data)
    LightValue                               0x20000064   Data           4  main.o(.data)
    GasValue                                 0x20000068   Data           4  main.o(.data)
    IRValue                                  0x2000006c   Data           4  main.o(.data)
    HUMITURESENSOR_Data                      0x20000070   Data           4  main.o(.data)
    g_u8DeviceAddr                           0x20000074   Data           1  i2c0int.o(.data)
    g_au8TxData                              0x20000075   Data           3  i2c0int.o(.data)
    g_u8RxData                               0x20000078   Data           1  i2c0int.o(.data)
    g_u8RxData1                              0x20000079   Data           1  i2c0int.o(.data)
    i2c_novalidack_timeout                   0x2000007a   Data           2  i2c0int.o(.data)
    i2c_unreachable_timeout                  0x2000007c   Data           2  i2c0int.o(.data)
    g_u8DataLen                              0x2000007e   Data           1  i2c0int.o(.data)
    g_u8EndFlag                              0x2000007f   Data           1  i2c0int.o(.data)
    s_I2C0HandlerFn                          0x20000080   Data           4  i2c0int.o(.data)
    __stdout                                 0x20000084   Data           4  retarget.o(.data)
    __stdin                                  0x20000088   Data           4  retarget.o(.data)
    Font8x16                                 0x2000008c   Data        1520  ly096bg30.o(.data)
    UPDATE_DT                                0x2000067c   Data           4  timer_ctrl.o(.data)
    tick_counter                             0x20000680   Data           4  timer_ctrl.o(.data)
    frame_counter                            0x20000684   Data           4  timer_ctrl.o(.data)
    GPABCallback_Counter                     0x20000688   Data           4  timer_ctrl.o(.data)
    u32Timer0Cnt                             0x2000068c   Data           4  timer_ctrl.o(.data)
    u32Timer1Cnt                             0x20000690   Data           4  timer_ctrl.o(.data)
    u32Timer2Cnt                             0x20000694   Data           4  timer_ctrl.o(.data)
    u32Timer3Cnt                             0x20000698   Data           4  timer_ctrl.o(.data)
    rawGYRO                                  0x200006a4   Data           6  mpu6050_api.o(.data)
    rawACC                                   0x200006aa   Data           6  mpu6050_api.o(.data)
    SensorInitState                          0x200006b0   Data           3  mpu6050_api.o(.data)
    SensorCalState                           0x200006b3   Data           3  mpu6050_api.o(.data)
    GyroX                                    0x200006b6   Data           2  mpu6050_api.o(.data)
    GyroY                                    0x200006b8   Data           2  mpu6050_api.o(.data)
    GyroZ                                    0x200006ba   Data           2  mpu6050_api.o(.data)
    period                                   0x200006bc   Data           1  ahrslib.o(.data)
    DIM                                      0x200006bd   Data           4  ahrslib.o(.data)
    ZWithoutG_Base                           0x200006c4   Data           4  ahrslib.o(.data)
    bufferFillFlag                           0x200006ce   Data           1  acccalibrate.o(.data)
    BufferIndexMag                           0x200006d0   Data           2  magcalibrate.o(.data)
    MagGuass                                 0x200006d4   Data           4  magcalibrate.o(.data)
    IC_LIST                                  0x200006dc   Data          16  security.o(.data)
    twoKp                                    0x200006fc   Data           4  sensorfusion6.o(.data)
    twoKi                                    0x20000700   Data           4  sensorfusion6.o(.data)
    integralFBx                              0x20000704   Data           4  sensorfusion6.o(.data)
    integralFBy                              0x20000708   Data           4  sensorfusion6.o(.data)
    integralFBz                              0x2000070c   Data           4  sensorfusion6.o(.data)
    gx                                       0x20000710   Data           4  sensorfusion6.o(.data)
    gy                                       0x20000714   Data           4  sensorfusion6.o(.data)
    gz                                       0x20000718   Data           4  sensorfusion6.o(.data)
    qx                                       0x2000071c   Data           4  sensorfusion6.o(.data)
    qy                                       0x20000720   Data           4  sensorfusion6.o(.data)
    qz                                       0x20000724   Data           4  sensorfusion6.o(.data)
    gx_deg                                   0x20000728   Data           4  sensorfusion6.o(.data)
    gy_deg                                   0x2000072c   Data           4  sensorfusion6.o(.data)
    gz_deg                                   0x20000730   Data           4  sensorfusion6.o(.data)
    ax                                       0x20000734   Data           4  sensorfusion6.o(.data)
    ay                                       0x20000738   Data           4  sensorfusion6.o(.data)
    az                                       0x2000073c   Data           4  sensorfusion6.o(.data)
    EulerR                                   0x20000740   Data           4  sensorfusion6.o(.data)
    EulerP                                   0x20000744   Data           4  sensorfusion6.o(.data)
    EulerY                                   0x20000748   Data           4  sensorfusion6.o(.data)
    EulerRd                                  0x2000074c   Data           4  sensorfusion6.o(.data)
    EulerPd                                  0x20000750   Data           4  sensorfusion6.o(.data)
    EulerYd                                  0x20000754   Data           4  sensorfusion6.o(.data)
    mx                                       0x20000758   Data           4  sensorfusion6.o(.data)
    my                                       0x2000075c   Data           4  sensorfusion6.o(.data)
    mz                                       0x20000760   Data           4  sensorfusion6.o(.data)
    mdx                                      0x20000764   Data           4  sensorfusion6.o(.data)
    mdy                                      0x20000768   Data           4  sensorfusion6.o(.data)
    mdz                                      0x2000076c   Data           4  sensorfusion6.o(.data)
    q0                                       0x20000770   Data           4  sensorfusion6.o(.data)
    q1                                       0x20000774   Data           4  sensorfusion6.o(.data)
    q2                                       0x20000778   Data           4  sensorfusion6.o(.data)
    q3                                       0x2000077c   Data           4  sensorfusion6.o(.data)
    acc_steady                               0x20000780   Data           4  sensorfusion6.o(.data)
    String                                   0x20000784   Data          16  main.o(.bss)
    Chronograph                              0x20000794   Data          48  timer_ctrl.o(.bss)
    GyroScale                                0x200007c4   Data          12  mpu6050_api.o(.bss)
    AccScale                                 0x200007d0   Data          12  mpu6050_api.o(.bss)
    GyroOffset                               0x200007dc   Data          12  mpu6050_api.o(.bss)
    AccOffset                                0x200007e8   Data          12  mpu6050_api.o(.bss)
    Sensor                                   0x200007f4   Data          18  mpu6050_api.o(.bss)
    CalInfo                                  0x20000808   Data         108  ahrslib.o(.bss)
    SensorState                              0x20000874   Data         560  ahrslib.o(.bss)
    TimeInfo                                 0x20000aa4   Data          16  ahrslib.o(.bss)
    AttitudeInfo                             0x20000ab4   Data         120  ahrslib.o(.bss)
    BufferRawACC                             0x20000b2c   Data         360  acccalibrate.o(.bss)
    BufferIndexACC                           0x20000c94   Data          12  acccalibrate.o(.bss)
    FilterACC                                0x20000ca0   Data          60  acccalibrate.o(.bss)
    HistogramValue                           0x2000134c   Data         512  gyrodriftcalibrate.o(.bss)
    HistogramCount                           0x2000154c   Data         512  gyrodriftcalibrate.o(.bss)
    vg                                       0x200019f8   Data          12  sensorfusion6.o(.bss)
    Ve                                       0x20001a04   Data          12  sensorfusion6.o(.bss)
    V0                                       0x20001a10   Data          12  sensorfusion6.o(.bss)
    Vdiff                                    0x20001a1c   Data          12  sensorfusion6.o(.bss)
    Alast                                    0x20001a28   Data          12  sensorfusion6.o(.bss)
    mag_norm                                 0x20001a34   Data          12  sensorfusion6.o(.bss)
    __libspace_start                         0x20001a40   Data          96  libspace.o(.bss)
    __temporary_stack_top$libspace           0x20001aa0   Data           0  libspace.o(.bss)



==============================================================================

Memory Map of the image

  Image Entry point : 0x00000181

  Load Region LR_1 (Base: 0x00000000, Size: 0x0000789c, Max: 0xffffffff, ABSOLUTE)

    Execution Region ER_RO (Base: 0x00000000, Size: 0x00007118, Max: 0xffffffff, ABSOLUTE)

    Base Addr    Size         Type   Attr      Idx    E Section Name        Object

    0x00000000   0x000000c0   Data   RO          119    RESET               startup_isd9100.o
    0x000000c0   0x00000008   Code   RO         2772  * !!!main             c_p.l(__main.o)
    0x000000c8   0x0000003c   Code   RO         3082    !!!scatter          c_p.l(__scatter.o)
    0x00000104   0x0000001a   Code   RO         3084    !!handler_copy      c_p.l(__scatter_copy.o)
    0x0000011e   0x00000002   PAD
    0x00000120   0x0000001c   Code   RO         3086    !!handler_zi        c_p.l(__scatter_zi.o)
    0x0000013c   0x00000002   Code   RO         2757    .ARM.Collect$$_printf_percent$$00000000  c_p.l(_printf_percent.o)
    0x0000013e   0x0000000a   Code   RO         2756    .ARM.Collect$$_printf_percent$$00000009  c_p.l(_printf_d.o)
    0x00000148   0x0000000a   Code   RO         2755    .ARM.Collect$$_printf_percent$$0000000C  c_p.l(_printf_x.o)
    0x00000152   0x00000004   Code   RO         2873    .ARM.Collect$$_printf_percent$$00000017  c_p.l(_printf_percent_end.o)
    0x00000156   0x00000002   Code   RO         2957    .ARM.Collect$$libinit$$00000000  c_p.l(libinit.o)
    0x00000158   0x00000004   Code   RO         2969    .ARM.Collect$$libinit$$00000001  c_p.l(libinit2.o)
    0x0000015c   0x00000000   Code   RO         2973    .ARM.Collect$$libinit$$00000008  c_p.l(libinit2.o)
    0x0000015c   0x00000000   Code   RO         2975    .ARM.Collect$$libinit$$0000000A  c_p.l(libinit2.o)
    0x0000015c   0x00000000   Code   RO         2977    .ARM.Collect$$libinit$$0000000C  c_p.l(libinit2.o)
    0x0000015c   0x00000000   Code   RO         2980    .ARM.Collect$$libinit$$0000000F  c_p.l(libinit2.o)
    0x0000015c   0x00000000   Code   RO         2982    .ARM.Collect$$libinit$$00000011  c_p.l(libinit2.o)
    0x0000015c   0x00000000   Code   RO         2984    .ARM.Collect$$libinit$$00000013  c_p.l(libinit2.o)
    0x0000015c   0x00000000   Code   RO         2986    .ARM.Collect$$libinit$$00000015  c_p.l(libinit2.o)
    0x0000015c   0x00000000   Code   RO         2988    .ARM.Collect$$libinit$$00000017  c_p.l(libinit2.o)
    0x0000015c   0x00000000   Code   RO         2990    .ARM.Collect$$libinit$$00000019  c_p.l(libinit2.o)
    0x0000015c   0x00000000   Code   RO         2992    .ARM.Collect$$libinit$$0000001B  c_p.l(libinit2.o)
    0x0000015c   0x00000000   Code   RO         2994    .ARM.Collect$$libinit$$0000001D  c_p.l(libinit2.o)
    0x0000015c   0x00000000   Code   RO         2996    .ARM.Collect$$libinit$$0000001F  c_p.l(libinit2.o)
    0x0000015c   0x00000000   Code   RO         2998    .ARM.Collect$$libinit$$00000021  c_p.l(libinit2.o)
    0x0000015c   0x00000000   Code   RO         3000    .ARM.Collect$$libinit$$00000023  c_p.l(libinit2.o)
    0x0000015c   0x00000000   Code   RO         3004    .ARM.Collect$$libinit$$0000002A  c_p.l(libinit2.o)
    0x0000015c   0x00000000   Code   RO         3006    .ARM.Collect$$libinit$$0000002C  c_p.l(libinit2.o)
    0x0000015c   0x00000000   Code   RO         3008    .ARM.Collect$$libinit$$0000002E  c_p.l(libinit2.o)
    0x0000015c   0x00000000   Code   RO         3010    .ARM.Collect$$libinit$$00000030  c_p.l(libinit2.o)
    0x0000015c   0x00000002   Code   RO         3011    .ARM.Collect$$libinit$$00000031  c_p.l(libinit2.o)
    0x0000015e   0x00000002   Code   RO         3040    .ARM.Collect$$libshutdown$$00000000  c_p.l(libshutdown.o)
    0x00000160   0x00000000   Code   RO         3067    .ARM.Collect$$libshutdown$$00000003  c_p.l(libshutdown2.o)
    0x00000160   0x00000000   Code   RO         3070    .ARM.Collect$$libshutdown$$00000006  c_p.l(libshutdown2.o)
    0x00000160   0x00000000   Code   RO         3073    .ARM.Collect$$libshutdown$$00000009  c_p.l(libshutdown2.o)
    0x00000160   0x00000000   Code   RO         3075    .ARM.Collect$$libshutdown$$0000000B  c_p.l(libshutdown2.o)
    0x00000160   0x00000000   Code   RO         3078    .ARM.Collect$$libshutdown$$0000000E  c_p.l(libshutdown2.o)
    0x00000160   0x00000002   Code   RO         3079    .ARM.Collect$$libshutdown$$0000000F  c_p.l(libshutdown2.o)
    0x00000162   0x00000000   Code   RO         2858    .ARM.Collect$$rtentry$$00000000  c_p.l(rtentry.o)
    0x00000162   0x00000000   Code   RO         2911    .ARM.Collect$$rtentry$$00000002  c_p.l(rtentry2.o)
    0x00000162   0x00000006   Code   RO         2923    .ARM.Collect$$rtentry$$00000004  c_p.l(rtentry4.o)
    0x00000168   0x00000000   Code   RO         2913    .ARM.Collect$$rtentry$$00000009  c_p.l(rtentry2.o)
    0x00000168   0x00000004   Code   RO         2914    .ARM.Collect$$rtentry$$0000000A  c_p.l(rtentry2.o)
    0x0000016c   0x00000000   Code   RO         2916    .ARM.Collect$$rtentry$$0000000C  c_p.l(rtentry2.o)
    0x0000016c   0x00000008   Code   RO         2917    .ARM.Collect$$rtentry$$0000000D  c_p.l(rtentry2.o)
    0x00000174   0x00000002   Code   RO         2961    .ARM.Collect$$rtexit$$00000000  c_p.l(rtexit.o)
    0x00000176   0x00000000   Code   RO         3015    .ARM.Collect$$rtexit$$00000002  c_p.l(rtexit2.o)
    0x00000176   0x00000004   Code   RO         3016    .ARM.Collect$$rtexit$$00000003  c_p.l(rtexit2.o)
    0x0000017a   0x00000006   Code   RO         3017    .ARM.Collect$$rtexit$$00000004  c_p.l(rtexit2.o)
    0x00000180   0x00000060   Code   RO          120  * .text               startup_isd9100.o
    0x000001e0   0x0000001c   Code   RO         2706    .text               c_p.l(noretval__2printf.o)
    0x000001fc   0x00000028   Code   RO         2708    .text               c_p.l(noretval__2sprintf.o)
    0x00000224   0x0000006c   Code   RO         2712    .text               c_p.l(_printf_dec.o)
    0x00000290   0x00000058   Code   RO         2717    .text               c_p.l(_printf_hex_int.o)
    0x000002e8   0x0000010e   Code   RO         2743    .text               c_p.l(__printf_wp.o)
    0x000003f6   0x00000002   PAD
    0x000003f8   0x00000044   Code   RO         2758    .text               c_p.l(strlen.o)
    0x0000043c   0x000000a0   Code   RO         2760    .text               c_p.l(strncmp.o)
    0x000004dc   0x000001e8   Code   RO         2766    .text               c_p.l(aeabi_sdivfast.o)
    0x000006c4   0x00000006   Code   RO         2770    .text               c_p.l(heapauxi.o)
    0x000006ca   0x00000002   PAD
    0x000006cc   0x0000007c   Code   RO         2774    .text               fz_ps.l(d2f.o)
    0x00000748   0x00000350   Code   RO         2776    .text               fz_ps.l(daddsub.o)
    0x00000a98   0x00000448   Code   RO         2778    .text               fz_ps.l(ddiv.o)
    0x00000ee0   0x0000006c   Code   RO         2781    .text               fz_ps.l(dfixi.o)
    0x00000f4c   0x00000058   Code   RO         2785    .text               fz_ps.l(dflti.o)
    0x00000fa4   0x00000268   Code   RO         2787    .text               fz_ps.l(dmul.o)
    0x0000120c   0x00000054   Code   RO         2791    .text               fz_ps.l(f2d.o)
    0x00001260   0x00000160   Code   RO         2799    .text               fz_ps.l(fdiv.o)
    0x000013c0   0x0000004c   Code   RO         2802    .text               fz_ps.l(ffixi.o)
    0x0000140c   0x00000030   Code   RO         2804    .text               fz_ps.l(ffixui.o)
    0x0000143c   0x0000005e   Code   RO         2806    .text               fz_ps.l(fflti.o)
    0x0000149a   0x00000002   PAD
    0x0000149c   0x00000044   Code   RO         2814    .text               fz_ps.l(fscalbn.o)
    0x000014e0   0x00000016   Code   RO         2863    .text               c_p.l(_rserrno.o)
    0x000014f6   0x000000b0   Code   RO         2865    .text               c_p.l(_printf_intcommon.o)
    0x000015a6   0x00000002   PAD
    0x000015a8   0x00000030   Code   RO         2867    .text               c_p.l(_printf_char_common.o)
    0x000015d8   0x0000000a   Code   RO         2869    .text               c_p.l(_sputc.o)
    0x000015e2   0x00000002   PAD
    0x000015e4   0x00000028   Code   RO         2871    .text               c_p.l(_printf_char_file.o)
    0x0000160c   0x00000028   Code   RO         2874    .text               c_p.l(rtudiv10.o)
    0x00001634   0x00000090   Code   RO         2876    .text               fz_ps.l(dcmpin.o)
    0x000016c4   0x0000005c   Code   RO         2880    .text               fz_ps.l(dscalbn.o)
    0x00001720   0x00000104   Code   RO         2882    .text               fz_ps.l(dsqrt.o)
    0x00001824   0x00000064   Code   RO         2884    .text               fz_ps.l(fcmpin.o)
    0x00001888   0x00000008   Code   RO         2930    .text               c_p.l(rt_errno_addr_intlibspace.o)
    0x00001890   0x00000030   Code   RO         2934    .text               fz_ps.l(cmpret.o)
    0x000018c0   0x00000014   Code   RO         2936    .text               fz_ps.l(dnan2.o)
    0x000018d4   0x00000010   Code   RO         2938    .text               fz_ps.l(fnan2.o)
    0x000018e4   0x00000008   Code   RO         2940    .text               c_p.l(libspace.o)
    0x000018ec   0x0000003e   Code   RO         2943    .text               c_p.l(sys_stackheap_outer.o)
    0x0000192a   0x0000000c   Code   RO         2946    .text               c_p.l(exit.o)
    0x00001936   0x0000005e   Code   RO         2958    .text               fz_ps.l(retnan.o)
    0x00001994   0x0000000c   Code   RO         3012    .text               c_p.l(sys_exit.o)
    0x000019a0   0x00000002   Code   RO         3029    .text               c_p.l(use_no_semi.o)
    0x000019a2   0x00000000   Code   RO         3031    .text               c_p.l(indicate_semi.o)
    0x000019a2   0x00000002   PAD
    0x000019a4   0x0000005c   Code   RO         1098    i.ADC_DisableInt    adc.o
    0x00001a00   0x00000084   Code   RO         1100    i.ADC_EnableInt     adc.o
    0x00001a84   0x00000014   Code   RO         1101    i.ADC_EnableMICBias  adc.o
    0x00001a98   0x00000044   Code   RO         1102    i.ADC_GetIntFlag    adc.o
    0x00001adc   0x000000d4   Code   RO          126    i.ADC_Init          main.o
    0x00001bb0   0x00000002   Code   RO         1105    i.ADC_Open          adc.o
    0x00001bb2   0x00000002   PAD
    0x00001bb4   0x00000060   Code   RO         1109    i.ADC_SetAMUX       adc.o
    0x00001c14   0x0000002c   Code   RO         1110    i.ADC_SetGPIOChannel  adc.o
    0x00001c40   0x00000040   Code   RO         1111    i.ADC_SetPGAGaindB  adc.o
    0x00001c80   0x00000048   Code   RO          127    i.ADC_SingleModeTest  main.o
    0x00001cc8   0x00000030   Code   RO         2601    i.AccCalibrate      AHRSLibISD9100.lib(gauss_newton_calibrate.o)
    0x00001cf8   0x00000048   Code   RO         2227    i.AccCalibrationZ   mpu6050_api.o
    0x00001d40   0x00000050   Code   RO         2551    i.AccFilterInit     AHRSLibISD9100.lib(accfilter.o)
    0x00001d90   0x000000a0   Code   RO         2602    i.AccZCalibrate     AHRSLibISD9100.lib(gauss_newton_calibrate.o)
    0x00001e30   0x00000024   Code   RO          409    i.CLK_EnableModuleClock  clk.o
    0x00001e54   0x00000020   Code   RO          410    i.CLK_EnableXtalRC  clk.o
    0x00001e74   0x00000010   Code   RO          411    i.CLK_GetHCLKFreq   clk.o
    0x00001e84   0x0000001c   Code   RO          412    i.CLK_GetHIRCFreq   clk.o
    0x00001ea0   0x00000048   Code   RO          414    i.CLK_SetHCLK       clk.o
    0x00001ee8   0x00000064   Code   RO          415    i.CLK_SetModuleClock  clk.o
    0x00001f4c   0x00000040   Code   RO         2377    i.CalInfoInit       AHRSLibISD9100.lib(ahrslib.o)
    0x00001f8c   0x000001a8   Code   RO         2563    i.CheckEmpirical    AHRSLibISD9100.lib(gyrodriftcalibrate.o)
    0x00002134   0x00000056   Code   RO         2564    i.CheckGyroNormalParam  AHRSLibISD9100.lib(gyrodriftcalibrate.o)
    0x0000218a   0x00000002   PAD
    0x0000218c   0x00000090   Code   RO         2567    i.CheckMode         AHRSLibISD9100.lib(gyrodriftcalibrate.o)
    0x0000221c   0x00000048   Code   RO         2568    i.CheckNormalDistribution  AHRSLibISD9100.lib(gyrodriftcalibrate.o)
    0x00002264   0x00000038   Code   RO         2537    i.CheckSecurityID   AHRSLibISD9100.lib(security.o)
    0x0000229c   0x00000050   Code   RO         2569    i.CheckStandardDV   AHRSLibISD9100.lib(gyrodriftcalibrate.o)
    0x000022ec   0x00000020   Code   RO         2087    i.ChronographStart  timer_ctrl.o
    0x0000230c   0x00000200   Code   RO         2651    i.ComputeEuler      AHRSLibISD9100.lib(sensorfusion6.o)
    0x0000250c   0x00000334   Code   RO         2652    i.ComputeMotion     AHRSLibISD9100.lib(sensorfusion6.o)
    0x00002840   0x00000018   Code   RO         2090    i.DelayMsec         timer_ctrl.o
    0x00002858   0x00000014   Code   RO          293    i.EINT0_IRQHandler  interrupthandler.o
    0x0000286c   0x00000014   Code   RO          294    i.EINT1_IRQHandler  interrupthandler.o
    0x00002880   0x00000050   Code   RO         2539    i.FMCReadUCID       AHRSLibISD9100.lib(security.o)
    0x000028d0   0x00000014   Code   RO         1206    i.FMC_Close         fmc.o
    0x000028e4   0x00000014   Code   RO         1213    i.FMC_Open          fmc.o
    0x000028f8   0x0000002c   Code   RO         2496    i.FilterACCInit     AHRSLibISD9100.lib(acccalibrate.o)
    0x00002924   0x0000004c   Code   RO         2552    i.FilterCalibrateACC  AHRSLibISD9100.lib(accfilter.o)
    0x00002970   0x000000a4   Code   RO          295    i.GPAB_IRQHandler   interrupthandler.o
    0x00002a14   0x0000001a   Code   RO          781    i.GPIO_EnableInt    gpio.o
    0x00002a2e   0x0000002e   Code   RO          782    i.GPIO_SetMode      gpio.o
    0x00002a5c   0x00000024   Code   RO         2341    i.GPIO_SetPinOutHigh  user_gpio.o
    0x00002a80   0x00000024   Code   RO         2342    i.GPIO_SetPinOutLow  user_gpio.o
    0x00002aa4   0x0000000c   Code   RO         2378    i.GetAHRSPeriod     AHRSLibISD9100.lib(ahrslib.o)
    0x00002ab0   0x0000001c   Code   RO         2605    i.GetCalibrateParams  AHRSLibISD9100.lib(gauss_newton_calibrate.o)
    0x00002acc   0x00000018   Code   RO         2570    i.GetGyroDynamicCenter  AHRSLibISD9100.lib(gyrodriftcalibrate.o)
    0x00002ae4   0x0000000c   Code   RO         2514    i.GetMagGuass       AHRSLibISD9100.lib(magcalibrate.o)
    0x00002af0   0x0000000c   Code   RO         2379    i.GetTickCounter    AHRSLibISD9100.lib(ahrslib.o)
    0x00002afc   0x00000048   Code   RO         2228    i.GyroCalibrate     mpu6050_api.o
    0x00002b44   0x0000004c   Code   RO         2571    i.GyroDynamicCalibrate  AHRSLibISD9100.lib(gyrodriftcalibrate.o)
    0x00002b90   0x0000008c   Code   RO         2269    i.HDC1000_I2C_SingleRead  hdc1000.o
    0x00002c1c   0x00000080   Code   RO         2270    i.HDC1000_I2C_SingleWrite  hdc1000.o
    0x00002c9c   0x00000038   Code   RO          350    i.I2C0_IRQHandler   i2c0int.o
    0x00002cd4   0x0000000a   Code   RO          986    i.I2C_ClearTimeoutFlag  i2c.o
    0x00002cde   0x0000000a   Code   RO          990    i.I2C_EnableInt     i2c.o
    0x00002ce8   0x0000013c   Code   RO          351    i.I2C_MasterRx      i2c0int.o
    0x00002e24   0x00000174   Code   RO          352    i.I2C_MasterRx_var  i2c0int.o
    0x00002f98   0x000000e4   Code   RO          353    i.I2C_MasterTx      i2c0int.o
    0x0000307c   0x000000e4   Code   RO          354    i.I2C_MasterTx_var  i2c0int.o
    0x00003160   0x00000040   Code   RO          996    i.I2C_Open          i2c.o
    0x000031a0   0x00000040   Code   RO          999    i.I2C_SetSlaveAddr  i2c.o
    0x000031e0   0x00000078   Code   RO         2229    i.Init_AHRS         mpu6050_api.o
    0x00003258   0x000000cc   Code   RO         2343    i.Init_GPIO         user_gpio.o
    0x00003324   0x00000020   Code   RO         2271    i.Init_HDC1000      hdc1000.o
    0x00003344   0x000000a8   Code   RO          128    i.Init_KEY          main.o
    0x000033ec   0x000000ac   Code   RO         1898    i.Init_LCD          ly096bg30.o
    0x00003498   0x0000003c   Code   RO         2007    i.Init_MPU6050      mpu6050.o
    0x000034d4   0x00000080   Code   RO         2008    i.MPU6050_I2C_SingleRead  mpu6050.o
    0x00003554   0x00000078   Code   RO         2009    i.MPU6050_I2C_SingleWrite  mpu6050.o
    0x000035cc   0x000000dc   Code   RO         2553    i.MultiwiiAccFilter  AHRSLibISD9100.lib(accfilter.o)
    0x000036a8   0x00000014   Code   RO          130    i.NVIC_EnableIRQ    main.o
    0x000036bc   0x00000078   Code   RO          131    i.NVIC_SetPriority  main.o
    0x00003734   0x00000078   Code   RO         2094    i.NVIC_SetPriority  timer_ctrl.o
    0x000037ac   0x00000078   Code   RO         1900    i.OLED_SingleWrite  ly096bg30.o
    0x00003824   0x0000006c   Code   RO         2380    i.RawSmoothInput    AHRSLibISD9100.lib(ahrslib.o)
    0x00003890   0x00000080   Code   RO         2381    i.RawSmoothOutput   AHRSLibISD9100.lib(ahrslib.o)
    0x00003910   0x0000000e   Code   RO         2274    i.Read_HDC1000_Humidity  hdc1000.o
    0x0000391e   0x0000000e   Code   RO         2276    i.Read_HDC1000_Temperature  hdc1000.o
    0x0000392c   0x00000018   Code   RO         2010    i.Read_MPU6050_AccX  mpu6050.o
    0x00003944   0x00000018   Code   RO         2011    i.Read_MPU6050_AccY  mpu6050.o
    0x0000395c   0x00000018   Code   RO         2012    i.Read_MPU6050_AccZ  mpu6050.o
    0x00003974   0x00000018   Code   RO         2013    i.Read_MPU6050_GyroX  mpu6050.o
    0x0000398c   0x00000018   Code   RO         2014    i.Read_MPU6050_GyroY  mpu6050.o
    0x000039a4   0x00000018   Code   RO         2015    i.Read_MPU6050_GyroZ  mpu6050.o
    0x000039bc   0x000000c0   Code   RO          132    i.SYS_Init          main.o
    0x00003a7c   0x00000010   Code   RO          629    i.SYS_Lock          sys.o
    0x00003a8c   0x0000000c   Code   RO          630    i.SYS_LockReg       sys.o
    0x00003a98   0x00000030   Code   RO          634    i.SYS_ResetModule   sys.o
    0x00003ac8   0x00000030   Code   RO          635    i.SYS_Unlock        sys.o
    0x00003af8   0x00000020   Code   RO          636    i.SYS_UnlockReg     sys.o
    0x00003b18   0x00000190   Code   RO         2497    i.SampleFilter      AHRSLibISD9100.lib(acccalibrate.o)
    0x00003ca8   0x0000000c   Code   RO          522    i.SendChar          retarget.o
    0x00003cb4   0x00000034   Code   RO          523    i.SendChar_ToUART   retarget.o
    0x00003ce8   0x00000120   Code   RO          133    i.Send_Data         main.o
    0x00003e08   0x00000038   Code   RO         2382    i.SensorStateInit   AHRSLibISD9100.lib(ahrslib.o)
    0x00003e40   0x00000040   Code   RO         2230    i.SensorsDynamicCalibrate  mpu6050_api.o
    0x00003e80   0x00000048   Code   RO         2498    i.SetCalibrateACC   AHRSLibISD9100.lib(acccalibrate.o)
    0x00003ec8   0x00000048   Code   RO         2479    i.SetCalibrateGYRO  AHRSLibISD9100.lib(gyrocalibrate.o)
    0x00003f10   0x00000048   Code   RO         2516    i.SetMagGuass       AHRSLibISD9100.lib(magcalibrate.o)
    0x00003f58   0x0000000c   Code   RO         2383    i.SetZWithoutG_Base  AHRSLibISD9100.lib(ahrslib.o)
    0x00003f64   0x00000074   Code   RO         2541    i.SetupSecurityID   AHRSLibISD9100.lib(security.o)
    0x00003fd8   0x00000078   Code   RO         2095    i.SysTick_Handler   timer_ctrl.o
    0x00004050   0x00000068   Code   RO            3    i.SystemCoreClockUpdate  system_isd9100.o
    0x000040b8   0x00000018   Code   RO         2096    i.TIMER_Init        timer_ctrl.o
    0x000040d0   0x00000088   Code   RO         2097    i.TMR0_IRQHandler   timer_ctrl.o
    0x00004158   0x00000048   Code   RO          134    i.UART0_IRQHandler  main.o
    0x000041a0   0x0000006c   Code   RO          135    i.UART_Init         main.o
    0x0000420c   0x00000068   Code   RO          710    i.UART_Open         uart.o
    0x00004274   0x00000024   Code   RO          711    i.UART_Read         uart.o
    0x00004298   0x00000036   Code   RO          136    i.UART_Write_Wecan  main.o
    0x000042ce   0x00000002   PAD
    0x000042d0   0x00000034   Code   RO         2499    i.UpdateCalibrateInfoACC  AHRSLibISD9100.lib(acccalibrate.o)
    0x00004304   0x00000032   Code   RO         2902    i.__ARM_common_ll_muluu  m_ps.l(rred.o)
    0x00004336   0x00000002   PAD
    0x00004338   0x0000002c   Code   RO         2892    i.__ARM_fpclassify  m_ps.l(fpclassify.o)
    0x00004364   0x000003a0   Code   RO         2897    i.__ieee754_rem_pio2  m_ps.l(rred.o)
    0x00004704   0x000000f4   Code   RO         2887    i.__kernel_cos      m_ps.l(cos_i.o)
    0x000047f8   0x000000ac   Code   RO         2894    i.__kernel_poly     m_ps.l(poly.o)
    0x000048a4   0x000000ec   Code   RO         2904    i.__kernel_sin      m_ps.l(sin_i.o)
    0x00004990   0x00000014   Code   RO         2890    i.__mathlib_dbl_underflow  m_ps.l(dunder.o)
    0x000049a4   0x0000000e   Code   RO         2745    i._is_digit         c_p.l(__printf_wp.o)
    0x000049b2   0x00000002   PAD
    0x000049b4   0x00000220   Code   RO         2817    i.atan              m_ps.l(atan.o)
    0x00004bd4   0x00000178   Code   RO         2827    i.atan2             m_ps.l(atan2.o)
    0x00004d4c   0x0000016c   Code   RO         2614    i.calibrate_model_acc  AHRSLibISD9100.lib(gauss_newton_calibrate.o)
    0x00004eb8   0x000000a8   Code   RO         2654    i.checkMagFail      AHRSLibISD9100.lib(sensorfusion6.o)
    0x00004f60   0x0000002a   Code   RO         1901    i.clear_LCD         ly096bg30.o
    0x00004f8a   0x00000002   PAD
    0x00004f8c   0x000000a0   Code   RO         2835    i.cos               m_ps.l(cos.o)
    0x0000502c   0x00000008   Code   RO          525    i.ferror            retarget.o
    0x00005034   0x00000118   Code   RO         2619    i.find_delta        AHRSLibISD9100.lib(gauss_newton_calibrate.o)
    0x0000514c   0x00000010   Code   RO          527    i.fputc             retarget.o
    0x0000515c   0x0000000c   Code   RO         2098    i.getTickCount      timer_ctrl.o
    0x00005168   0x00000034   Code   RO         2656    i.invSqrt           AHRSLibISD9100.lib(sensorfusion6.o)
    0x0000519c   0x000004a8   Code   RO          137    i.main              main.o
    0x00005644   0x0000002c   Code   RO         2388    i.nvtAHRSInit       AHRSLibISD9100.lib(ahrslib.o)
    0x00005670   0x00000090   Code   RO         2500    i.nvtCalACCBufferFill  AHRSLibISD9100.lib(acccalibrate.o)
    0x00005700   0x00000028   Code   RO         2501    i.nvtCalACCInit     AHRSLibISD9100.lib(acccalibrate.o)
    0x00005728   0x00000058   Code   RO         2391    i.nvtGetAccZWithoutGravity  AHRSLibISD9100.lib(ahrslib.o)
    0x00005780   0x00000028   Code   RO         2393    i.nvtGetEulerRPY    AHRSLibISD9100.lib(ahrslib.o)
    0x000057a8   0x00000014   Code   RO         2395    i.nvtGetGyroOffset  AHRSLibISD9100.lib(ahrslib.o)
    0x000057bc   0x00000060   Code   RO         2482    i.nvtGyroCenterCalibrate  AHRSLibISD9100.lib(gyrocalibrate.o)
    0x0000581c   0x00000050   Code   RO         2411    i.nvtInputSensorRawACC  AHRSLibISD9100.lib(ahrslib.o)
    0x0000586c   0x00000058   Code   RO         2413    i.nvtInputSensorRawGYRO  AHRSLibISD9100.lib(ahrslib.o)
    0x000058c4   0x00000018   Code   RO         2415    i.nvtMillisecondTick  AHRSLibISD9100.lib(ahrslib.o)
    0x000058dc   0x0000000c   Code   RO         2503    i.nvtSetAccG_PER_LSB  AHRSLibISD9100.lib(acccalibrate.o)
    0x000058e8   0x00000014   Code   RO         2417    i.nvtSetAccOffset   AHRSLibISD9100.lib(ahrslib.o)
    0x000058fc   0x00000014   Code   RO         2418    i.nvtSetAccScale    AHRSLibISD9100.lib(ahrslib.o)
    0x00005910   0x0000000c   Code   RO         2485    i.nvtSetGYRODegPLSB  AHRSLibISD9100.lib(gyrocalibrate.o)
    0x0000591c   0x00000014   Code   RO         2419    i.nvtSetGyroOffset  AHRSLibISD9100.lib(ahrslib.o)
    0x00005930   0x00000014   Code   RO         2420    i.nvtSetGyroScale   AHRSLibISD9100.lib(ahrslib.o)
    0x00005944   0x000000c8   Code   RO         2425    i.nvtUpdateAHRS     AHRSLibISD9100.lib(ahrslib.o)
    0x00005a0c   0x0000000e   Code   RO         1903    i.oledWriteCommand  ly096bg30.o
    0x00005a1a   0x0000000e   Code   RO         1904    i.oledWriteData     ly096bg30.o
    0x00005a28   0x0000002a   Code   RO         1905    i.oled_address      ly096bg30.o
    0x00005a52   0x00000002   PAD
    0x00005a54   0x0000004c   Code   RO         1906    i.print_C           ly096bg30.o
    0x00005aa0   0x00000024   Code   RO         1907    i.print_Line        ly096bg30.o
    0x00005ac4   0x00000036   Code   RO         2577    i.pushBuffer        AHRSLibISD9100.lib(gyrodriftcalibrate.o)
    0x00005afa   0x000000b6   Code   RO         2578    i.quickSortIterative  AHRSLibISD9100.lib(gyrodriftcalibrate.o)
    0x00005bb0   0x00000034   Code   RO         2620    i.reset_calibration_matrices  AHRSLibISD9100.lib(gauss_newton_calibrate.o)
    0x00005be4   0x00000040   Code   RO         2658    i.sensfusion6GetAccZWithoutGravity  AHRSLibISD9100.lib(sensorfusion6.o)
    0x00005c24   0x00000018   Code   RO         2659    i.sensfusion6GetEulerRPY  AHRSLibISD9100.lib(sensorfusion6.o)
    0x00005c3c   0x000001c4   Code   RO         2670    i.sensfusion6UpdateMagByEuler  AHRSLibISD9100.lib(sensorfusion6.o)
    0x00005e00   0x000003e8   Code   RO         2671    i.sensfusion6UpdateQ  AHRSLibISD9100.lib(sensorfusion6.o)
    0x000061e8   0x00000644   Code   RO         2672    i.sensfusion9UpdateQ  AHRSLibISD9100.lib(sensorfusion6.o)
    0x0000682c   0x0000004c   Code   RO         2102    i.setup_system_tick  timer_ctrl.o
    0x00006878   0x000000a4   Code   RO         2843    i.sin               m_ps.l(sin.o)
    0x0000691c   0x00000048   Code   RO         2851    i.sqrt              m_ps.l(sqrt.o)
    0x00006964   0x0000001c   Code   RO          138    i.transfer          main.o
    0x00006980   0x000000cc   Code   RO         2623    i.update_calibration_matrices  AHRSLibISD9100.lib(gauss_newton_calibrate.o)
    0x00006a4c   0x00000068   Code   RO         2789    x$fpl$drleqf        fz_ps.l(drlef.o)
    0x00006ab4   0x0000008c   Code   RO         2793    x$fpl$fadd          fz_ps.l(faddsub.o)
    0x00006b40   0x00000054   Code   RO         2808    x$fpl$fleqf         fz_ps.l(flef.o)
    0x00006b94   0x000000b0   Code   RO         2810    x$fpl$fmul          fz_ps.l(fmul.o)
    0x00006c44   0x00000058   Code   RO         2812    x$fpl$frleqf        fz_ps.l(frlef.o)
    0x00006c9c   0x00000018   Code   RO         2794    x$fpl$frsb          fz_ps.l(faddsub.o)
    0x00006cb4   0x000000d0   Code   RO         2795    x$fpl$fsub          fz_ps.l(faddsub.o)
    0x00006d84   0x00000000   Code   RO         2886    x$fpl$usenofp       fz_ps.l(usenofp.o)
    0x00006d84   0x000000c0   Data   RO         2344    .constdata          user_gpio.o
    0x00006e44   0x0000000c   Data   RO         2582    .constdata          AHRSLibISD9100.lib(gyrodriftcalibrate.o)
    0x00006e50   0x00000028   Data   RO         2718    .constdata          c_p.l(_printf_hex_int.o)
    0x00006e78   0x00000080   Data   RO         2779    .constdata          fz_ps.l(ddiv.o)
    0x00006ef8   0x00000040   Data   RO         2800    .constdata          fz_ps.l(fdiv.o)
    0x00006f38   0x00000098   Data   RO         2818    .constdata          m_ps.l(atan.o)
    0x00006fd0   0x00000030   Data   RO         2888    .constdata          m_ps.l(cos_i.o)
    0x00007000   0x00000008   Data   RO         2896    .constdata          m_ps.l(qnan.o)
    0x00007008   0x000000c8   Data   RO         2899    .constdata          m_ps.l(rred.o)
    0x000070d0   0x00000028   Data   RO         2905    .constdata          m_ps.l(sin_i.o)
    0x000070f8   0x00000020   Data   RO         3080    Region$$Table       anon$$obj.o


    Execution Region ER_RW (Base: 0x20000000, Size: 0x00000784, Max: 0xffffffff, ABSOLUTE)

    Base Addr    Size         Type   Attr      Idx    E Section Name        Object

    0x20000000   0x0000001c   Data   RW            5    .data               system_isd9100.o
    0x2000001c   0x00000058   Data   RW          140    .data               main.o
    0x20000074   0x00000010   Data   RW          355    .data               i2c0int.o
    0x20000084   0x00000008   Data   RW          530    .data               retarget.o
    0x2000008c   0x000005f0   Data   RW         1908    .data               ly096bg30.o
    0x2000067c   0x00000028   Data   RW         2104    .data               timer_ctrl.o
    0x200006a4   0x00000018   Data   RW         2232    .data               mpu6050_api.o
    0x200006bc   0x00000012   Data   RW         2427    .data               AHRSLibISD9100.lib(ahrslib.o)
    0x200006ce   0x00000001   Data   RW         2505    .data               AHRSLibISD9100.lib(acccalibrate.o)
    0x200006cf   0x00000001   PAD
    0x200006d0   0x00000008   Data   RW         2525    .data               AHRSLibISD9100.lib(magcalibrate.o)
    0x200006d8   0x00000014   Data   RW         2543    .data               AHRSLibISD9100.lib(security.o)
    0x200006ec   0x00000010   Data   RW         2557    .data               AHRSLibISD9100.lib(accfilter.o)
    0x200006fc   0x00000088   Data   RW         2674    .data               AHRSLibISD9100.lib(sensorfusion6.o)


    Execution Region ER_ZI (Base: 0x20000784, Size: 0x0000191c, Max: 0xffffffff, ABSOLUTE)

    Base Addr    Size         Type   Attr      Idx    E Section Name        Object

    0x20000784   0x00000010   Zero   RW          139    .bss                main.o
    0x20000794   0x00000030   Zero   RW         2103    .bss                timer_ctrl.o
    0x200007c4   0x00000042   Zero   RW         2231    .bss                mpu6050_api.o
    0x20000806   0x00000002   PAD
    0x20000808   0x00000324   Zero   RW         2426    .bss                AHRSLibISD9100.lib(ahrslib.o)
    0x20000b2c   0x000001b0   Zero   RW         2504    .bss                AHRSLibISD9100.lib(acccalibrate.o)
    0x20000cdc   0x0000001c   Zero   RW         2542    .bss                AHRSLibISD9100.lib(security.o)
    0x20000cf8   0x00000018   Zero   RW         2556    .bss                AHRSLibISD9100.lib(accfilter.o)
    0x20000d10   0x00000a3c   Zero   RW         2581    .bss                AHRSLibISD9100.lib(gyrodriftcalibrate.o)
    0x2000174c   0x00000294   Zero   RW         2625    .bss                AHRSLibISD9100.lib(gauss_newton_calibrate.o)
    0x200019e0   0x00000060   Zero   RW         2673    .bss                AHRSLibISD9100.lib(sensorfusion6.o)
    0x20001a40   0x00000060   Zero   RW         2941    .bss                c_p.l(libspace.o)
    0x20001aa0   0x00000200   Zero   RW          118    HEAP                startup_isd9100.o
    0x20001ca0   0x00000400   Zero   RW          117    STACK               startup_isd9100.o


==============================================================================

Image component sizes


      Code (inc. data)   RO Data    RW Data    ZI Data      Debug   Object Name

       518         64          0          0          0       4347   adc.o
       284         34          0          0          0       3462   clk.o
        40         12          0          0          0        887   fmc.o
        72          0          0          0          0       1584   gpio.o
       328         88          0          0          0       2661   hdc1000.o
       148          6          0          0          0       2613   i2c.o
      1200        126          0         16          0       4237   i2c0int.o
       204         36          0          0          0      96152   interrupthandler.o
       516         42          0       1520          0      99638   ly096bg30.o
      2526        424          0         88         16     109960   main.o
       452         84          0          0          0       4773   mpu6050.o
       328         44          0         24         66       4161   mpu6050_api.o
        88          4          0          8          0      98936   retarget.o
        96         46        192          0       1536        616   startup_isd9100.o
       156         18          0          0          0       2444   sys.o
       104         30          0         28          0     100641   system_isd9100.o
       544         88          0         40         48      12207   timer_ctrl.o
       140          8          0          0          0       1792   uart.o
       276          4        192          0          0       3187   user_gpio.o

    ----------------------------------------------------------------------
      8028       1158        416       1724       1668     554298   Object Totals
         0          0         32          0          0          0   (incl. Generated)
         8          0          0          0          2          0   (incl. Padding)

    ----------------------------------------------------------------------

      Code (inc. data)   RO Data    RW Data    ZI Data      Debug   Library Member Name

       764         76          0          1        432        488   acccalibrate.o
       376         44          0         16         24        228   accfilter.o
      1056        140          0         18        804       1268   ahrslib.o
      1136        106          0          0        660        528   gauss_newton_calibrate.o
       180         38          0          0          0        208   gyrocalibrate.o
      1142         60         12          0       2620        680   gyrodriftcalibrate.o
        84         16          0          8          0        132   magcalibrate.o
       252         30          0         20         28        232   security.o
      4696        158          0        136         96        724   sensorfusion6.o
         8          0          0          0          0         68   __main.o
       284          0          0          0          0        136   __printf_wp.o
        60          8          0          0          0          0   __scatter.o
        26          0          0          0          0          0   __scatter_copy.o
        28          0          0          0          0          0   __scatter_zi.o
        48          6          0          0          0         88   _printf_char_common.o
        40          6          0          0          0         72   _printf_char_file.o
        10          0          0          0          0          0   _printf_d.o
       108         18          0          0          0         76   _printf_dec.o
        88          4         40          0          0         72   _printf_hex_int.o
       176          0          0          0          0         84   _printf_intcommon.o
         2          0          0          0          0          0   _printf_percent.o
         4          0          0          0          0          0   _printf_percent_end.o
        10          0          0          0          0          0   _printf_x.o
        22          0          0          0          0         92   _rserrno.o
        10          0          0          0          0         60   _sputc.o
       488          0          0          0          0         92   aeabi_sdivfast.o
        12          0          0          0          0         64   exit.o
         6          0          0          0          0        136   heapauxi.o
         0          0          0          0          0          0   indicate_semi.o
         2          0          0          0          0          0   libinit.o
         6          0          0          0          0          0   libinit2.o
         2          0          0          0          0          0   libshutdown.o
         2          0          0          0          0          0   libshutdown2.o
         8          4          0          0         96         68   libspace.o
        28          6          0          0          0         84   noretval__2printf.o
        40          4          0          0          0         84   noretval__2sprintf.o
         8          4          0          0          0         68   rt_errno_addr_intlibspace.o
         0          0          0          0          0          0   rtentry.o
        12          0          0          0          0          0   rtentry2.o
         6          0          0          0          0          0   rtentry4.o
         2          0          0          0          0          0   rtexit.o
        10          0          0          0          0          0   rtexit2.o
        40          0          0          0          0         60   rtudiv10.o
        68          6          0          0          0         72   strlen.o
       160          6          0          0          0         76   strncmp.o
        12          4          0          0          0         60   sys_exit.o
        62          0          0          0          0         80   sys_stackheap_outer.o
         2          0          0          0          0         68   use_no_semi.o
        48          4          0          0          0         60   cmpret.o
       124          4          0          0          0         72   d2f.o
       848         20          0          0          0        228   daddsub.o
       144          4          0          0          0         76   dcmpin.o
      1096         26        128          0          0        116   ddiv.o
       108         10          0          0          0         72   dfixi.o
        88          0          0          0          0         92   dflti.o
       616         24          0          0          0         84   dmul.o
        20          6          0          0          0         68   dnan2.o
       104          4          0          0          0        104   drlef.o
        92         12          0          0          0         72   dscalbn.o
       260         10          0          0          0         76   dsqrt.o
        84          4          0          0          0         60   f2d.o
       372          8          0          0          0        240   faddsub.o
       100          4          0          0          0         68   fcmpin.o
       352          8         64          0          0         88   fdiv.o
        76          0          0          0          0         68   ffixi.o
        48          0          0          0          0         60   ffixui.o
        94          0          0          0          0         92   fflti.o
        84          4          0          0          0         76   flef.o
       176          4          0          0          0         80   fmul.o
        16          6          0          0          0         68   fnan2.o
        88          4          0          0          0         76   frlef.o
        68          4          0          0          0         68   fscalbn.o
        94          0          0          0          0         68   retnan.o
         0          0          0          0          0          0   usenofp.o
       544         70        152          0          0        112   atan.o
       376         42          0          0          0        144   atan2.o
       160          8          0          0          0        104   cos.o
       244         20         48          0          0         92   cos_i.o
        20          6          0          0          0         68   dunder.o
        44          4          0          0          0         60   fpclassify.o
       172          0          0          0          0         76   poly.o
         0          0          8          0          0          0   qnan.o
       978         82        200          0          0        200   rred.o
       164          8          0          0          0        104   sin.o
       236         14         40          0          0        100   sin_i.o
        72          6          0          0          0         76   sqrt.o

    ----------------------------------------------------------------------
     19816       1174        692        200       4760       9616   Library Totals
        20          0          0          1          0          0   (incl. Padding)

    ----------------------------------------------------------------------

      Code (inc. data)   RO Data    RW Data    ZI Data      Debug   Library Name

      9686        668         12        199       4664       4488   AHRSLibISD9100.lib
      1900         76         40          0         96       1760   c_p.l
      5200        170        192          0          0       2232   fz_ps.l
      3010        260        448          0          0       1136   m_ps.l

    ----------------------------------------------------------------------
     19816       1174        692        200       4760       9616   Library Totals

    ----------------------------------------------------------------------

==============================================================================


      Code (inc. data)   RO Data    RW Data    ZI Data      Debug   

     27844       2332       1108       1924       6428     554950   Grand Totals
     27844       2332       1108       1924       6428     554950   ELF Image Totals
     27844       2332       1108       1924          0          0   ROM Totals

==============================================================================

    Total RO  Size (Code + RO Data)                28952 (  28.27kB)
    Total RW  Size (RW Data + ZI Data)              8352 (   8.16kB)
    Total ROM Size (Code + RO Data + RW Data)      30876 (  30.15kB)

==============================================================================

